###############################################################################
#
# IAR ELF Linker V8.40.2.214/W32 for ARM                  20/Nov/2023  00:34:38
# Copyright 2007-2019 IAR Systems AB.
#
#    Output file  =
#        D:\2.upwork\84.TigerShark\Code\TigerShark\EWARM\TigerShark_REV42\Exe\TigerShark_REV42.out
#    Map file     =
#        D:\2.upwork\84.TigerShark\Code\TigerShark\EWARM\TigerShark_REV42\List\TigerShark_REV42.map
#    Command line =
#        -f C:\Users\PC\AppData\Local\Temp\EW34E6.tmp
#        (D:\2.upwork\84.TigerShark\Code\TigerShark\EWARM\TigerShark_REV42\Obj\adc.o
#        D:\2.upwork\84.TigerShark\Code\TigerShark\EWARM\TigerShark_REV42\Obj\adc_process.o
#        D:\2.upwork\84.TigerShark\Code\TigerShark\EWARM\TigerShark_REV42\Obj\bmx160.o
#        D:\2.upwork\84.TigerShark\Code\TigerShark\EWARM\TigerShark_REV42\Obj\button_process.o
#        D:\2.upwork\84.TigerShark\Code\TigerShark\EWARM\TigerShark_REV42\Obj\can.o
#        D:\2.upwork\84.TigerShark\Code\TigerShark\EWARM\TigerShark_REV42\Obj\compass.o
#        D:\2.upwork\84.TigerShark\Code\TigerShark\EWARM\TigerShark_REV42\Obj\crc16.o
#        D:\2.upwork\84.TigerShark\Code\TigerShark\EWARM\TigerShark_REV42\Obj\deco.o
#        D:\2.upwork\84.TigerShark\Code\TigerShark\EWARM\TigerShark_REV42\Obj\DFRobot_BMX160.o
#        D:\2.upwork\84.TigerShark\Code\TigerShark\EWARM\TigerShark_REV42\Obj\diva_process.o
#        D:\2.upwork\84.TigerShark\Code\TigerShark\EWARM\TigerShark_REV42\Obj\dma.o
#        D:\2.upwork\84.TigerShark\Code\TigerShark\EWARM\TigerShark_REV42\Obj\flash_process.o
#        D:\2.upwork\84.TigerShark\Code\TigerShark\EWARM\TigerShark_REV42\Obj\fmc.o
#        D:\2.upwork\84.TigerShark\Code\TigerShark\EWARM\TigerShark_REV42\Obj\fn3161h.o
#        D:\2.upwork\84.TigerShark\Code\TigerShark\EWARM\TigerShark_REV42\Obj\FusionAhrs.o
#        D:\2.upwork\84.TigerShark\Code\TigerShark\EWARM\TigerShark_REV42\Obj\FusionCompass.o
#        D:\2.upwork\84.TigerShark\Code\TigerShark\EWARM\TigerShark_REV42\Obj\FusionOffset.o
#        D:\2.upwork\84.TigerShark\Code\TigerShark\EWARM\TigerShark_REV42\Obj\gpio.o
#        D:\2.upwork\84.TigerShark\Code\TigerShark\EWARM\TigerShark_REV42\Obj\i2c.o
#        D:\2.upwork\84.TigerShark\Code\TigerShark\EWARM\TigerShark_REV42\Obj\lcd_ex.o
#        D:\2.upwork\84.TigerShark\Code\TigerShark\EWARM\TigerShark_REV42\Obj\lv_anim.o
#        D:\2.upwork\84.TigerShark\Code\TigerShark\EWARM\TigerShark_REV42\Obj\lv_anim_timeline.o
#        D:\2.upwork\84.TigerShark\Code\TigerShark\EWARM\TigerShark_REV42\Obj\lv_arc.o
#        D:\2.upwork\84.TigerShark\Code\TigerShark\EWARM\TigerShark_REV42\Obj\lv_area.o
#        D:\2.upwork\84.TigerShark\Code\TigerShark\EWARM\TigerShark_REV42\Obj\lv_async.o
#        D:\2.upwork\84.TigerShark\Code\TigerShark\EWARM\TigerShark_REV42\Obj\lv_bar.o
#        D:\2.upwork\84.TigerShark\Code\TigerShark\EWARM\TigerShark_REV42\Obj\lv_bidi.o
#        D:\2.upwork\84.TigerShark\Code\TigerShark\EWARM\TigerShark_REV42\Obj\lv_btn.o
#        D:\2.upwork\84.TigerShark\Code\TigerShark\EWARM\TigerShark_REV42\Obj\lv_btnmatrix.o
#        D:\2.upwork\84.TigerShark\Code\TigerShark\EWARM\TigerShark_REV42\Obj\lv_canvas.o
#        D:\2.upwork\84.TigerShark\Code\TigerShark\EWARM\TigerShark_REV42\Obj\lv_checkbox.o
#        D:\2.upwork\84.TigerShark\Code\TigerShark\EWARM\TigerShark_REV42\Obj\lv_color.o
#        D:\2.upwork\84.TigerShark\Code\TigerShark\EWARM\TigerShark_REV42\Obj\lv_disp.o
#        D:\2.upwork\84.TigerShark\Code\TigerShark\EWARM\TigerShark_REV42\Obj\lv_draw.o
#        D:\2.upwork\84.TigerShark\Code\TigerShark\EWARM\TigerShark_REV42\Obj\lv_draw_arc.o
#        D:\2.upwork\84.TigerShark\Code\TigerShark\EWARM\TigerShark_REV42\Obj\lv_draw_img.o
#        D:\2.upwork\84.TigerShark\Code\TigerShark\EWARM\TigerShark_REV42\Obj\lv_draw_label.o
#        D:\2.upwork\84.TigerShark\Code\TigerShark\EWARM\TigerShark_REV42\Obj\lv_draw_layer.o
#        D:\2.upwork\84.TigerShark\Code\TigerShark\EWARM\TigerShark_REV42\Obj\lv_draw_line.o
#        D:\2.upwork\84.TigerShark\Code\TigerShark\EWARM\TigerShark_REV42\Obj\lv_draw_mask.o
#        D:\2.upwork\84.TigerShark\Code\TigerShark\EWARM\TigerShark_REV42\Obj\lv_draw_rect.o
#        D:\2.upwork\84.TigerShark\Code\TigerShark\EWARM\TigerShark_REV42\Obj\lv_draw_sdl.o
#        D:\2.upwork\84.TigerShark\Code\TigerShark\EWARM\TigerShark_REV42\Obj\lv_draw_sdl_arc.o
#        D:\2.upwork\84.TigerShark\Code\TigerShark\EWARM\TigerShark_REV42\Obj\lv_draw_sdl_bg.o
#        D:\2.upwork\84.TigerShark\Code\TigerShark\EWARM\TigerShark_REV42\Obj\lv_draw_sdl_composite.o
#        D:\2.upwork\84.TigerShark\Code\TigerShark\EWARM\TigerShark_REV42\Obj\lv_draw_sdl_img.o
#        D:\2.upwork\84.TigerShark\Code\TigerShark\EWARM\TigerShark_REV42\Obj\lv_draw_sdl_label.o
#        D:\2.upwork\84.TigerShark\Code\TigerShark\EWARM\TigerShark_REV42\Obj\lv_draw_sdl_line.o
#        D:\2.upwork\84.TigerShark\Code\TigerShark\EWARM\TigerShark_REV42\Obj\lv_draw_sdl_mask.o
#        D:\2.upwork\84.TigerShark\Code\TigerShark\EWARM\TigerShark_REV42\Obj\lv_draw_sdl_polygon.o
#        D:\2.upwork\84.TigerShark\Code\TigerShark\EWARM\TigerShark_REV42\Obj\lv_draw_sdl_rect.o
#        D:\2.upwork\84.TigerShark\Code\TigerShark\EWARM\TigerShark_REV42\Obj\lv_draw_sdl_stack_blur.o
#        D:\2.upwork\84.TigerShark\Code\TigerShark\EWARM\TigerShark_REV42\Obj\lv_draw_sdl_texture_cache.o
#        D:\2.upwork\84.TigerShark\Code\TigerShark\EWARM\TigerShark_REV42\Obj\lv_draw_sdl_utils.o
#        D:\2.upwork\84.TigerShark\Code\TigerShark\EWARM\TigerShark_REV42\Obj\lv_draw_sw.o
#        D:\2.upwork\84.TigerShark\Code\TigerShark\EWARM\TigerShark_REV42\Obj\lv_draw_sw_arc.o
#        D:\2.upwork\84.TigerShark\Code\TigerShark\EWARM\TigerShark_REV42\Obj\lv_draw_sw_blend.o
#        D:\2.upwork\84.TigerShark\Code\TigerShark\EWARM\TigerShark_REV42\Obj\lv_draw_sw_dither.o
#        D:\2.upwork\84.TigerShark\Code\TigerShark\EWARM\TigerShark_REV42\Obj\lv_draw_sw_gradient.o
#        D:\2.upwork\84.TigerShark\Code\TigerShark\EWARM\TigerShark_REV42\Obj\lv_draw_sw_img.o
#        D:\2.upwork\84.TigerShark\Code\TigerShark\EWARM\TigerShark_REV42\Obj\lv_draw_sw_layer.o
#        D:\2.upwork\84.TigerShark\Code\TigerShark\EWARM\TigerShark_REV42\Obj\lv_draw_sw_letter.o
#        D:\2.upwork\84.TigerShark\Code\TigerShark\EWARM\TigerShark_REV42\Obj\lv_draw_sw_line.o
#        D:\2.upwork\84.TigerShark\Code\TigerShark\EWARM\TigerShark_REV42\Obj\lv_draw_sw_polygon.o
#        D:\2.upwork\84.TigerShark\Code\TigerShark\EWARM\TigerShark_REV42\Obj\lv_draw_sw_rect.o
#        D:\2.upwork\84.TigerShark\Code\TigerShark\EWARM\TigerShark_REV42\Obj\lv_draw_sw_transform.o
#        D:\2.upwork\84.TigerShark\Code\TigerShark\EWARM\TigerShark_REV42\Obj\lv_draw_transform.o
#        D:\2.upwork\84.TigerShark\Code\TigerShark\EWARM\TigerShark_REV42\Obj\lv_draw_triangle.o
#        D:\2.upwork\84.TigerShark\Code\TigerShark\EWARM\TigerShark_REV42\Obj\lv_dropdown.o
#        D:\2.upwork\84.TigerShark\Code\TigerShark\EWARM\TigerShark_REV42\Obj\lv_event.o
#        D:\2.upwork\84.TigerShark\Code\TigerShark\EWARM\TigerShark_REV42\Obj\lv_extra.o
#        D:\2.upwork\84.TigerShark\Code\TigerShark\EWARM\TigerShark_REV42\Obj\lv_font.o
#        D:\2.upwork\84.TigerShark\Code\TigerShark\EWARM\TigerShark_REV42\Obj\lv_font_dejavu_16_persian_hebrew.o
#        D:\2.upwork\84.TigerShark\Code\TigerShark\EWARM\TigerShark_REV42\Obj\lv_font_fmt_txt.o
#        D:\2.upwork\84.TigerShark\Code\TigerShark\EWARM\TigerShark_REV42\Obj\lv_font_loader.o
#        D:\2.upwork\84.TigerShark\Code\TigerShark\EWARM\TigerShark_REV42\Obj\lv_font_montserrat_10.o
#        D:\2.upwork\84.TigerShark\Code\TigerShark\EWARM\TigerShark_REV42\Obj\lv_font_montserrat_12.o
#        D:\2.upwork\84.TigerShark\Code\TigerShark\EWARM\TigerShark_REV42\Obj\lv_font_montserrat_12_subpx.o
#        D:\2.upwork\84.TigerShark\Code\TigerShark\EWARM\TigerShark_REV42\Obj\lv_font_montserrat_14.o
#        D:\2.upwork\84.TigerShark\Code\TigerShark\EWARM\TigerShark_REV42\Obj\lv_font_montserrat_16.o
#        D:\2.upwork\84.TigerShark\Code\TigerShark\EWARM\TigerShark_REV42\Obj\lv_font_montserrat_18.o
#        D:\2.upwork\84.TigerShark\Code\TigerShark\EWARM\TigerShark_REV42\Obj\lv_font_montserrat_20.o
#        D:\2.upwork\84.TigerShark\Code\TigerShark\EWARM\TigerShark_REV42\Obj\lv_font_montserrat_22.o
#        D:\2.upwork\84.TigerShark\Code\TigerShark\EWARM\TigerShark_REV42\Obj\lv_font_montserrat_24.o
#        D:\2.upwork\84.TigerShark\Code\TigerShark\EWARM\TigerShark_REV42\Obj\lv_font_montserrat_26.o
#        D:\2.upwork\84.TigerShark\Code\TigerShark\EWARM\TigerShark_REV42\Obj\lv_font_montserrat_28.o
#        D:\2.upwork\84.TigerShark\Code\TigerShark\EWARM\TigerShark_REV42\Obj\lv_font_montserrat_28_compressed.o
#        D:\2.upwork\84.TigerShark\Code\TigerShark\EWARM\TigerShark_REV42\Obj\lv_font_montserrat_30.o
#        D:\2.upwork\84.TigerShark\Code\TigerShark\EWARM\TigerShark_REV42\Obj\lv_font_montserrat_32.o
#        D:\2.upwork\84.TigerShark\Code\TigerShark\EWARM\TigerShark_REV42\Obj\lv_font_montserrat_34.o
#        D:\2.upwork\84.TigerShark\Code\TigerShark\EWARM\TigerShark_REV42\Obj\lv_font_montserrat_36.o
#        D:\2.upwork\84.TigerShark\Code\TigerShark\EWARM\TigerShark_REV42\Obj\lv_font_montserrat_38.o
#        D:\2.upwork\84.TigerShark\Code\TigerShark\EWARM\TigerShark_REV42\Obj\lv_font_montserrat_40.o
#        D:\2.upwork\84.TigerShark\Code\TigerShark\EWARM\TigerShark_REV42\Obj\lv_font_montserrat_42.o
#        D:\2.upwork\84.TigerShark\Code\TigerShark\EWARM\TigerShark_REV42\Obj\lv_font_montserrat_44.o
#        D:\2.upwork\84.TigerShark\Code\TigerShark\EWARM\TigerShark_REV42\Obj\lv_font_montserrat_46.o
#        D:\2.upwork\84.TigerShark\Code\TigerShark\EWARM\TigerShark_REV42\Obj\lv_font_montserrat_48.o
#        D:\2.upwork\84.TigerShark\Code\TigerShark\EWARM\TigerShark_REV42\Obj\lv_font_montserrat_8.o
#        D:\2.upwork\84.TigerShark\Code\TigerShark\EWARM\TigerShark_REV42\Obj\lv_font_simsun_16_cjk.o
#        D:\2.upwork\84.TigerShark\Code\TigerShark\EWARM\TigerShark_REV42\Obj\lv_font_unscii_16.o
#        D:\2.upwork\84.TigerShark\Code\TigerShark\EWARM\TigerShark_REV42\Obj\lv_font_unscii_8.o
#        D:\2.upwork\84.TigerShark\Code\TigerShark\EWARM\TigerShark_REV42\Obj\lv_fs.o
#        D:\2.upwork\84.TigerShark\Code\TigerShark\EWARM\TigerShark_REV42\Obj\lv_gc.o
#        D:\2.upwork\84.TigerShark\Code\TigerShark\EWARM\TigerShark_REV42\Obj\lv_gpu_stm32_dma2d.o
#        D:\2.upwork\84.TigerShark\Code\TigerShark\EWARM\TigerShark_REV42\Obj\lv_group.o
#        D:\2.upwork\84.TigerShark\Code\TigerShark\EWARM\TigerShark_REV42\Obj\lv_hal_disp.o
#        D:\2.upwork\84.TigerShark\Code\TigerShark\EWARM\TigerShark_REV42\Obj\lv_hal_indev.o
#        D:\2.upwork\84.TigerShark\Code\TigerShark\EWARM\TigerShark_REV42\Obj\lv_hal_tick.o
#        D:\2.upwork\84.TigerShark\Code\TigerShark\EWARM\TigerShark_REV42\Obj\lv_img.o
#        D:\2.upwork\84.TigerShark\Code\TigerShark\EWARM\TigerShark_REV42\Obj\lv_img_buf.o
#        D:\2.upwork\84.TigerShark\Code\TigerShark\EWARM\TigerShark_REV42\Obj\lv_img_cache.o
#        D:\2.upwork\84.TigerShark\Code\TigerShark\EWARM\TigerShark_REV42\Obj\lv_img_decoder.o
#        D:\2.upwork\84.TigerShark\Code\TigerShark\EWARM\TigerShark_REV42\Obj\lv_indev.o
#        D:\2.upwork\84.TigerShark\Code\TigerShark\EWARM\TigerShark_REV42\Obj\lv_indev_scroll.o
#        D:\2.upwork\84.TigerShark\Code\TigerShark\EWARM\TigerShark_REV42\Obj\lv_label.o
#        D:\2.upwork\84.TigerShark\Code\TigerShark\EWARM\TigerShark_REV42\Obj\lv_line.o
#        D:\2.upwork\84.TigerShark\Code\TigerShark\EWARM\TigerShark_REV42\Obj\lv_ll.o
#        D:\2.upwork\84.TigerShark\Code\TigerShark\EWARM\TigerShark_REV42\Obj\lv_log.o
#        D:\2.upwork\84.TigerShark\Code\TigerShark\EWARM\TigerShark_REV42\Obj\lv_lru.o
#        D:\2.upwork\84.TigerShark\Code\TigerShark\EWARM\TigerShark_REV42\Obj\lv_math.o
#        D:\2.upwork\84.TigerShark\Code\TigerShark\EWARM\TigerShark_REV42\Obj\lv_mem.o
#        D:\2.upwork\84.TigerShark\Code\TigerShark\EWARM\TigerShark_REV42\Obj\lv_obj.o
#        D:\2.upwork\84.TigerShark\Code\TigerShark\EWARM\TigerShark_REV42\Obj\lv_obj_class.o
#        D:\2.upwork\84.TigerShark\Code\TigerShark\EWARM\TigerShark_REV42\Obj\lv_obj_draw.o
#        D:\2.upwork\84.TigerShark\Code\TigerShark\EWARM\TigerShark_REV42\Obj\lv_obj_pos.o
#        D:\2.upwork\84.TigerShark\Code\TigerShark\EWARM\TigerShark_REV42\Obj\lv_obj_scroll.o
#        D:\2.upwork\84.TigerShark\Code\TigerShark\EWARM\TigerShark_REV42\Obj\lv_obj_style.o
#        D:\2.upwork\84.TigerShark\Code\TigerShark\EWARM\TigerShark_REV42\Obj\lv_obj_style_gen.o
#        D:\2.upwork\84.TigerShark\Code\TigerShark\EWARM\TigerShark_REV42\Obj\lv_obj_tree.o
#        D:\2.upwork\84.TigerShark\Code\TigerShark\EWARM\TigerShark_REV42\Obj\lv_objx_templ.o
#        D:\2.upwork\84.TigerShark\Code\TigerShark\EWARM\TigerShark_REV42\Obj\lv_port_disp_template.o
#        D:\2.upwork\84.TigerShark\Code\TigerShark\EWARM\TigerShark_REV42\Obj\lv_printf.o
#        D:\2.upwork\84.TigerShark\Code\TigerShark\EWARM\TigerShark_REV42\Obj\lv_refr.o
#        D:\2.upwork\84.TigerShark\Code\TigerShark\EWARM\TigerShark_REV42\Obj\lv_roller.o
#        D:\2.upwork\84.TigerShark\Code\TigerShark\EWARM\TigerShark_REV42\Obj\lv_slider.o
#        D:\2.upwork\84.TigerShark\Code\TigerShark\EWARM\TigerShark_REV42\Obj\lv_style.o
#        D:\2.upwork\84.TigerShark\Code\TigerShark\EWARM\TigerShark_REV42\Obj\lv_style_gen.o
#        D:\2.upwork\84.TigerShark\Code\TigerShark\EWARM\TigerShark_REV42\Obj\lv_switch.o
#        D:\2.upwork\84.TigerShark\Code\TigerShark\EWARM\TigerShark_REV42\Obj\lv_table.o
#        D:\2.upwork\84.TigerShark\Code\TigerShark\EWARM\TigerShark_REV42\Obj\lv_templ.o
#        D:\2.upwork\84.TigerShark\Code\TigerShark\EWARM\TigerShark_REV42\Obj\lv_textarea.o
#        D:\2.upwork\84.TigerShark\Code\TigerShark\EWARM\TigerShark_REV42\Obj\lv_theme.o
#        D:\2.upwork\84.TigerShark\Code\TigerShark\EWARM\TigerShark_REV42\Obj\lv_theme_basic.o
#        D:\2.upwork\84.TigerShark\Code\TigerShark\EWARM\TigerShark_REV42\Obj\lv_theme_default.o
#        D:\2.upwork\84.TigerShark\Code\TigerShark\EWARM\TigerShark_REV42\Obj\lv_theme_mono.o
#        D:\2.upwork\84.TigerShark\Code\TigerShark\EWARM\TigerShark_REV42\Obj\lv_timer.o
#        D:\2.upwork\84.TigerShark\Code\TigerShark\EWARM\TigerShark_REV42\Obj\lv_tlsf.o
#        D:\2.upwork\84.TigerShark\Code\TigerShark\EWARM\TigerShark_REV42\Obj\lv_txt.o
#        D:\2.upwork\84.TigerShark\Code\TigerShark\EWARM\TigerShark_REV42\Obj\lv_txt_ap.o
#        D:\2.upwork\84.TigerShark\Code\TigerShark\EWARM\TigerShark_REV42\Obj\lv_utils.o
#        D:\2.upwork\84.TigerShark\Code\TigerShark\EWARM\TigerShark_REV42\Obj\main.o
#        D:\2.upwork\84.TigerShark\Code\TigerShark\EWARM\TigerShark_REV42\Obj\main_process.o
#        D:\2.upwork\84.TigerShark\Code\TigerShark\EWARM\TigerShark_REV42\Obj\ms5837.o
#        D:\2.upwork\84.TigerShark\Code\TigerShark\EWARM\TigerShark_REV42\Obj\power_management.o
#        D:\2.upwork\84.TigerShark\Code\TigerShark\EWARM\TigerShark_REV42\Obj\rtc.o
#        D:\2.upwork\84.TigerShark\Code\TigerShark\EWARM\TigerShark_REV42\Obj\sensors_calibration.o
#        D:\2.upwork\84.TigerShark\Code\TigerShark\EWARM\TigerShark_REV42\Obj\spi.o
#        D:\2.upwork\84.TigerShark\Code\TigerShark\EWARM\TigerShark_REV42\Obj\spi_ffs.o
#        D:\2.upwork\84.TigerShark\Code\TigerShark\EWARM\TigerShark_REV42\Obj\spiffs_cache.o
#        D:\2.upwork\84.TigerShark\Code\TigerShark\EWARM\TigerShark_REV42\Obj\spiffs_check.o
#        D:\2.upwork\84.TigerShark\Code\TigerShark\EWARM\TigerShark_REV42\Obj\spiffs_gc.o
#        D:\2.upwork\84.TigerShark\Code\TigerShark\EWARM\TigerShark_REV42\Obj\spiffs_hydrogen.o
#        D:\2.upwork\84.TigerShark\Code\TigerShark\EWARM\TigerShark_REV42\Obj\spiffs_nucleus.o
#        D:\2.upwork\84.TigerShark\Code\TigerShark\EWARM\TigerShark_REV42\Obj\startup_stm32l476xx.o
#        D:\2.upwork\84.TigerShark\Code\TigerShark\EWARM\TigerShark_REV42\Obj\stm32l4xx_hal.o
#        D:\2.upwork\84.TigerShark\Code\TigerShark\EWARM\TigerShark_REV42\Obj\stm32l4xx_hal_adc.o
#        D:\2.upwork\84.TigerShark\Code\TigerShark\EWARM\TigerShark_REV42\Obj\stm32l4xx_hal_adc_ex.o
#        D:\2.upwork\84.TigerShark\Code\TigerShark\EWARM\TigerShark_REV42\Obj\stm32l4xx_hal_can.o
#        D:\2.upwork\84.TigerShark\Code\TigerShark\EWARM\TigerShark_REV42\Obj\stm32l4xx_hal_cortex.o
#        D:\2.upwork\84.TigerShark\Code\TigerShark\EWARM\TigerShark_REV42\Obj\stm32l4xx_hal_dma.o
#        D:\2.upwork\84.TigerShark\Code\TigerShark\EWARM\TigerShark_REV42\Obj\stm32l4xx_hal_dma_ex.o
#        D:\2.upwork\84.TigerShark\Code\TigerShark\EWARM\TigerShark_REV42\Obj\stm32l4xx_hal_exti.o
#        D:\2.upwork\84.TigerShark\Code\TigerShark\EWARM\TigerShark_REV42\Obj\stm32l4xx_hal_flash.o
#        D:\2.upwork\84.TigerShark\Code\TigerShark\EWARM\TigerShark_REV42\Obj\stm32l4xx_hal_flash_ex.o
#        D:\2.upwork\84.TigerShark\Code\TigerShark\EWARM\TigerShark_REV42\Obj\stm32l4xx_hal_flash_ramfunc.o
#        D:\2.upwork\84.TigerShark\Code\TigerShark\EWARM\TigerShark_REV42\Obj\stm32l4xx_hal_gpio.o
#        D:\2.upwork\84.TigerShark\Code\TigerShark\EWARM\TigerShark_REV42\Obj\stm32l4xx_hal_i2c.o
#        D:\2.upwork\84.TigerShark\Code\TigerShark\EWARM\TigerShark_REV42\Obj\stm32l4xx_hal_i2c_ex.o
#        D:\2.upwork\84.TigerShark\Code\TigerShark\EWARM\TigerShark_REV42\Obj\stm32l4xx_hal_msp.o
#        D:\2.upwork\84.TigerShark\Code\TigerShark\EWARM\TigerShark_REV42\Obj\stm32l4xx_hal_pwr.o
#        D:\2.upwork\84.TigerShark\Code\TigerShark\EWARM\TigerShark_REV42\Obj\stm32l4xx_hal_pwr_ex.o
#        D:\2.upwork\84.TigerShark\Code\TigerShark\EWARM\TigerShark_REV42\Obj\stm32l4xx_hal_rcc.o
#        D:\2.upwork\84.TigerShark\Code\TigerShark\EWARM\TigerShark_REV42\Obj\stm32l4xx_hal_rcc_ex.o
#        D:\2.upwork\84.TigerShark\Code\TigerShark\EWARM\TigerShark_REV42\Obj\stm32l4xx_hal_rtc.o
#        D:\2.upwork\84.TigerShark\Code\TigerShark\EWARM\TigerShark_REV42\Obj\stm32l4xx_hal_rtc_ex.o
#        D:\2.upwork\84.TigerShark\Code\TigerShark\EWARM\TigerShark_REV42\Obj\stm32l4xx_hal_spi.o
#        D:\2.upwork\84.TigerShark\Code\TigerShark\EWARM\TigerShark_REV42\Obj\stm32l4xx_hal_spi_ex.o
#        D:\2.upwork\84.TigerShark\Code\TigerShark\EWARM\TigerShark_REV42\Obj\stm32l4xx_hal_sram.o
#        D:\2.upwork\84.TigerShark\Code\TigerShark\EWARM\TigerShark_REV42\Obj\stm32l4xx_hal_tim.o
#        D:\2.upwork\84.TigerShark\Code\TigerShark\EWARM\TigerShark_REV42\Obj\stm32l4xx_hal_tim_ex.o
#        D:\2.upwork\84.TigerShark\Code\TigerShark\EWARM\TigerShark_REV42\Obj\stm32l4xx_hal_uart.o
#        D:\2.upwork\84.TigerShark\Code\TigerShark\EWARM\TigerShark_REV42\Obj\stm32l4xx_hal_uart_ex.o
#        D:\2.upwork\84.TigerShark\Code\TigerShark\EWARM\TigerShark_REV42\Obj\stm32l4xx_it.o
#        D:\2.upwork\84.TigerShark\Code\TigerShark\EWARM\TigerShark_REV42\Obj\stm32l4xx_ll_fmc.o
#        D:\2.upwork\84.TigerShark\Code\TigerShark\EWARM\TigerShark_REV42\Obj\system_stm32l4xx.o
#        D:\2.upwork\84.TigerShark\Code\TigerShark\EWARM\TigerShark_REV42\Obj\tim.o
#        D:\2.upwork\84.TigerShark\Code\TigerShark\EWARM\TigerShark_REV42\Obj\ui_compass.o
#        D:\2.upwork\84.TigerShark\Code\TigerShark\EWARM\TigerShark_REV42\Obj\ui_control.o
#        D:\2.upwork\84.TigerShark\Code\TigerShark\EWARM\TigerShark_REV42\Obj\ui_diagnotics.o
#        D:\2.upwork\84.TigerShark\Code\TigerShark\EWARM\TigerShark_REV42\Obj\ui_dialog.o
#        D:\2.upwork\84.TigerShark\Code\TigerShark\EWARM\TigerShark_REV42\Obj\ui_func_com.o
#        D:\2.upwork\84.TigerShark\Code\TigerShark\EWARM\TigerShark_REV42\Obj\ui_img_storage.o
#        D:\2.upwork\84.TigerShark\Code\TigerShark\EWARM\TigerShark_REV42\Obj\ui_main.o
#        D:\2.upwork\84.TigerShark\Code\TigerShark\EWARM\TigerShark_REV42\Obj\ui_menu.o
#        D:\2.upwork\84.TigerShark\Code\TigerShark\EWARM\TigerShark_REV42\Obj\ui_splash.o
#        D:\2.upwork\84.TigerShark\Code\TigerShark\EWARM\TigerShark_REV42\Obj\usart.o
#        D:\2.upwork\84.TigerShark\Code\TigerShark\EWARM\TigerShark_REV42\Obj\veml7700.o
#        D:\2.upwork\84.TigerShark\Code\TigerShark\EWARM\TigerShark_REV42\Obj\W25Qx.o
#        --no_out_extension -o
#        D:\2.upwork\84.TigerShark\Code\TigerShark\EWARM\TigerShark_REV42\Exe\TigerShark_REV42.out
#        --redirect _Printf=_PrintfFullNoMb --redirect _Scanf=_ScanfFullNoMb
#        --map
#        D:\2.upwork\84.TigerShark\Code\TigerShark\EWARM\TigerShark_REV42\List\TigerShark_REV42.map
#        --config
#        D:\2.upwork\84.TigerShark\Code\TigerShark\EWARM/stm32l476xx_flash.icf
#        --semihosting --entry __iar_program_start --vfe --text_out locale)
#
###############################################################################

*******************************************************************************
*** RUNTIME MODEL ATTRIBUTES
***

CppFlavor       = *
__Heap_Handler  = Basic
__SystemLibrary = DLib
__dlib_version  = 6


*******************************************************************************
*** HEAP SELECTION
***

The basic heap was selected because no calls to memory allocation
functions were found in the application outside of system library
functions, and there are calls to deallocation functions in the
application.


*******************************************************************************
*** PLACEMENT SUMMARY
***

"A0":  place at address 0x800'0000 { ro section .intvec };
"P1":  place in [from 0x800'0000 to 0x80f'ffff] { ro };
define block CSTACK with size = 4132, alignment = 8 { };
define block HEAP with size = 1K, alignment = 8 { };
"P2":  place in [from 0x2000'0000 to 0x2001'7fff] {
          rw, block CSTACK, block HEAP };
"P3":  place in [from 0x2000'0000 to 0x2001'7fff] { };
initialize by copy { rw };

  Section            Kind         Address      Size  Object
  -------            ----         -------      ----  ------
"A0":                                         0x188
  .intvec            ro code   0x800'0000     0x188  startup_stm32l476xx.o [1]
                             - 0x800'0188     0x188

"P1":                                      0x7'6ace
  .rodata            const     0x800'0188  0x1'50e4  lv_font_montserrat_46.o [1]
  .rodata            const     0x801'526c  0x1'3308  lv_font_montserrat_44.o [1]
  .rodata            const     0x802'8574    0x6db8  lv_font_montserrat_26.o [1]
  .text              ro code   0x802'f32c    0x5ab8  ui_control.o [1]
  .text              ro code   0x803'4de4      0x66  ABImemset.o [4]
  .text              ro code   0x803'4e4a      0x3a  zero_init3.o [4]
  .text              ro code   0x803'4e84      0xa6  ABImemcpy.o [4]
  .text              ro code   0x803'4f2a      0x1a  xsnprout.o [2]
  .text              ro code   0x803'4f44     0x7cc  ui_main.o [1]
  .text              ro code   0x803'5710      0x40  sprintf.o [2]
  .text              ro code   0x803'5750     0x54e  ui_func_com.o [1]
  .text              ro code   0x803'5c9e       0xa  xsprout.o [2]
  .text              ro code   0x803'5ca8      0x44  snprintf.o [2]
  .text              ro code   0x803'5cec     0x52c  ui_menu.o [1]
  .text              ro code   0x803'6218     0x258  ui_dialog.o [1]
  .text              ro code   0x803'6470     0x100  ui_diagnotics.o [1]
  .text              ro code   0x803'6570     0x294  ui_compass.o [1]
  .text              ro code   0x803'6804      0x48  FltToDbl.o [3]
  .text              ro code   0x803'684c     0x17a  DblAdd.o [3]
  .rodata            const     0x803'69c6       0x2  lv_draw_sw_letter.o [1]
  .text              ro code   0x803'69c8      0x3a  DblToS32.o [3]
  .rodata            const     0x803'6a02       0x2  lv_draw_sw_transform.o [1]
  .text              ro code   0x803'6a04     0xf08  main_process.o [1]
  .text              ro code   0x803'790c      0xd0  power_management.o [1]
  .text              ro code   0x803'79dc     0x1e4  adc_process.o [1]
  .text              ro code   0x803'7bc0      0x1a  U32ToDbl.o [3]
  .rodata            const     0x803'7bda       0x2  lv_img_decoder.o [1]
  .text              ro code   0x803'7bdc     0x246  DblDiv.o [3]
  .rodata            const     0x803'7e22       0x2  W25Qx.o [1]
  .text              ro code   0x803'7e24     0x1a2  DblMul.o [3]
  .rodata            const     0x803'7fc6       0x2  xlocale_c.o [2]
  .text              ro code   0x803'7fc8      0x68  DblToFlt.o [3]
  .text              ro code   0x803'8030     0x6d0  ms5837.o [1]
  .text              ro code   0x803'8700     0x26c  flash_process.o [1]
  .text              ro code   0x803'896c     0x44e  stm32l4xx_hal_rtc.o [1]
  .rodata            const     0x803'8dba       0x1  W25Qx.o [1]
  .rodata            const     0x803'8dbb       0x1  W25Qx.o [1]
  .text              ro code   0x803'8dbc     0x4c0  lv_hal_disp.o [1]
  .text              ro code   0x803'927c     0x6c8  lv_disp.o [1]
  .text              ro code   0x803'9944    0x127c  lv_label.o [1]
  .text              ro code   0x803'abc0    0x1314  lv_obj.o [1]
  .text              ro code   0x803'bed4    0x19b2  lv_obj_pos.o [1]
  .rodata            const     0x803'd886       0x1  xlocale_c.o [2]
  .text              ro code   0x803'd888     0xfc6  xprintffull_nomb.o [2]
  .text              ro code   0x803'e850      0xe2  DblSub.o [3]
  .text              ro code   0x803'e934     0x25c  stm32l4xx_hal_gpio.o [1]
  .text              ro code   0x803'eb90     0xc6c  deco.o [1]
  .text              ro code   0x803'f7fc      0x38  crc16.o [1]
  .text              ro code   0x803'f834      0xd0  mktime.o [2]
  .text              ro code   0x803'f904     0x9a4  spiffs_hydrogen.o [1]
  .text              ro code   0x804'02a8     0xae6  stm32l4xx_hal_tim.o [1]
  .text              ro code   0x804'0d90     0x264  stm32l4xx_hal_tim_ex.o [1]
  .text              ro code   0x804'0ff4     0xdee  stm32l4xx_hal_adc.o [1]
  .text              ro code   0x804'1de4     0x3b4  sensors_calibration.o [1]
  .text              ro code   0x804'2198     0x9d4  stm32l4xx_hal_i2c.o [1]
  .text              ro code   0x804'2b6c      0x28  stm32l4xx_hal.o [1]
  .text              ro code   0x804'2b94     0x274  I64DivMod.o [4]
  .text              ro code   0x804'2e08      0x28  printf.o [2]
  .text              ro code   0x804'2e30     0x108  rtc.o [1]
  .text              ro code   0x804'2f38       0xc  stm32l4xx_hal.o [1]
  .text              ro code   0x804'2f44    0x141c  lv_obj_style.o [1]
  .text              ro code   0x804'4360     0x6e4  lv_mem.o [1]
  .text              ro code   0x804'4a44     0x250  lv_ll.o [1]
  .text              ro code   0x804'4c94      0xac  lv_log.o [1]
  .text              ro code   0x804'4d40     0x2b2  lv_timer.o [1]
  .text              ro code   0x804'4ff4    0x169c  lv_obj_scroll.o [1]
  .text              ro code   0x804'6690     0x8a8  lv_area.o [1]
  .text              ro code   0x804'6f38     0x3f8  lv_event.o [1]
  .text              ro code   0x804'7330     0x3d4  lv_obj_tree.o [1]
  .text              ro code   0x804'7704     0x4a0  lv_anim.o [1]
  .text              ro code   0x804'7ba4     0x156  lv_obj_style_gen.o [1]
  .text              ro code   0x804'7cfc     0x272  lv_obj_class.o [1]
  .text              ro code   0x804'7f70      0x36  strlen.o [4]
  .text              ro code   0x804'7fa8      0x18  strcpy.o [4]
  .text              ro code   0x804'7fc0     0x828  lv_txt.o [1]
  .text              ro code   0x804'87e8     0x18c  lv_font.o [1]
  .text              ro code   0x804'8974     0x7c0  lv_draw_label.o [1]
  .text              ro code   0x804'9134     0x9a6  lv_obj_draw.o [1]
  .text              ro code   0x804'9adc     0x5f8  lv_style.o [1]
  .text              ro code   0x804'a0d4     0x5a4  lv_fs.o [1]
  .text              ro code   0x804'a678     0x40c  lv_group.o [1]
  .text              ro code   0x804'aa84      0x14  lv_draw.o [1]
  .text              ro code   0x804'aa98    0x1780  lv_refr.o [1]
  .text              ro code   0x804'c218     0xe72  lv_img_decoder.o [1]
  .text              ro code   0x804'd08a       0x2  lv_extra.o [1]
  .text              ro code   0x804'd08c     0x10a  lv_draw_rect.o [1]
  .text              ro code   0x804'd198    0x1eb2  lv_draw_mask.o [1]
  .text              ro code   0x804'f04c     0x134  lv_indev.o [1]
  .text              ro code   0x804'f180      0x16  strchr.o [4]
  .text              ro code   0x804'f198      0x40  xfail_s.o [2]
  .text              ro code   0x804'f1d8      0x58  memchr.o [4]
  .text              ro code   0x804'f230      0x70  frexp.o [3]
  .text              ro code   0x804'f2a0      0x2e  DblCmpLe.o [3]
  .text              ro code   0x804'f2d0      0x2e  DblCmpGe.o [3]
  .text              ro code   0x804'f300     0x13a  ldexp.o [3]
  .text              ro code   0x804'f43c      0x22  S32ToDbl.o [3]
  .text              ro code   0x804'f460      0x28  DblToU32.o [3]
  .text              ro code   0x804'f488       0x8  xlocale_c.o [2]
  .text              ro code   0x804'f490      0x12  math_wrappers64.o [3]
  .text              ro code   0x804'f4a4      0x48  U64ToFlt.o [3]
  .text              ro code   0x804'f4ec      0x6c  xDaysTo.o [2]
  .text              ro code   0x804'f558     0x10c  xttotm.o [2]
  .text              ro code   0x804'f664       0x4  xTzoff_nop.o [2]
  .text              ro code   0x804'f668     0x51e  spiffs_cache.o [1]
  .text              ro code   0x804'fb88    0x2cb8  spiffs_nucleus.o [1]
  .text              ro code   0x805'2840     0x430  tim.o [1]
  .text              ro code   0x805'2c70     0x284  adc.o [1]
  .text              ro code   0x805'2ef4     0x2b8  stm32l4xx_hal_dma.o [1]
  .text              ro code   0x805'31ac       0x2  stm32l4xx_hal_adc_ex.o [1]
  .text              ro code   0x805'31b0     0x12e  stm32l4xx_hal_adc_ex.o [1]
  .text              ro code   0x805'32de       0x2  stm32l4xx_hal_adc.o [1]
  .text              ro code   0x805'32e0       0x2  stm32l4xx_hal_adc_ex.o [1]
  .text              ro code   0x805'32e2       0x2  stm32l4xx_hal_adc_ex.o [1]
  .text              ro code   0x805'32e4       0x2  stm32l4xx_hal_adc.o [1]
  .text              ro code   0x805'32e6       0x2  stm32l4xx_hal_adc_ex.o [1]
  .text              ro code   0x805'32e8       0x2  stm32l4xx_hal_adc.o [1]
  .text              ro code   0x805'32ec      0xf8  i2c.o [1]
  .text              ro code   0x805'33e4       0x2  I64DivZer.o [4]
  .text              ro code   0x805'33e6      0x14  memset.o [4]
  .text              ro code   0x805'33fc     0xd08  main.o [1]
  .text              ro code   0x805'4104      0x26  stm32l4xx_hal_rtc_ex.o [1]
  .text              ro code   0x805'412c     0x740  stm32l4xx_hal_rcc_ex.o [1]
  .text              ro code   0x805'486c    0x1178  lv_tlsf.o [1]
  .text              ro code   0x805'59e4      0x46  lv_hal_tick.o [1]
  .text              ro code   0x805'5a2c      0x20  vprintf.o [2]
  .text              ro code   0x805'5a4c      0x20  lv_hal_indev.o [1]
  .text              ro code   0x805'5a6c     0x13c  lv_math.o [1]
  .text              ro code   0x805'5ba8      0x78  lv_theme.o [1]
  .text              ro code   0x805'5c20     0x958  lv_printf.o [1]
  .text              ro code   0x805'6578      0xe8  lv_color.o [1]
  .text              ro code   0x805'6660      0x82  lv_draw_line.o [1]
  .text              ro code   0x805'66e4     0x556  lv_draw_img.o [1]
  .text              ro code   0x805'6c3c     0x44c  lv_font_fmt_txt.o [1]
  .text              ro code   0x805'7088     0x136  lv_draw_layer.o [1]
  .text              ro code   0x805'71c0      0x12  strcmp.o [4]
  .text              ro code   0x805'71d2       0x6  abort.o [2]
  .text              ro code   0x805'71d8      0x4c  exp64.o [3]
  .text              ro code   0x805'7224       0x6  xisdst_nop.o [2]
  .text              ro code   0x805'722c     0xb08  spiffs_gc.o [1]
  .text              ro code   0x805'7d34      0x70  strncpy.o [4]
  .text              ro code   0x805'7da4     0x15c  stm32l4xx_hal_cortex.o [1]
  .text              ro code   0x805'7f00      0xc6  stm32l4xx_hal_i2c_ex.o [1]
  .text              ro code   0x805'7fc8      0xa4  stm32l4xx_hal_pwr_ex.o [1]
  .text              ro code   0x805'806c     0xaae  lv_bar.o [1]
  .text              ro code   0x805'8b1c      0x36  lv_btn.o [1]
  .text              ro code   0x805'8b54     0xc2c  lv_img.o [1]
  .text              ro code   0x805'9780      0x24  stm32l4xx_hal.o [1]
  .text              ro code   0x805'97a4     0x2ec  gpio.o [1]
  .text              ro code   0x805'9a90      0x2c  dma.o [1]
  .text              ro code   0x805'9abc     0x134  fmc.o [1]
  .text              ro code   0x805'9bf0     0x12c  spi.o [1]
  .text              ro code   0x805'9d1c     0x1b4  usart.o [1]
  .text              ro code   0x805'9ed0      0xcc  can.o [1]
  .text              ro code   0x805'9f9c      0xd4  spi_ffs.o [1]
  .text              ro code   0x805'a070      0xdc  lv_port_disp_template.o [1]
  .text              ro code   0x805'a14c      0x94  veml7700.o [1]
  .text              ro code   0x805'a1e0     0x360  DFRobot_BMX160.o [1]
  .text              ro code   0x805'a540     0x3d0  compass.o [1]
  .text              ro code   0x805'a910     0x498  button_process.o [1]
  .text              ro code   0x805'ada8     0x22c  diva_process.o [1]
  .text              ro code   0x805'afd4      0x10  stm32l4xx_hal_pwr.o [1]
  .text              ro code   0x805'afe4     0x994  stm32l4xx_hal_rcc.o [1]
  .text              ro code   0x805'b978      0x82  lv_img_cache.o [1]
  .text              ro code   0x805'b9fc     0x21c  lv_img_buf.o [1]
  .text              ro code   0x805'bc18      0x58  lv_utils.o [1]
  .text              ro code   0x805'bc70      0x14  exit.o [5]
  .text              ro code   0x805'bc84     0x3e8  iar_Exp64.o [3]
  .text              ro code   0x805'c06c      0x60  stm32l4xx_hal.o [1]
  .text              ro code   0x805'c0cc      0x38  stm32l4xx_hal_msp.o [1]
  .text              ro code   0x805'c104      0x62  stm32l4xx_hal_sram.o [1]
  .text              ro code   0x805'c168     0xa24  stm32l4xx_hal_spi.o [1]
  .text              ro code   0x805'cb8c     0x704  stm32l4xx_hal_uart.o [1]
  .text              ro code   0x805'd290      0x98  stm32l4xx_hal_uart_ex.o [1]
  .text              ro code   0x805'd328     0x390  stm32l4xx_hal_can.o [1]
  .text              ro code   0x805'd6b8     0x294  W25Qx.o [1]
  .text              ro code   0x805'd94c     0x3a0  lcd_ex.o [1]
  .text              ro code   0x805'dcec     0x1cc  FusionOffset.o [1]
  .text              ro code   0x805'deb8     0x8d8  FusionAhrs.o [1]
  .text              ro code   0x805'e790     0x208  FusionCompass.o [1]
  .text              ro code   0x805'e998       0x6  ABImemclr4.o [4]
  .text              ro code   0x805'e9a0      0x7c  iarttio.o [5]
  .text              ro code   0x805'ea1c     0x13c  stm32l4xx_ll_fmc.o [1]
  .text              ro code   0x805'eb58       0x2  stm32l4xx_hal_can.o [1]
  .text              ro code   0x805'eb5a       0x2  stm32l4xx_hal_can.o [1]
  .text              ro code   0x805'eb5c       0x2  stm32l4xx_hal_can.o [1]
  .text              ro code   0x805'eb5e       0x2  stm32l4xx_hal_can.o [1]
  .text              ro code   0x805'eb60       0x2  stm32l4xx_hal_can.o [1]
  .text              ro code   0x805'eb62       0x2  stm32l4xx_hal_can.o [1]
  .text              ro code   0x805'eb64       0x2  stm32l4xx_hal_can.o [1]
  .text              ro code   0x805'eb66       0x2  stm32l4xx_hal_can.o [1]
  .text              ro code   0x805'eb68       0x2  stm32l4xx_hal_can.o [1]
  .text              ro code   0x805'eb6a       0x2  stm32l4xx_hal_can.o [1]
  .text              ro code   0x805'eb6c       0x2  stm32l4xx_hal_can.o [1]
  .text              ro code   0x805'eb6e       0x2  stm32l4xx_hal_can.o [1]
  .text              ro code   0x805'eb70       0x2  stm32l4xx_hal_can.o [1]
  .text              ro code   0x805'eb74     0x1e0  cos_sin32.o [3]
  .text              ro code   0x805'ed54      0x6a  atan2f.o [3]
  .text              ro code   0x805'edc0      0x32  ABImemset48.o [4]
  .text              ro code   0x805'edf4      0x3c  XShttio.o [2]
  .text              ro code   0x805'ee30      0xa4  xatanf.o [3]
  .text              ro code   0x805'eed4    0x23a8  lv_draw_sw_rect.o [1]
  .text              ro code   0x806'127c    0x1202  lv_draw_sw_blend.o [1]
  .text              ro code   0x806'2480     0x634  lv_draw_sw_gradient.o [1]
  .rodata            const     0x806'2ab4    0x2280  lv_font_montserrat_14.o [1]
  .rodata            const     0x806'4d34    0x1a10  lv_font_montserrat_12.o [1]
  .rodata            const     0x806'6744    0x11c8  lv_font_montserrat_10.o [1]
  .text              ro code   0x806'790c     0xf38  lv_draw_sw_arc.o [1]
  .rodata            const     0x806'8844     0xbb0  lv_font_montserrat_10.o [1]
  .rodata            const     0x806'93f4     0xbb0  lv_font_montserrat_12.o [1]
  .rodata            const     0x806'9fa4     0xbb0  lv_font_montserrat_14.o [1]
  .rodata            const     0x806'ab54     0xbb0  lv_font_montserrat_26.o [1]
  .rodata            const     0x806'b704     0xbb0  lv_font_montserrat_44.o [1]
  .rodata            const     0x806'c2b4     0xbb0  lv_font_montserrat_46.o [1]
  .text              ro code   0x806'ce64     0xad8  lv_draw_sw_transform.o [1]
  .text              ro code   0x806'd93c     0xa90  lv_draw_sw_line.o [1]
  .text              ro code   0x806'e3cc     0x702  lv_draw_sw_img.o [1]
  .text              ro code   0x806'ead0      0x8c  lv_draw_transform.o [1]
  .text              ro code   0x806'eb5c     0x5c4  lv_draw_sw_letter.o [1]
  .rodata            const     0x806'f120     0x4f0  lv_font_montserrat_10.o [1]
  .rodata            const     0x806'f610     0x4f0  lv_font_montserrat_12.o [1]
  .rodata            const     0x806'fb00     0x4f0  lv_font_montserrat_14.o [1]
  .rodata            const     0x806'fff0     0x4f0  lv_font_montserrat_26.o [1]
  .rodata            const     0x807'04e0     0x4f0  lv_font_montserrat_44.o [1]
  .rodata            const     0x807'09d0     0x4f0  lv_font_montserrat_46.o [1]
  .text              ro code   0x807'0ec0     0x458  lv_draw_sw_polygon.o [1]
  .text              ro code   0x807'1318     0x2a0  lv_draw_sw_layer.o [1]
  .rodata            const     0x807'15b8     0x200  crc16.o [1]
  .rodata            const     0x807'17b8     0x1c4  ui_control.o [1]
  .text              ro code   0x807'197c     0x138  heap0.o [2]
  .text              ro code   0x807'1ab4      0x2c  xgetmemchunk.o [2]
  .text              ro code   0x807'1ae0     0x116  lv_draw_sw.o [1]
  .rodata            const     0x807'1bf8     0x100  lv_draw_sw_letter.o [1]
  .text              ro code   0x807'1cf8      0xd8  xfspos.o [2]
  .text              ro code   0x807'1dd0      0xac  fflush.o [2]
  .text              ro code   0x807'1e7c       0xc  xfgpos.o [2]
  .text              ro code   0x807'1e88      0x4a  lseek.o [5]
  .text              ro code   0x807'1ed2      0x10  write.o [5]
  .text              ro code   0x807'1ee4      0xcc  XShHandles.o [2]
  .text              ro code   0x807'1fb0      0x1e  dwrite.o [5]
  .text              ro code   0x807'1fce      0x20  iarwstd.o [5]
  .text              ro code   0x807'1fee      0x22  iarwrite.o [5]
  .rodata            const     0x807'2010      0xc0  deco.o [1]
  .rodata            const     0x807'20d0      0xc0  deco.o [1]
  .rodata            const     0x807'2190      0xb8  lv_math.o [1]
  .text              ro code   0x807'2248      0xb4  xfwprep.o [2]
  .text              ro code   0x807'22fc      0x24  fseek.o [2]
  .rodata            const     0x807'2320      0xa0  lv_font_montserrat_10.o [1]
  .rodata            const     0x807'23c0      0xa0  lv_font_montserrat_10.o [1]
  .rodata            const     0x807'2460      0xa0  lv_font_montserrat_12.o [1]
  .rodata            const     0x807'2500      0xa0  lv_font_montserrat_12.o [1]
  .rodata            const     0x807'25a0      0xa0  lv_font_montserrat_14.o [1]
  .rodata            const     0x807'2640      0xa0  lv_font_montserrat_14.o [1]
  .rodata            const     0x807'26e0      0xa0  lv_font_montserrat_26.o [1]
  .rodata            const     0x807'2780      0xa0  lv_font_montserrat_26.o [1]
  .rodata            const     0x807'2820      0xa0  lv_font_montserrat_44.o [1]
  .rodata            const     0x807'28c0      0xa0  lv_font_montserrat_44.o [1]
  .rodata            const     0x807'2960      0xa0  lv_font_montserrat_46.o [1]
  .rodata            const     0x807'2a00      0xa0  lv_font_montserrat_46.o [1]
  .text              ro code   0x807'2aa0      0x9c  xfofind.o [2]
  .text              ro code   0x807'2b3c       0x4  heaptramp0.o [2]
  .text              ro code   0x807'2b40      0x7e  fclose.o [2]
  .text              ro code   0x807'2bbe      0x18  close.o [5]
  .text              ro code   0x807'2bd6      0x14  remove.o [5]
  .rodata            const     0x807'2bec      0x7c  lv_font_montserrat_10.o [1]
  .rodata            const     0x807'2c68      0x7c  lv_font_montserrat_12.o [1]
  .rodata            const     0x807'2ce4      0x7c  lv_font_montserrat_14.o [1]
  .rodata            const     0x807'2d60      0x7c  lv_font_montserrat_26.o [1]
  .rodata            const     0x807'2ddc      0x7c  lv_font_montserrat_44.o [1]
  .rodata            const     0x807'2e58      0x7c  lv_font_montserrat_46.o [1]
  .text              ro code   0x807'2ed4      0x78  lz77_init_single.o [4]
  .rodata            const     0x807'2f4c      0x74  lv_style.o [1]
  .rodata            const     0x807'2fc0      0x74  lv_tlsf.o [1]
  .rodata            const     0x807'3034      0x64  lv_tlsf.o [1]
  .rodata            const     0x807'3098      0x60  lv_draw_sw_layer.o [1]
  .rodata            const     0x807'30f8      0x5c  lv_refr.o [1]
  .rodata            const     0x807'3154      0x54  lv_draw_sw_gradient.o [1]
  .rodata            const     0x807'31a8      0x54  lv_draw_sw_letter.o [1]
  .rodata            const     0x807'31fc      0x54  lv_mem.o [1]
  .text              ro code   0x807'3250      0x54  fputc.o [2]
  .rodata            const     0x807'32a4      0x50  lv_draw_sw_blend.o [1]
  .rodata            const     0x807'32f4      0x50  lv_draw_sw_layer.o [1]
  .rodata            const     0x807'3344      0x50  lv_draw_sw_letter.o [1]
  .rodata            const     0x807'3394      0x50  lv_draw_sw_rect.o [1]
  .rodata            const     0x807'33e4      0x50  lv_font_fmt_txt.o [1]
  .rodata            const     0x807'3434      0x50  lv_obj.o [1]
  .rodata            const     0x807'3484      0x50  lv_obj.o [1]
  .rodata            const     0x807'34d4      0x4c  lv_draw_transform.o [1]
  .rodata            const     0x807'3520      0x4c  lv_font_fmt_txt.o [1]
  .rodata            const     0x807'356c      0x4c  lv_img_decoder.o [1]
  .rodata            const     0x807'35b8      0x4c  lv_tlsf.o [1]
  .rodata            const     0x807'3604      0x4c  ui_control.o [1]
  .rodata            const     0x807'3650      0x48  lv_draw_img.o [1]
  .rodata            const     0x807'3698      0x48  lv_draw_label.o [1]
  .rodata            const     0x807'36e0      0x48  lv_draw_layer.o [1]
  .rodata            const     0x807'3728      0x48  lv_draw_mask.o [1]
  .rodata            const     0x807'3770      0x48  lv_hal_disp.o [1]
  .rodata            const     0x807'37b8      0x48  lv_img_cache.o [1]
  .rodata            const     0x807'3800      0x48  lv_label.o [1]
  .rodata            const     0x807'3848      0x48  lv_obj_class.o [1]
  .rodata            const     0x807'3890      0x48  lv_obj_style.o [1]
  .rodata            const     0x807'38d8      0x48  lv_obj_tree.o [1]
  .rodata            const     0x807'3920      0x48  lv_tlsf.o [1]
  .text              ro code   0x807'3968      0x48  stm32l4xx_it.o [1]
  .text              ro code   0x807'39b0      0x18  stm32l4xx_hal.o [1]
  .rodata            const     0x807'39c8      0x44  lv_anim.o [1]
  .rodata            const     0x807'3a0c      0x44  lv_color.o [1]
  .rodata            const     0x807'3a50      0x44  lv_disp.o [1]
  .rodata            const     0x807'3a94      0x44  lv_draw_label.o [1]
  .rodata            const     0x807'3ad8      0x44  lv_event.o [1]
  .rodata            const     0x807'3b1c      0x44  lv_font.o [1]
  .rodata            const     0x807'3b60      0x44  lv_group.o [1]
  .rodata            const     0x807'3ba4      0x44  lv_img.o [1]
  .rodata            const     0x807'3be8      0x44  lv_mem.o [1]
  .rodata            const     0x807'3c2c      0x44  lv_obj.o [1]
  .rodata            const     0x807'3c70      0x44  lv_refr.o [1]
  .rodata            const     0x807'3cb4      0x44  lv_style.o [1]
  .rodata            const     0x807'3cf8      0x44  lv_timer.o [1]
  .rodata            const     0x807'3d3c      0x44  lv_tlsf.o [1]
  .rodata            const     0x807'3d80      0x44  lv_txt.o [1]
  .rodata            const     0x807'3dc4      0x40  lv_fs.o [1]
  .rodata            const     0x807'3e04      0x40  lv_tlsf.o [1]
  .rodata            const     0x807'3e44      0x40  lv_tlsf.o [1]
  .rodata            const     0x807'3e84      0x40  lv_tlsf.o [1]
  .rodata            const     0x807'3ec4      0x40  lv_txt.o [1]
  .rodata            const     0x807'3f04      0x3c  lv_disp.o [1]
  .rodata            const     0x807'3f40      0x3c  lv_disp.o [1]
  .rodata            const     0x807'3f7c      0x3c  lv_hal_disp.o [1]
  .rodata            const     0x807'3fb8      0x3c  lv_img_decoder.o [1]
  .rodata            const     0x807'3ff4      0x3c  lv_obj_class.o [1]
  .rodata            const     0x807'4030      0x3c  lv_tlsf.o [1]
  .rodata            const     0x807'406c      0x3c  lv_tlsf.o [1]
  .rodata            const     0x807'40a8      0x3c  lv_tlsf.o [1]
  .text              ro code   0x807'40e4      0x3c  xcloseall.o [2]
  .rodata            const     0x807'4120      0x38  lv_draw_sw_layer.o [1]
  .rodata            const     0x807'4158      0x38  lv_tlsf.o [1]
  .rodata            const     0x807'4190      0x38  lv_tlsf.o [1]
  .rodata            const     0x807'41c8      0x38  lv_tlsf.o [1]
  .rodata            const     0x807'4200      0x38  lv_tlsf.o [1]
  .rodata            const     0x807'4238      0x38  lv_tlsf.o [1]
  .rodata            const     0x807'4270      0x38  ui_control.o [1]
  .rodata            const     0x807'42a8      0x34  lv_disp.o [1]
  .rodata            const     0x807'42dc      0x30  lv_disp.o [1]
  .rodata            const     0x807'430c      0x30  lv_draw_sw_letter.o [1]
  .rodata            const     0x807'433c      0x30  lv_draw_sw_letter.o [1]
  .rodata            const     0x807'436c      0x30  lv_fs.o [1]
  .rodata            const     0x807'439c      0x30  lv_mem.o [1]
  .rodata            const     0x807'43cc      0x30  lv_mem.o [1]
  .rodata            const     0x807'43fc      0x30  lv_tlsf.o [1]
  .rodata            const     0x807'442c      0x30  lv_tlsf.o [1]
  .rodata            const     0x807'445c      0x30  lv_tlsf.o [1]
  .rodata            const     0x807'448c      0x30  system_stm32l4xx.o [1]
  .rodata            const     0x807'44bc      0x2c  lv_fs.o [1]
  .rodata            const     0x807'44e8      0x2c  lv_img_cache.o [1]
  .rodata            const     0x807'4514      0x2c  lv_img_decoder.o [1]
  .rodata            const     0x807'4540      0x2c  lv_img_decoder.o [1]
  .rodata            const     0x807'456c      0x2c  lv_img_decoder.o [1]
  .rodata            const     0x807'4598      0x2c  lv_label.o [1]
  .rodata            const     0x807'45c4      0x2c  lv_refr.o [1]
  .rodata            const     0x807'45f0      0x2c  lv_tlsf.o [1]
  .rodata            const     0x807'461c      0x2c  lv_tlsf.o [1]
  .rodata            const     0x807'4648      0x2c  lv_tlsf.o [1]
  .rodata            const     0x807'4674      0x2c  lv_tlsf.o [1]
  .rodata            const     0x807'46a0      0x28  lv_color.o [1]
  .rodata            const     0x807'46c8      0x28  lv_draw_img.o [1]
  .rodata            const     0x807'46f0      0x28  lv_draw_layer.o [1]
  .rodata            const     0x807'4718      0x28  lv_draw_mask.o [1]
  .rodata            const     0x807'4740      0x28  lv_draw_mask.o [1]
  .rodata            const     0x807'4768      0x28  lv_draw_mask.o [1]
  .rodata            const     0x807'4790      0x28  lv_draw_sw_blend.o [1]
  .rodata            const     0x807'47b8      0x28  lv_draw_sw_gradient.o [1]
  .rodata            const     0x807'47e0      0x28  lv_event.o [1]
  .rodata            const     0x807'4808      0x28  lv_font_montserrat_10.o [1]
  .rodata            const     0x807'4830      0x28  lv_font_montserrat_12.o [1]
  .rodata            const     0x807'4858      0x28  lv_font_montserrat_14.o [1]
  .rodata            const     0x807'4880      0x28  lv_font_montserrat_26.o [1]
  .rodata            const     0x807'48a8      0x28  lv_font_montserrat_44.o [1]
  .rodata            const     0x807'48d0      0x28  lv_font_montserrat_46.o [1]
  .rodata            const     0x807'48f8      0x28  lv_fs.o [1]
  .rodata            const     0x807'4920      0x28  lv_img.o [1]
  .rodata            const     0x807'4948      0x28  lv_img_decoder.o [1]
  .rodata            const     0x807'4970      0x28  lv_img_decoder.o [1]
  .rodata            const     0x807'4998      0x28  lv_refr.o [1]
  .rodata            const     0x807'49c0      0x28  lv_style.o [1]
  .rodata            const     0x807'49e8      0x28  lv_timer.o [1]
  .rodata            const     0x807'4a10      0x28  ui_control.o [1]
  .rodata            const     0x807'4a38      0x28  ui_control.o [1]
  .rodata            const     0x807'4a60      0x28  ui_control.o [1]
  .text              ro code   0x807'4a88      0x28  data_init.o [4]
  .rodata            const     0x807'4ab0      0x24  compass.o [1]
  .rodata            const     0x807'4ad4      0x24  compass.o [1]
  .rodata            const     0x807'4af8      0x24  compass.o [1]
  .rodata            const     0x807'4b1c      0x24  lv_draw_sw_line.o [1]
  .rodata            const     0x807'4b40      0x24  lv_draw_sw_rect.o [1]
  .rodata            const     0x807'4b64      0x24  lv_draw_transform.o [1]
  .rodata            const     0x807'4b88      0x24  lv_img.o [1]
  .rodata            const     0x807'4bac      0x24  lv_img_decoder.o [1]
  .rodata            const     0x807'4bd0      0x24  lv_img_decoder.o [1]
  .rodata            const     0x807'4bf4      0x24  lv_img_decoder.o [1]
  .rodata            const     0x807'4c18      0x24  lv_img_decoder.o [1]
  .rodata            const     0x807'4c3c      0x24  lv_img_decoder.o [1]
  .rodata            const     0x807'4c60      0x24  lv_img_decoder.o [1]
  .rodata            const     0x807'4c84      0x24  lv_refr.o [1]
  .rodata            const     0x807'4ca8      0x24  lv_refr.o [1]
  .rodata            const     0x807'4ccc      0x24  lv_style.o [1]
  .rodata            const     0x807'4cf0      0x24  ui_control.o [1]
  .rodata            const     0x807'4d14      0x24  ui_control.o [1]
  .rodata            const     0x807'4d38      0x24  ui_main.o [1]
  .rodata            const     0x807'4d5c      0x24  ui_main.o [1]
  .text              ro code   0x807'4d80      0x22  fpinit_M.o [3]
  .iar.init_table    const     0x807'4da4      0x20  - Linker created -
  .rodata            const     0x807'4dc4      0x20  lv_anim.o [1]
  .rodata            const     0x807'4de4      0x20  lv_disp.o [1]
  .rodata            const     0x807'4e04      0x20  lv_draw_img.o [1]
  .rodata            const     0x807'4e24      0x20  lv_draw_layer.o [1]
  .rodata            const     0x807'4e44      0x20  lv_draw_mask.o [1]
  .rodata            const     0x807'4e64      0x20  lv_draw_sw_gradient.o [1]
  .rodata            const     0x807'4e84      0x20  lv_draw_transform.o [1]
  .rodata            const     0x807'4ea4      0x20  lv_font.o [1]
  .rodata            const     0x807'4ec4      0x20  lv_fs.o [1]
  .rodata            const     0x807'4ee4      0x20  lv_fs.o [1]
  .rodata            const     0x807'4f04      0x20  lv_fs.o [1]
  .rodata            const     0x807'4f24      0x20  lv_group.o [1]
  .rodata            const     0x807'4f44      0x20  lv_hal_disp.o [1]
  .rodata            const     0x807'4f64      0x20  lv_img.o [1]
  .rodata            const     0x807'4f84      0x20  lv_img.o [1]
  .rodata            const     0x807'4fa4      0x20  lv_img_decoder.o [1]
  .rodata            const     0x807'4fc4      0x20  lv_img_decoder.o [1]
  .rodata            const     0x807'4fe4      0x20  lv_img_decoder.o [1]
  .rodata            const     0x807'5004      0x20  lv_label.o [1]
  .rodata            const     0x807'5024      0x20  lv_mem.o [1]
  .rodata            const     0x807'5044      0x20  lv_obj.o [1]
  .rodata            const     0x807'5064      0x20  lv_obj_style.o [1]
  .rodata            const     0x807'5084      0x20  lv_obj_style.o [1]
  .rodata            const     0x807'50a4      0x20  lv_obj_tree.o [1]
  .rodata            const     0x807'50c4      0x20  lv_refr.o [1]
  .rodata            const     0x807'50e4      0x20  lv_timer.o [1]
  .rodata            const     0x807'5104      0x20  lv_tlsf.o [1]
  .rodata            const     0x807'5124      0x20  lv_txt.o [1]
  .rodata            const     0x807'5144      0x20  ui_control.o [1]
  .rodata            const     0x807'5164      0x20  ui_control.o [1]
  .rodata            const     0x807'5184      0x20  ui_control.o [1]
  .rodata            const     0x807'51a4      0x20  ui_main.o [1]
  .text              ro code   0x807'51c4      0x1e  cmain.o [4]
  .text              ro code   0x807'51e2       0x4  low_level_init.o [2]
  .text              ro code   0x807'51e6       0x4  exit.o [2]
  .text              ro code   0x807'51ec       0xe  cexit.o [4]
  .rodata            const     0x807'51fc      0x1c  lv_bar.o [1]
  .rodata            const     0x807'5218      0x1c  lv_btn.o [1]
  .rodata            const     0x807'5234      0x1c  lv_draw_mask.o [1]
  .rodata            const     0x807'5250      0x1c  lv_draw_sw_gradient.o [1]
  .rodata            const     0x807'526c      0x1c  lv_draw_sw_gradient.o [1]
  .rodata            const     0x807'5288      0x1c  lv_draw_sw_gradient.o [1]
  .rodata            const     0x807'52a4      0x1c  lv_draw_sw_letter.o [1]
  .rodata            const     0x807'52c0      0x1c  lv_event.o [1]
  .rodata            const     0x807'52dc      0x1c  lv_font.o [1]
  .rodata            const     0x807'52f8      0x1c  lv_font_fmt_txt.o [1]
  .rodata            const     0x807'5314      0x1c  lv_font_montserrat_10.o [1]
  .rodata            const     0x807'5330      0x1c  lv_font_montserrat_12.o [1]
  .rodata            const     0x807'534c      0x1c  lv_font_montserrat_14.o [1]
  .rodata            const     0x807'5368      0x1c  lv_font_montserrat_26.o [1]
  .rodata            const     0x807'5384      0x1c  lv_font_montserrat_44.o [1]
  .rodata            const     0x807'53a0      0x1c  lv_font_montserrat_46.o [1]
  .rodata            const     0x807'53bc      0x1c  lv_hal_disp.o [1]
  .rodata            const     0x807'53d8      0x1c  lv_img.o [1]
  .rodata            const     0x807'53f4      0x1c  lv_img_decoder.o [1]
  .rodata            const     0x807'5410      0x1c  lv_label.o [1]
  .rodata            const     0x807'542c      0x1c  lv_log.o [1]
  .rodata            const     0x807'5448      0x1c  lv_mem.o [1]
  .rodata            const     0x807'5464      0x1c  lv_obj.o [1]
  .rodata            const     0x807'5480      0x1c  lv_obj.o [1]
  .rodata            const     0x807'549c      0x1c  lv_obj.o [1]
  .rodata            const     0x807'54b8      0x1c  lv_refr.o [1]
  .rodata            const     0x807'54d4      0x1c  lv_style.o [1]
  .rodata            const     0x807'54f0      0x1c  lv_style.o [1]
  .rodata            const     0x807'550c      0x1c  lv_tlsf.o [1]
  .rodata            const     0x807'5528      0x1c  lv_tlsf.o [1]
  .rodata            const     0x807'5544      0x1c  ui_control.o [1]
  .rodata            const     0x807'5560      0x1c  ui_control.o [1]
  .rodata            const     0x807'557c      0x1c  ui_control.o [1]
  .rodata            const     0x807'5598      0x1c  ui_main.o [1]
  .rodata            const     0x807'55b4      0x18  lv_disp.o [1]
  .rodata            const     0x807'55cc      0x18  lv_disp.o [1]
  .rodata            const     0x807'55e4      0x18  lv_disp.o [1]
  .rodata            const     0x807'55fc      0x18  lv_disp.o [1]
  .rodata            const     0x807'5614      0x18  lv_draw_img.o [1]
  .rodata            const     0x807'562c      0x18  lv_draw_layer.o [1]
  .rodata            const     0x807'5644      0x18  lv_draw_mask.o [1]
  .rodata            const     0x807'565c      0x18  lv_draw_mask.o [1]
  .rodata            const     0x807'5674      0x18  lv_draw_mask.o [1]
  .rodata            const     0x807'568c      0x18  lv_draw_sw_gradient.o [1]
  .rodata            const     0x807'56a4      0x18  lv_draw_sw_layer.o [1]
  .rodata            const     0x807'56bc      0x18  lv_event.o [1]
  .rodata            const     0x807'56d4      0x18  lv_font.o [1]
  .rodata            const     0x807'56ec      0x18  lv_font.o [1]
  .rodata            const     0x807'5704      0x18  lv_font_montserrat_10.o [1]
  .rodata            const     0x807'571c      0x18  lv_font_montserrat_12.o [1]
  .rodata            const     0x807'5734      0x18  lv_font_montserrat_14.o [1]
  .rodata            const     0x807'574c      0x18  lv_font_montserrat_26.o [1]
  .rodata            const     0x807'5764      0x18  lv_font_montserrat_44.o [1]
  .rodata            const     0x807'577c      0x18  lv_font_montserrat_46.o [1]
  .rodata            const     0x807'5794      0x18  lv_fs.o [1]
  .rodata            const     0x807'57ac      0x18  lv_hal_disp.o [1]
  .rodata            const     0x807'57c4      0x18  lv_img_decoder.o [1]
  .rodata            const     0x807'57dc      0x18  lv_img_decoder.o [1]
  .rodata            const     0x807'57f4      0x18  lv_img_decoder.o [1]
  .rodata            const     0x807'580c      0x18  lv_img_decoder.o [1]
  .rodata            const     0x807'5824      0x18  lv_label.o [1]
  .rodata            const     0x807'583c      0x18  lv_label.o [1]
  .rodata            const     0x807'5854      0x18  lv_label.o [1]
  .rodata            const     0x807'586c      0x18  lv_mem.o [1]
  .rodata            const     0x807'5884      0x18  lv_obj.o [1]
  .rodata            const     0x807'589c      0x18  lv_obj.o [1]
  .rodata            const     0x807'58b4      0x18  lv_obj_class.o [1]
  .rodata            const     0x807'58cc      0x18  lv_style.o [1]
  .rodata            const     0x807'58e4      0x18  lv_tlsf.o [1]
  .rodata            const     0x807'58fc      0x18  lv_tlsf.o [1]
  .rodata            const     0x807'5914      0x18  lv_txt.o [1]
  .rodata            const     0x807'592c      0x18  ui_control.o [1]
  .rodata            const     0x807'5944      0x18  ui_control.o [1]
  .rodata            const     0x807'595c      0x18  ui_control.o [1]
  .rodata            const     0x807'5974      0x18  ui_control.o [1]
  .rodata            const     0x807'598c      0x18  ui_control.o [1]
  .rodata            const     0x807'59a4      0x18  ui_control.o [1]
  .rodata            const     0x807'59bc      0x18  ui_control.o [1]
  .rodata            const     0x807'59d4      0x18  ui_control.o [1]
  .rodata            const     0x807'59ec      0x18  ui_control.o [1]
  .text              ro code   0x807'5a04      0x16  xprout.o [2]
  .text              ro code   0x807'5a1c       0xc  putchar.o [2]
  .rodata            const     0x807'5a28      0x14  lv_anim.o [1]
  .rodata            const     0x807'5a3c      0x14  lv_color.o [1]
  .rodata            const     0x807'5a50      0x14  lv_disp.o [1]
  .rodata            const     0x807'5a64      0x14  lv_draw_img.o [1]
  .rodata            const     0x807'5a78      0x14  lv_draw_img.o [1]
  .rodata            const     0x807'5a8c      0x14  lv_draw_label.o [1]
  .rodata            const     0x807'5aa0      0x14  lv_draw_layer.o [1]
  .rodata            const     0x807'5ab4      0x14  lv_draw_mask.o [1]
  .rodata            const     0x807'5ac8      0x14  lv_draw_sw_letter.o [1]
  .rodata            const     0x807'5adc      0x14  lv_draw_sw_letter.o [1]
  .rodata            const     0x807'5af0      0x14  lv_draw_transform.o [1]
  .rodata            const     0x807'5b04      0x14  lv_draw_transform.o [1]
  .rodata            const     0x807'5b18      0x14  lv_event.o [1]
  .rodata            const     0x807'5b2c      0x14  lv_fs.o [1]
  .rodata            const     0x807'5b40      0x14  lv_group.o [1]
  .rodata            const     0x807'5b54      0x14  lv_hal_disp.o [1]
  .rodata            const     0x807'5b68      0x14  lv_hal_disp.o [1]
  .rodata            const     0x807'5b7c      0x14  lv_img_cache.o [1]
  .rodata            const     0x807'5b90      0x14  lv_img_decoder.o [1]
  .rodata            const     0x807'5ba4      0x14  lv_img_decoder.o [1]
  .rodata            const     0x807'5bb8      0x14  lv_label.o [1]
  .rodata            const     0x807'5bcc      0x14  lv_label.o [1]
  .rodata            const     0x807'5be0      0x14  lv_log.o [1]
  .rodata            const     0x807'5bf4      0x14  lv_mem.o [1]
  .rodata            const     0x807'5c08      0x14  lv_obj_style.o [1]
  .rodata            const     0x807'5c1c      0x14  lv_refr.o [1]
  .rodata            const     0x807'5c30      0x14  lv_timer.o [1]
  .rodata            const     0x807'5c44      0x14  lv_timer.o [1]
  .rodata            const     0x807'5c58      0x14  lv_tlsf.o [1]
  .rodata            const     0x807'5c6c      0x14  lv_tlsf.o [1]
  .rodata            const     0x807'5c80      0x14  lv_tlsf.o [1]
  .rodata            const     0x807'5c94      0x14  lv_tlsf.o [1]
  .rodata            const     0x807'5ca8      0x14  lv_tlsf.o [1]
  .rodata            const     0x807'5cbc      0x14  lv_tlsf.o [1]
  .rodata            const     0x807'5cd0      0x14  lv_tlsf.o [1]
  .rodata            const     0x807'5ce4      0x14  ui_control.o [1]
  .rodata            const     0x807'5cf8      0x14  ui_control.o [1]
  .rodata            const     0x807'5d0c      0x14  ui_control.o [1]
  .rodata            const     0x807'5d20      0x14  ui_control.o [1]
  .rodata            const     0x807'5d34      0x14  ui_control.o [1]
  .rodata            const     0x807'5d48      0x14  ui_control.o [1]
  .rodata            const     0x807'5d5c      0x14  ui_control.o [1]
  .rodata            const     0x807'5d70      0x14  ui_control.o [1]
  .rodata            const     0x807'5d84      0x14  ui_control.o [1]
  .rodata            const     0x807'5d98      0x14  ui_control.o [1]
  .rodata            const     0x807'5dac      0x14  ui_control.o [1]
  .rodata            const     0x807'5dc0      0x14  ui_control.o [1]
  .rodata            const     0x807'5dd4      0x14  ui_control.o [1]
  .rodata            const     0x807'5de8      0x14  ui_control.o [1]
  .rodata            const     0x807'5dfc      0x14  ui_control.o [1]
  .rodata            const     0x807'5e10      0x14  ui_control.o [1]
  .rodata            const     0x807'5e24      0x14  ui_control.o [1]
  .rodata            const     0x807'5e38      0x14  ui_control.o [1]
  .rodata            const     0x807'5e4c      0x14  ui_control.o [1]
  .rodata            const     0x807'5e60      0x14  ui_control.o [1]
  .rodata            const     0x807'5e74      0x14  ui_control.o [1]
  .rodata            const     0x807'5e88      0x14  ui_control.o [1]
  .rodata            const     0x807'5e9c      0x14  ui_control.o [1]
  .rodata            const     0x807'5eb0      0x14  ui_control.o [1]
  .rodata            const     0x807'5ec4      0x10  compass.o [1]
  .rodata            const     0x807'5ed4      0x10  FusionAhrs.o [1]
  .rodata            const     0x807'5ee4      0x10  FusionAhrs.o [1]
  .rodata            const     0x807'5ef4      0x10  FusionAhrs.o [1]
  .rodata            const     0x807'5f04      0x10  lv_anim.o [1]
  .rodata            const     0x807'5f14      0x10  lv_anim.o [1]
  .rodata            const     0x807'5f24      0x10  lv_color.o [1]
  .rodata            const     0x807'5f34      0x10  lv_draw_img.o [1]
  .rodata            const     0x807'5f44      0x10  lv_draw_label.o [1]
  .rodata            const     0x807'5f54      0x10  lv_draw_layer.o [1]
  .rodata            const     0x807'5f64      0x10  lv_draw_mask.o [1]
  .rodata            const     0x807'5f74      0x10  lv_draw_mask.o [1]
  .rodata            const     0x807'5f84      0x10  lv_draw_mask.o [1]
  .rodata            const     0x807'5f94      0x10  lv_draw_mask.o [1]
  .rodata            const     0x807'5fa4      0x10  lv_draw_sw_blend.o [1]
  .rodata            const     0x807'5fb4      0x10  lv_draw_sw_gradient.o [1]
  .rodata            const     0x807'5fc4      0x10  lv_draw_sw_gradient.o [1]
  .rodata            const     0x807'5fd4      0x10  lv_draw_sw_gradient.o [1]
  .rodata            const     0x807'5fe4      0x10  lv_draw_sw_gradient.o [1]
  .rodata            const     0x807'5ff4      0x10  lv_draw_sw_letter.o [1]
  .rodata            const     0x807'6004      0x10  lv_draw_transform.o [1]
  .rodata            const     0x807'6014      0x10  lv_font.o [1]
  .rodata            const     0x807'6024      0x10  lv_font.o [1]
  .rodata            const     0x807'6034      0x10  lv_font.o [1]
  .rodata            const     0x807'6044      0x10  lv_font.o [1]
  .rodata            const     0x807'6054      0x10  lv_font_montserrat_10.o [1]
  .rodata            const     0x807'6064      0x10  lv_font_montserrat_12.o [1]
  .rodata            const     0x807'6074      0x10  lv_font_montserrat_14.o [1]
  .rodata            const     0x807'6084      0x10  lv_font_montserrat_26.o [1]
  .rodata            const     0x807'6094      0x10  lv_font_montserrat_44.o [1]
  .rodata            const     0x807'60a4      0x10  lv_font_montserrat_46.o [1]
  .rodata            const     0x807'60b4      0x10  lv_fs.o [1]
  .rodata            const     0x807'60c4      0x10  lv_group.o [1]
  .rodata            const     0x807'60d4      0x10  lv_group.o [1]
  .rodata            const     0x807'60e4      0x10  lv_hal_disp.o [1]
  .rodata            const     0x807'60f4      0x10  lv_hal_disp.o [1]
  .rodata            const     0x807'6104      0x10  lv_img.o [1]
  .rodata            const     0x807'6114      0x10  lv_img.o [1]
  .rodata            const     0x807'6124      0x10  lv_img.o [1]
  .rodata            const     0x807'6134      0x10  lv_img_decoder.o [1]
  .rodata            const     0x807'6144      0x10  lv_img_decoder.o [1]
  .rodata            const     0x807'6154      0x10  lv_img_decoder.o [1]
  .rodata            const     0x807'6164      0x10  lv_label.o [1]
  .rodata            const     0x807'6174      0x10  lv_label.o [1]
  .rodata            const     0x807'6184      0x10  lv_label.o [1]
  .rodata            const     0x807'6194      0x10  lv_mem.o [1]
  .rodata            const     0x807'61a4      0x10  lv_mem.o [1]
  .rodata            const     0x807'61b4      0x10  lv_obj.o [1]
  .rodata            const     0x807'61c4      0x10  lv_obj_style.o [1]
  .rodata            const     0x807'61d4      0x10  lv_obj_style.o [1]
  .rodata            const     0x807'61e4      0x10  lv_obj_tree.o [1]
  .rodata            const     0x807'61f4      0x10  lv_obj_tree.o [1]
  .rodata            const     0x807'6204      0x10  lv_refr.o [1]
  .rodata            const     0x807'6214      0x10  lv_refr.o [1]
  .rodata            const     0x807'6224      0x10  lv_refr.o [1]
  .rodata            const     0x807'6234      0x10  lv_refr.o [1]
  .rodata            const     0x807'6244      0x10  lv_style.o [1]
  .rodata            const     0x807'6254      0x10  lv_timer.o [1]
  .rodata            const     0x807'6264      0x10  lv_timer.o [1]
  .rodata            const     0x807'6274      0x10  lv_tlsf.o [1]
  .rodata            const     0x807'6284      0x10  lv_tlsf.o [1]
  .rodata            const     0x807'6294      0x10  lv_tlsf.o [1]
  .rodata            const     0x807'62a4      0x10  lv_tlsf.o [1]
  .rodata            const     0x807'62b4      0x10  lv_tlsf.o [1]
  .rodata            const     0x807'62c4      0x10  lv_tlsf.o [1]
  .rodata            const     0x807'62d4      0x10  lv_txt.o [1]
  .rodata            const     0x807'62e4      0x10  lv_txt.o [1]
  .rodata            const     0x807'62f4      0x10  lv_txt.o [1]
  .rodata            const     0x807'6304      0x10  main_process.o [1]
  .rodata            const     0x807'6314      0x10  system_stm32l4xx.o [1]
  .rodata            const     0x807'6324      0x10  ui_control.o [1]
  .rodata            const     0x807'6334      0x10  ui_control.o [1]
  .rodata            const     0x807'6344      0x10  ui_control.o [1]
  .rodata            const     0x807'6354      0x10  ui_control.o [1]
  .rodata            const     0x807'6364      0x10  ui_control.o [1]
  .rodata            const     0x807'6374      0x10  ui_control.o [1]
  .rodata            const     0x807'6384      0x10  ui_control.o [1]
  .rodata            const     0x807'6394      0x10  ui_control.o [1]
  .rodata            const     0x807'63a4      0x10  ui_control.o [1]
  .rodata            const     0x807'63b4      0x10  ui_control.o [1]
  .rodata            const     0x807'63c4      0x10  ui_control.o [1]
  .rodata            const     0x807'63d4      0x10  ui_control.o [1]
  .rodata            const     0x807'63e4      0x10  ui_control.o [1]
  .rodata            const     0x807'63f4      0x10  ui_control.o [1]
  .rodata            const     0x807'6404      0x10  ui_control.o [1]
  .rodata            const     0x807'6414      0x10  ui_control.o [1]
  .rodata            const     0x807'6424      0x10  ui_control.o [1]
  .rodata            const     0x807'6434      0x10  ui_control.o [1]
  .rodata            const     0x807'6444      0x10  ui_control.o [1]
  .rodata            const     0x807'6454      0x10  ui_control.o [1]
  .rodata            const     0x807'6464      0x10  ui_control.o [1]
  .rodata            const     0x807'6474      0x10  ui_control.o [1]
  .rodata            const     0x807'6484      0x10  ui_control.o [1]
  .rodata            const     0x807'6494      0x10  ui_control.o [1]
  .rodata            const     0x807'64a4      0x10  ui_control.o [1]
  .rodata            const     0x807'64b4      0x10  ui_control.o [1]
  .rodata            const     0x807'64c4      0x10  ui_control.o [1]
  .rodata            const     0x807'64d4      0x10  ui_control.o [1]
  .rodata            const     0x807'64e4      0x10  ui_control.o [1]
  .text              ro code   0x807'64f4      0x10  startup_stm32l476xx.o [1]
  .text              ro code   0x807'6504      0x10  system_stm32l4xx.o [1]
  .rodata            const     0x807'6514       0xc  compass.o [1]
  .rodata            const     0x807'6520       0xc  compass.o [1]
  .rodata            const     0x807'652c       0xc  compass.o [1]
  .rodata            const     0x807'6538       0xc  compass.o [1]
  .rodata            const     0x807'6544       0xc  compass.o [1]
  .rodata            const     0x807'6550       0xc  flash_process.o [1]
  .rodata            const     0x807'655c       0xc  flash_process.o [1]
  .rodata            const     0x807'6568       0xc  flash_process.o [1]
  .rodata            const     0x807'6574       0xc  FusionAhrs.o [1]
  .rodata            const     0x807'6580       0xc  FusionAhrs.o [1]
  .rodata            const     0x807'658c       0xc  FusionAhrs.o [1]
  .rodata            const     0x807'6598       0xc  FusionAhrs.o [1]
  .rodata            const     0x807'65a4       0xc  FusionAhrs.o [1]
  .rodata            const     0x807'65b0       0xc  FusionOffset.o [1]
  .rodata            const     0x807'65bc       0xc  lv_draw_img.o [1]
  .rodata            const     0x807'65c8       0xc  lv_draw_sw_blend.o [1]
  .rodata            const     0x807'65d4       0xc  lv_draw_sw_rect.o [1]
  .rodata            const     0x807'65e0       0xc  lv_fs.o [1]
  .rodata            const     0x807'65ec       0xc  lv_img.o [1]
  .rodata            const     0x807'65f8       0xc  lv_label.o [1]
  .rodata            const     0x807'6604       0xc  lv_mem.o [1]
  .rodata            const     0x807'6610       0xc  lv_obj_style.o [1]
  .rodata            const     0x807'661c       0xc  lv_obj_tree.o [1]
  .rodata            const     0x807'6628       0xc  lv_refr.o [1]
  .rodata            const     0x807'6634       0xc  lv_refr.o [1]
  .rodata            const     0x807'6640       0xc  lv_tlsf.o [1]
  .rodata            const     0x807'664c       0xc  lv_tlsf.o [1]
  .rodata            const     0x807'6658       0xc  lv_tlsf.o [1]
  .rodata            const     0x807'6664       0xc  lv_tlsf.o [1]
  .rodata            const     0x807'6670       0xc  lv_tlsf.o [1]
  .rodata            const     0x807'667c       0xc  lv_tlsf.o [1]
  .rodata            const     0x807'6688       0xc  main.o [1]
  .rodata            const     0x807'6694       0xc  main_process.o [1]
  .rodata            const     0x807'66a0       0xc  main_process.o [1]
  .rodata            const     0x807'66ac       0xc  main_process.o [1]
  .rodata            const     0x807'66b8       0xc  ui_control.o [1]
  .rodata            const     0x807'66c4       0xc  ui_control.o [1]
  .rodata            const     0x807'66d0       0xc  ui_control.o [1]
  .rodata            const     0x807'66dc       0xc  ui_control.o [1]
  .rodata            const     0x807'66e8       0xc  ui_control.o [1]
  .rodata            const     0x807'66f4       0xc  ui_control.o [1]
  .rodata            const     0x807'6700       0xc  ui_control.o [1]
  .rodata            const     0x807'670c       0xc  ui_control.o [1]
  .rodata            const     0x807'6718       0xc  ui_control.o [1]
  .rodata            const     0x807'6724       0xc  ui_control.o [1]
  .rodata            const     0x807'6730       0xc  ui_control.o [1]
  .rodata            const     0x807'673c       0xc  ui_control.o [1]
  .rodata            const     0x807'6748       0xc  ui_control.o [1]
  .rodata            const     0x807'6754       0xc  ui_control.o [1]
  .rodata            const     0x807'6760       0xc  ui_control.o [1]
  .rodata            const     0x807'676c       0xc  ui_control.o [1]
  .rodata            const     0x807'6778       0xc  ui_control.o [1]
  .rodata            const     0x807'6784       0xc  ui_control.o [1]
  .rodata            const     0x807'6790       0xc  ui_control.o [1]
  .rodata            const     0x807'679c       0xc  ui_control.o [1]
  .rodata            const     0x807'67a8       0xc  ui_control.o [1]
  .rodata            const     0x807'67b4       0xc  ui_control.o [1]
  .rodata            const     0x807'67c0       0xc  ui_control.o [1]
  .rodata            const     0x807'67cc       0xc  ui_control.o [1]
  .rodata            const     0x807'67d8       0xc  ui_control.o [1]
  .rodata            const     0x807'67e4       0xc  ui_control.o [1]
  .rodata            const     0x807'67f0       0xc  ui_control.o [1]
  .rodata            const     0x807'67fc       0xc  ui_control.o [1]
  .rodata            const     0x807'6808       0xc  ui_control.o [1]
  .rodata            const     0x807'6814       0xc  ui_control.o [1]
  .rodata            const     0x807'6820       0xc  ui_control.o [1]
  .rodata            const     0x807'682c       0xc  ui_control.o [1]
  .rodata            const     0x807'6838       0xc  ui_main.o [1]
  .rodata            const     0x807'6844       0xc  ui_main.o [1]
  .text              ro code   0x807'6850       0xc  cstartup_M.o [4]
  .rodata            const     0x807'685c       0x8  lv_draw_img.o [1]
  .rodata            const     0x807'6864       0x8  lv_draw_sw_gradient.o [1]
  .rodata            const     0x807'686c       0x8  lv_draw_sw_polygon.o [1]
  .rodata            const     0x807'6874       0x8  lv_label.o [1]
  .rodata            const     0x807'687c       0x8  lv_log.o [1]
  .rodata            const     0x807'6884       0x8  lv_log.o [1]
  .rodata            const     0x807'688c       0x8  lv_log.o [1]
  .rodata            const     0x807'6894       0x8  lv_log.o [1]
  .rodata            const     0x807'689c       0x8  lv_log.o [1]
  .rodata            const     0x807'68a4       0x8  lv_mem.o [1]
  .rodata            const     0x807'68ac       0x8  lv_obj.o [1]
  .rodata            const     0x807'68b4       0x8  lv_txt.o [1]
  .rodata            const     0x807'68bc       0x8  main.o [1]
  .rodata            const     0x807'68c4       0x8  main.o [1]
  .rodata            const     0x807'68cc       0x8  main.o [1]
  .rodata            const     0x807'68d4       0x8  main.o [1]
  .rodata            const     0x807'68dc       0x8  system_stm32l4xx.o [1]
  .rodata            const     0x807'68e4       0x8  ui_compass.o [1]
  .rodata            const     0x807'68ec       0x8  ui_control.o [1]
  .rodata            const     0x807'68f4       0x8  ui_control.o [1]
  .rodata            const     0x807'68fc       0x8  ui_control.o [1]
  .rodata            const     0x807'6904       0x8  ui_control.o [1]
  .rodata            const     0x807'690c       0x8  ui_control.o [1]
  .rodata            const     0x807'6914       0x8  ui_control.o [1]
  .rodata            const     0x807'691c       0x8  ui_control.o [1]
  .rodata            const     0x807'6924       0x8  ui_control.o [1]
  .rodata            const     0x807'692c       0x8  ui_control.o [1]
  .rodata            const     0x807'6934       0x8  ui_control.o [1]
  .rodata            const     0x807'693c       0x8  ui_control.o [1]
  .rodata            const     0x807'6944       0x8  ui_control.o [1]
  .rodata            const     0x807'694c       0x8  ui_control.o [1]
  .rodata            const     0x807'6954       0x8  ui_control.o [1]
  .rodata            const     0x807'695c       0x8  ui_control.o [1]
  .rodata            const     0x807'6964       0x8  ui_control.o [1]
  .rodata            const     0x807'696c       0x8  ui_control.o [1]
  .rodata            const     0x807'6974       0x8  ui_control.o [1]
  .rodata            const     0x807'697c       0x8  ui_control.o [1]
  .rodata            const     0x807'6984       0x8  ui_control.o [1]
  .rodata            const     0x807'698c       0x8  ui_control.o [1]
  .rodata            const     0x807'6994       0x8  ui_control.o [1]
  .rodata            const     0x807'699c       0x8  ui_control.o [1]
  .rodata            const     0x807'69a4       0x8  ui_control.o [1]
  .rodata            const     0x807'69ac       0x8  ui_control.o [1]
  .rodata            const     0x807'69b4       0x8  ui_control.o [1]
  .rodata            const     0x807'69bc       0x8  ui_diagnotics.o [1]
  .rodata            const     0x807'69c4       0x8  ui_diagnotics.o [1]
  .rodata            const     0x807'69cc       0x8  ui_diagnotics.o [1]
  .rodata            const     0x807'69d4       0x8  ui_main.o [1]
  .rodata            const     0x807'69dc       0x8  ui_main.o [1]
  .rodata            const     0x807'69e4       0x8  ui_main.o [1]
  .rodata            const     0x807'69ec       0x8  ui_main.o [1]
  .rodata            const     0x807'69f4       0x8  ui_main.o [1]
  .rodata            const     0x807'69fc       0x8  ui_main.o [1]
  .rodata            const     0x807'6a04       0x8  xprintffull_nomb.o [2]
  .rodata            const     0x807'6a0c       0x4  diva_process.o [1]
  .rodata            const     0x807'6a10       0x4  lv_draw_sw_letter.o [1]
  .rodata            const     0x807'6a14       0x4  lv_img_decoder.o [1]
  .rodata            const     0x807'6a18       0x4  lv_obj_pos.o [1]
  .rodata            const     0x807'6a1c       0x4  lv_obj_pos.o [1]
[...]
px_num                  0x2000'e948       0x4  Data  Lc  lv_refr.o [1]
readReg                  0x805'a4f1      0x34  Code  Gb  DFRobot_BMX160.o [1]
read_lux_sensor          0x805'a173      0x48  Code  Gb  veml7700.o [1]
refr_area                0x804'b22b     0x1be  Code  Lc  lv_refr.o [1]
refr_area_part           0x804'b3e9     0x224  Code  Lc  lv_refr.o [1]
refr_area_part::__func__
                         0x807'6214      0x10  Data  Lc  lv_refr.o [1]
refr_invalid_areas       0x804'b123     0x108  Code  Lc  lv_refr.o [1]
refr_obj                 0x804'b8b1     0x2d8  Code  Lc  lv_refr.o [1]
refr_obj::__func__       0x807'6628       0xc  Data  Lc  lv_refr.o [1]
refr_obj_and_children    0x804'b6a9      0x98  Code  Lc  lv_refr.o [1]
refr_sync_areas          0x804'afa9     0x17a  Code  Lc  lv_refr.o [1]
refresh_children_style   0x804'3f55      0x3c  Code  Lc  lv_obj_style.o [1]
release_event           0x2000'ea7f       0x1  Data  Gb  button_process.o [1]
remove                   0x807'2bd7      0x14  Code  Gb  remove.o [5]
remove_free_block        0x805'5069      0xae  Code  Lc  lv_tlsf.o [1]
remove_free_block::__func__
                         0x807'5c58      0x14  Data  Lc  lv_tlsf.o [1]
reset_stack_time         0x803'090d      0xce  Code  Lc  ui_control.o [1]
reseting_stack_timer     0x803'783d      0x4a  Code  Gb  main_process.o [1]
ret                     0x2000'023b       0x1  Data  Gb  veml7700.o [1]
return_to_main_screen    0x803'25fd      0x88  Code  Gb  ui_control.o [1]
rgb565a8_no_aa           0x806'd36d      0xd2  Code  Lc  lv_draw_sw_transform.o [1]
rgb_no_aa                0x806'd1b1      0xda  Code  Lc  lv_draw_sw_transform.o [1]
rotate_screen            0x803'4dc5      0x20  Code  Gb  ui_control.o [1]
rx1_buffer              0x2000'e9f8       0x4  Data  Gb  ms5837.o [1]
rx2_buffer              0x2000'e9fc       0x4  Data  Gb  ms5837.o [1]
sDate                   0x2000'ea20       0x4  Data  Gb  ui_control.o [1]
sFileInfo               0x2000'ddb8      0x80  Data  Lc  XShHandles.o [2]
sTime                   0x2000'e660      0x14  Data  Gb  ui_control.o [1]
save_config_flag        0x2000'eaaa       0x1  Data  Gb  ui_control.o [1]
scalbln                  0x804'f301            Code  Gb  ldexp.o [3]
scalblnl                 0x804'f301            Code  Gb  ldexp.o [3]
scalbn                   0x804'f301            Code  Gb  ldexp.o [3]
scalbnl                  0x804'f301            Code  Gb  ldexp.o [3]
scale                    0x803'e753      0x46  Code  Lc  xprintffull_nomb.o [2]
schreiner                0x803'ed41     0x134  Code  Gb  deco.o [1]
scr_anim_ready           0x803'98b5      0x60  Code  Lc  lv_disp.o [1]
scr_load_anim_start      0x803'9851      0x22  Code  Lc  lv_disp.o [1]
scr_load_internal        0x803'97f5      0x5c  Code  Lc  lv_disp.o [1]
screen_active_flag      0x2000'eab8       0x1  Data  Gb  ui_func_com.o [1]
screen_compass          0x2000'ea1c       0x4  Data  Gb  ui_compass.o [1]
screen_diagnotics       0x2000'ea30       0x4  Data  Gb  ui_diagnotics.o [1]
screen_dialog           0x2000'ea34       0x4  Data  Gb  ui_dialog.o [1]
screen_main             0x2000'ea50       0x4  Data  Gb  ui_main.o [1]
screen_menu             0x2000'ea54       0x4  Data  Gb  ui_menu.o [1]
screen_update            0x803'275d     0x696  Code  Gb  ui_control.o [1]
scroll_anim_ready_cb     0x804'628d      0x10  Code  Lc  lv_obj_scroll.o [1]
scroll_area_into_view    0x804'629d     0x3ea  Code  Lc  lv_obj_scroll.o [1]
scroll_x_anim            0x804'6255      0x1c  Code  Lc  lv_obj_scroll.o [1]
scroll_y_anim            0x804'6271      0x1c  Code  Lc  lv_obj_scroll.o [1]
scrollbar_init_draw_dsc
                         0x803'b6f5     0x12a  Code  Lc  lv_obj.o [1]
sd_card_clear            0x803'752f      0x2e  Code  Gb  main_process.o [1]
search_suitable_block    0x805'4fdb      0x8e  Code  Lc  lv_tlsf.o [1]
search_suitable_block::__func__
                         0x807'58fc      0x18  Data  Lc  lv_tlsf.o [1]
sec_hand                0x2000'ea60       0x4  Data  Lc  xfail_s.o [2]
second                  0x2000'eab0       0x1  Data  Gb  ui_control.o [1]
sendDivaStatus           0x805'af2f      0x8c  Code  Gb  diva_process.o [1]
sensorCalibrated        0x2000'ea97       0x1  Data  Lc  ms5837.o [1]
sensor_calibrated        0x804'20b9      0xb0  Code  Gb  sensors_calibration.o [1]
sensor_control_alarm     0x803'6b79     0x526  Code  Gb  main_process.o [1]
sensors_altCalibratePpO2Sensors
                         0x804'1f5f     0x158  Code  Gb  sensors_calibration.o [1]
sensors_ppO2SensorsAgree
                         0x803'6ab3      0x6c  Code  Lc  main_process.o [1]
sensors_stdCalibratePpO2Sensors
                         0x804'1e71      0xee  Code  Gb  sensors_calibration.o [1]
setMagnConf              0x805'a299      0x70  Code  Gb  DFRobot_BMX160.o [1]
set_date_time            0x803'4aed     0x228  Code  Gb  ui_control.o [1]
set_default_config       0x803'8701     0x17e  Code  Lc  flash_process.o [1]
set_ofs_x_anim           0x803'ab99      0x14  Code  Lc  lv_label.o [1]
set_ofs_y_anim           0x803'abad      0x14  Code  Lc  lv_label.o [1]
set_x_anim               0x803'988d      0x12  Code  Lc  lv_disp.o [1]
set_y_anim               0x803'98a1      0x12  Code  Lc  lv_disp.o [1]
setpoint_compass         0x803'0095      0x7a  Code  Lc  ui_control.o [1]
setpoint_confirm         0x803'1225     0x13e  Code  Gb  ui_control.o [1]
setpoint_edit_list       0x803'0f95     0x21c  Code  Gb  ui_control.o [1]
setpoint_edit_value     0x2000'eaa7       0x1  Data  Gb  ui_control.o [1]
setpoint_flag           0x2000'eaa9       0x1  Data  Gb  ui_control.o [1]
setpoint_list            0x803'0d49     0x140  Code  Gb  ui_control.o [1]
settings                 0x807'5ec4      0x10  Data  Gb  compass.o [1]
shadow_blur_corner       0x806'080f     0x208  Code  Lc  lv_draw_sw_rect.o [1]
shadow_draw_corner_buf   0x806'062b     0x1e4  Code  Lc  lv_draw_sw_rect.o [1]
show_error               0x805'6bed      0x42  Code  Lc  lv_draw_img.o [1]
signalLedsOnTime_s      0x2000'ea2c       0x4  Data  Lc  ui_control.o [1]
sin0_90_table            0x807'2190      0xb8  Data  Lc  lv_math.o [1]
sinf                     0x805'ed51       0x4  Code  Gb  cos_sin32.o [3]
snprintf                 0x803'5ca9      0x44  Code  Gb  snprintf.o [2]
softIronMatrix           0x807'4af8      0x24  Data  Gb  compass.o [1]
softReset                0x805'a217      0x1e  Code  Gb  DFRobot_BMX160.o [1]
spiffs_cache_buf        0x2000'c23c     0x480  Data  Gb  spi_ffs.o [1]
spiffs_cache_drop_page   0x804'f809      0x22  Code  Gb  spiffs_cache.o [1]
spiffs_cache_fd_release
                         0x804'fa7f      0x44  Code  Gb  spiffs_cache.o [1]
spiffs_cache_init        0x804'fac3      0xc4  Code  Gb  spiffs_cache.o [1]
spiffs_cache_page_allocate
                         0x804'f7c1      0x48  Code  Lc  spiffs_cache.o [1]
spiffs_cache_page_allocate_by_fd
                         0x804'fa51      0x2e  Code  Gb  spiffs_cache.o [1]
spiffs_cache_page_free   0x804'f6b7      0x7c  Code  Lc  spiffs_cache.o [1]
spiffs_cache_page_get    0x804'f669      0x4e  Code  Lc  spiffs_cache.o [1]
spiffs_cache_page_get_by_fd
                         0x804'fa0b      0x46  Code  Gb  spiffs_cache.o [1]
spiffs_cache_page_remove_oldest
                         0x804'f733      0x8e  Code  Lc  spiffs_cache.o [1]
spiffs_cb_object_event   0x805'0a39     0x1ca  Code  Gb  spiffs_nucleus.o [1]
spiffs_erase_block       0x804'ff4f      0x78  Code  Gb  spiffs_nucleus.o [1]
spiffs_fd_find_new       0x805'2665     0x122  Code  Gb  spiffs_nucleus.o [1]
spiffs_fd_get            0x805'27cb      0x3e  Code  Gb  spiffs_nucleus.o [1]
spiffs_fd_return         0x805'2787      0x44  Code  Gb  spiffs_nucleus.o [1]
spiffs_fds              0x2000'dd38      0x80  Data  Gb  spi_ffs.o [1]
spiffs_fflush_cache      0x804'01b1      0x88  Code  Lc  spiffs_hydrogen.o [1]
spiffs_flash_init        0x805'a047       0xc  Code  Gb  spi_ffs.o [1]
spiffs_gc_check          0x805'739f     0x140  Code  Gb  spiffs_gc.o [1]
spiffs_gc_clean          0x805'77b7     0x55c  Code  Gb  spiffs_gc.o [1]
spiffs_gc_erase_block    0x805'722d      0x3e  Code  Lc  spiffs_gc.o [1]
spiffs_gc_erase_page_stats
                         0x805'74df      0xb0  Code  Gb  spiffs_gc.o [1]
spiffs_gc_find_candidate
                         0x805'758f     0x228  Code  Gb  spiffs_gc.o [1]
spiffs_gc_quick          0x805'726b     0x134  Code  Gb  spiffs_gc.o [1]
spiffs_hash              0x805'2639      0x2c  Code  Lc  spiffs_nucleus.o [1]
spiffs_hydro_read        0x803'fc5f     0x11c  Code  Lc  spiffs_hydrogen.o [1]
spiffs_hydro_write       0x803'fda1      0x82  Code  Lc  spiffs_hydrogen.o [1]
spiffs_obj_lu_find_entry_visitor
                         0x804'fd79     0x1d6  Code  Gb  spiffs_nucleus.o [1]
spiffs_obj_lu_find_free
                         0x805'00fb      0x82  Code  Gb  spiffs_nucleus.o [1]
spiffs_obj_lu_find_free_obj_id
                         0x805'242d     0x200  Code  Gb  spiffs_nucleus.o [1]
spiffs_obj_lu_find_free_obj_id_bitmap_v
                         0x805'2283      0xda  Code  Lc  spiffs_nucleus.o [1]
spiffs_obj_lu_find_free_obj_id_compact_v
                         0x805'235d      0xca  Code  Lc  spiffs_nucleus.o [1]
spiffs_obj_lu_find_id    0x805'017d      0x46  Code  Gb  spiffs_nucleus.o [1]
spiffs_obj_lu_find_id_and_span
                         0x805'0265      0x74  Code  Gb  spiffs_nucleus.o [1]
spiffs_obj_lu_find_id_and_span_v
                         0x805'01c3      0xa2  Code  Lc  spiffs_nucleus.o [1]
spiffs_obj_lu_scan       0x805'0001      0xfa  Code  Gb  spiffs_nucleus.o [1]
spiffs_obj_lu_scan_v     0x804'ffc7      0x3a  Code  Lc  spiffs_nucleus.o [1]
spiffs_object_append     0x805'0cfd     0x69a  Code  Gb  spiffs_nucleus.o [1]
spiffs_object_create     0x805'07af     0x132  Code  Gb  spiffs_nucleus.o [1]
spiffs_object_find_object_index_header_by_name
                         0x805'19a9      0x64  Code  Gb  spiffs_nucleus.o [1]
spiffs_object_find_object_index_header_by_name_v
                         0x805'190b      0x9e  Code  Lc  spiffs_nucleus.o [1]
spiffs_object_modify     0x805'13a9     0x562  Code  Gb  spiffs_nucleus.o [1]
spiffs_object_open_by_page
                         0x805'0c03      0xf4  Code  Gb  spiffs_nucleus.o [1]
spiffs_object_read       0x805'2005     0x27e  Code  Gb  spiffs_nucleus.o [1]
spiffs_object_truncate   0x805'1a11     0x5e2  Code  Gb  spiffs_nucleus.o [1]
spiffs_object_update_index_hdr
                         0x805'08e1     0x13e  Code  Gb  spiffs_nucleus.o [1]
spiffs_page_allocate_data
                         0x805'045d     0x156  Code  Gb  spiffs_nucleus.o [1]
spiffs_page_data_check   0x804'fb89      0xb6  Code  Lc  spiffs_nucleus.o [1]
spiffs_page_delete       0x805'071d      0x92  Code  Gb  spiffs_nucleus.o [1]
spiffs_page_index_check
                         0x804'fc3f      0xc2  Code  Lc  spiffs_nucleus.o [1]
spiffs_page_move         0x805'05b3     0x16a  Code  Gb  spiffs_nucleus.o [1]
spiffs_phys_cpy          0x804'fd01      0x78  Code  Gb  spiffs_nucleus.o [1]
spiffs_phys_rd           0x804'f82b     0x11e  Code  Gb  spiffs_cache.o [1]
spiffs_phys_wr           0x804'f949      0xc2  Code  Gb  spiffs_cache.o [1]
spiffs_update_ix_map     0x805'02d9     0x14c  Code  Lc  spiffs_nucleus.o [1]
spiffs_work_buf         0x2000'ceb4     0x200  Data  Gb  spi_ffs.o [1]
sprintf                  0x803'5711      0x40  Code  Gb  sprintf.o [2]
std_calib_confirm        0x803'1f1d     0x1c8  Code  Gb  ui_control.o [1]
strchr                   0x804'f181            Code  Gb  strchr.o [4]
strcmp                   0x805'71c1            Code  Gb  strcmp.o [4]
strcpy                   0x804'7fa9            Code  Gb  strcpy.o [4]
strlen                   0x804'7f71            Code  Gb  strlen.o [4]
strncpy                  0x805'7d35            Code  Gb  strncpy.o [4]
style_refr              0x2000'0235       0x1  Data  Lc  lv_obj_style.o [1]
sum_mag                 0x2000'e8e4       0x4  Data  Gb  compass.o [1]
surfacePressure_mbar    0x2000'0232       0x2  Data  Lc  ms5837.o [1]
sys_tick                0x2000'e8e0       0x4  Data  Lc  button_process.o [1]
sys_time                0x2000'e924       0x4  Data  Lc  lv_hal_tick.o [1]
systemStatus            0x2000'0074      0x6c  Data  Gb  main_process.o [1]
temp_buffer             0x2000'ea70       0x2  Data  Gb  ms5837.o [1]
temp_char_blink         0x2000'eab7       0x1  Data  Gb  ui_dialog.o [1]
tick_irq_flag           0x2000'ea86       0x1  Data  Lc  lv_hal_tick.o [1]
time_getSettings         0x803'76dd      0x44  Code  Gb  main_process.o [1]
time_saveSettings        0x803'76af      0x2e  Code  Gb  main_process.o [1]
timeout                 0x2000'eaab       0x1  Data  Gb  ui_control.o [1]
timer_created           0x2000'ea8c       0x1  Data  Lc  lv_timer.o [1]
timer_deleted           0x2000'ea8b       0x1  Data  Lc  lv_timer.o [1]
times_blink_dialog      0x2000'eab6       0x1  Data  Gb  ui_dialog.o [1]
times_blink_main        0x2000'eab9       0x1  Data  Gb  ui_main.o [1]
times_blink_menu        0x2000'eaba       0x1  Data  Gb  ui_menu.o [1]
tlsf                    0x2000'e934       0x4  Data  Lc  lv_mem.o [1]
tlsf_ffs                 0x805'486d     0x266  Code  Lc  lv_tlsf.o [1]
tlsf_fls                 0x805'4ad3     0x25e  Code  Lc  lv_tlsf.o [1]
trans_anim_cb            0x804'4071     0x174  Code  Lc  lv_obj_style.o [1]
trans_anim_ready_cb      0x804'4231      0xd6  Code  Lc  lv_obj_style.o [1]
trans_anim_start_cb      0x804'41e5      0x4c  Code  Lc  lv_obj_style.o [1]
trans_del                0x804'3f91      0xc6  Code  Lc  lv_obj_style.o [1]
transform_point          0x803'd731     0x156  Code  Lc  lv_obj_pos.o [1]
transform_point_upscaled
                         0x806'd88d      0xb0  Code  Lc  lv_draw_sw_transform.o [1]
ttio_guard              0x2000'eabb       0x1  Data  Lc  XShttio.o [2]
txPacket                0x2000'de38      0x74  Data  Gb  diva_process.o [1]
type_select             0x2000'eaa6       0x1  Data  Gb  ui_control.o [1]
ui_Bar1                 0x2000'e964       0x4  Data  Gb  main.o [1]
ui_Bar2                 0x2000'e968       0x4  Data  Gb  main.o [1]
ui_Bar3                 0x2000'e9c8       0x4  Data  Gb  main.o [1]
ui_Button1              0x2000'e988       0x4  Data  Gb  main.o [1]
ui_Button2              0x2000'e984       0x4  Data  Gb  main.o [1]
ui_Button3              0x2000'e98c       0x4  Data  Gb  main.o [1]
ui_Button4              0x2000'e990       0x4  Data  Gb  main.o [1]
ui_Button5              0x2000'e994       0x4  Data  Gb  main.o [1]
ui_Button6              0x2000'e9b0       0x4  Data  Gb  main.o [1]
ui_Button7              0x2000'e9b4       0x4  Data  Gb  main.o [1]
ui_Button8              0x2000'e9d0       0x4  Data  Gb  main.o [1]
ui_Image1               0x2000'e9c4       0x4  Data  Gb  main.o [1]
ui_Label1               0x2000'e970       0x4  Data  Gb  main.o [1]
ui_Label10              0x2000'e9a0       0x4  Data  Gb  main.o [1]
ui_Label11              0x2000'e9a8       0x4  Data  Gb  main.o [1]
ui_Label12              0x2000'e9ac       0x4  Data  Gb  main.o [1]
ui_Label13              0x2000'e9b8       0x4  Data  Gb  main.o [1]
ui_Label14              0x2000'e9bc       0x4  Data  Gb  main.o [1]
ui_Label2               0x2000'e96c       0x4  Data  Gb  main.o [1]
ui_Label3               0x2000'e978       0x4  Data  Gb  main.o [1]
ui_Label4               0x2000'e980       0x4  Data  Gb  main.o [1]
ui_Label5               0x2000'e99c       0x4  Data  Gb  main.o [1]
ui_Label6               0x2000'e9a4       0x4  Data  Gb  main.o [1]
ui_Label7               0x2000'e974       0x4  Data  Gb  main.o [1]
ui_Label8               0x2000'e97c       0x4  Data  Gb  main.o [1]
ui_Label9               0x2000'e998       0x4  Data  Gb  main.o [1]
ui_Panel1               0x2000'e9cc       0x4  Data  Gb  main.o [1]
ui_Screen1              0x2000'e960       0x4  Data  Gb  main.o [1]
ui_Screen1_screen_init   0x805'342d     0x808  Code  Gb  main.o [1]
ui_Screen2              0x2000'e9c0       0x4  Data  Gb  main.o [1]
ui_Screen2_screen_init   0x805'3c41     0x166  Code  Gb  main.o [1]
ui_compass              0x2000'e508      0x2c  Data  Gb  ui_compass.o [1]
ui_convert_setpoint      0x803'5885      0x76  Code  Gb  ui_func_com.o [1]
ui_convert_to_compass    0x803'57a9      0x84  Code  Gb  ui_func_com.o [1]
ui_convert_to_diagnotics_sensor
                         0x803'582d      0x58  Code  Gb  ui_func_com.o [1]
ui_convert_to_dive_time
                         0x803'5b63     0x13c  Code  Gb  ui_func_com.o [1]
ui_convert_to_diving_time
                         0x803'5a37     0x12c  Code  Gb  ui_func_com.o [1]
ui_convert_to_int3       0x803'58fb     0x13c  Code  Gb  ui_func_com.o [1]
ui_convert_to_sensor     0x803'5751      0x58  Code  Gb  ui_func_com.o [1]
ui_diagnotics           0x2000'e480      0x30  Data  Gb  ui_diagnotics.o [1]
ui_dialog               0x2000'd884      0xa4  Data  Gb  ui_dialog.o [1]
ui_main                 0x2000'e0b4      0x5c  Data  Gb  ui_main.o [1]
ui_menu                 0x2000'c6bc     0x398  Data  Gb  ui_menu.o [1]
ui_menu_set_focus_listview
                         0x803'5cf9     0x192  Code  Gb  ui_menu.o [1]
ui_menu_update_value_listview
                         0x803'5e8b      0xa8  Code  Gb  ui_menu.o [1]
ui_show_hide_text_input
                         0x803'6225      0x60  Code  Gb  ui_dialog.o [1]
unicode_list_1           0x807'2bec      0x7c  Data  Lc  lv_font_montserrat_10.o [1]
unicode_list_1           0x807'2c68      0x7c  Data  Lc  lv_font_montserrat_12.o [1]
unicode_list_1           0x807'2ce4      0x7c  Data  Lc  lv_font_montserrat_14.o [1]
unicode_list_1           0x807'2d60      0x7c  Data  Lc  lv_font_montserrat_26.o [1]
unicode_list_1           0x807'2ddc      0x7c  Data  Lc  lv_font_montserrat_44.o [1]
unicode_list_1           0x807'2e58      0x7c  Data  Lc  lv_font_montserrat_46.o [1]
unicode_list_compare     0x805'7081       0x8  Code  Lc  lv_font_fmt_txt.o [1]
updateDivaDecoState      0x805'ada9      0xbc  Code  Lc  diva_process.o [1]
updateFracO2             0x803'2689      0x5e  Code  Lc  ui_control.o [1]
updateTimeToSurface     0x2000'ea91       0x1  Data  Lc  main_process.o [1]
updateTissue             0x803'f551      0xca  Code  Lc  deco.o [1]
updateTissuesPeriod     0x2000'ea90       0x1  Data  Lc  main_process.o [1]
update_setname           0x803'25ad      0x44  Code  Gb  ui_control.o [1]
update_timetosurface     0x803'7395      0x56  Code  Lc  main_process.o [1]
update_tissues           0x803'7303      0x8c  Code  Lc  main_process.o [1]
uwTick                  0x2000'ea18       0x4  Data  Gb  stm32l4xx_hal.o [1]
uwTickFreq              0x2000'0239       0x1  Data  Gb  stm32l4xx_hal.o [1]
uwTickPrio              0x2000'00f0       0x4  Data  Gb  stm32l4xx_hal.o [1]
veml7700_cfg            0x2000'ea5c       0x4  Data  Gb  veml7700.o [1]
veml7700_cmd            0x2000'ea7a       0x2  Data  Gb  veml7700.o [1]
volt_calculate           0x803'7b51      0x2a  Code  Gb  adc_process.o [1]
vp_crc16                 0x803'f7fd      0x38  Code  Gb  crc16.o [1]
vprintf                  0x805'5a2d      0x20  Code  Gb  vprintf.o [2]
wakeup_flag             0x2000'ea7d       0x1  Data  Gb  button_process.o [1]
walk_core                0x804'7667      0x9e  Code  Lc  lv_obj_tree.o [1]
writeBmxReg              0x805'a497      0x18  Code  Gb  DFRobot_BMX160.o [1]
writeReg                 0x805'a4af      0x42  Code  Gb  DFRobot_BMX160.o [1]
year                    0x2000'eab3       0x1  Data  Gb  ui_control.o [1]
zero_mem                0x2000'0038       0x4  Data  Lc  lv_mem.o [1]


[1] = D:\2.upwork\84.TigerShark\Code\TigerShark\EWARM\TigerShark_REV42\Obj
[2] = dl7M_tlf.a
[3] = m7M_tls.a
[4] = rt7M_tl.a
[5] = shb_l.a

  228'627 bytes of readonly  code memory
  257'859 bytes of readonly  data memory
   65'248 bytes of readwrite data memory

Errors: none
Warnings: none
