###############################################################################
#
# IAR ELF Linker V8.40.2.214/W32 for ARM                  09/Nov/2023  08:58:43
# Copyright 2007-2019 IAR Systems AB.
#
#    Output file  =
#        D:\2.upwork\84.TigerShark\Code\tigershark_rev42\EWARM\TigerShark_REV42\Exe\TigerShark_REV42.out
#    Map file     =
#        D:\2.upwork\84.TigerShark\Code\tigershark_rev42\EWARM\TigerShark_REV42\List\TigerShark_REV42.map
#    Command line =
#        -f C:\Users\PC\AppData\Local\Temp\EW1C04.tmp
#        (D:\2.upwork\84.TigerShark\Code\tigershark_rev42\EWARM\TigerShark_REV42\Obj\adc.o
#        D:\2.upwork\84.TigerShark\Code\tigershark_rev42\EWARM\TigerShark_REV42\Obj\adc_process.o
#        D:\2.upwork\84.TigerShark\Code\tigershark_rev42\EWARM\TigerShark_REV42\Obj\bmx160.o
#        D:\2.upwork\84.TigerShark\Code\tigershark_rev42\EWARM\TigerShark_REV42\Obj\button_process.o
#        D:\2.upwork\84.TigerShark\Code\tigershark_rev42\EWARM\TigerShark_REV42\Obj\can.o
#        D:\2.upwork\84.TigerShark\Code\tigershark_rev42\EWARM\TigerShark_REV42\Obj\compass.o
#        D:\2.upwork\84.TigerShark\Code\tigershark_rev42\EWARM\TigerShark_REV42\Obj\crc16.o
#        D:\2.upwork\84.TigerShark\Code\tigershark_rev42\EWARM\TigerShark_REV42\Obj\deco.o
#        D:\2.upwork\84.TigerShark\Code\tigershark_rev42\EWARM\TigerShark_REV42\Obj\DFRobot_BMX160.o
#        D:\2.upwork\84.TigerShark\Code\tigershark_rev42\EWARM\TigerShark_REV42\Obj\diva_process.o
#        D:\2.upwork\84.TigerShark\Code\tigershark_rev42\EWARM\TigerShark_REV42\Obj\dma.o
#        D:\2.upwork\84.TigerShark\Code\tigershark_rev42\EWARM\TigerShark_REV42\Obj\flash_process.o
#        D:\2.upwork\84.TigerShark\Code\tigershark_rev42\EWARM\TigerShark_REV42\Obj\fmc.o
#        D:\2.upwork\84.TigerShark\Code\tigershark_rev42\EWARM\TigerShark_REV42\Obj\fn3161h.o
#        D:\2.upwork\84.TigerShark\Code\tigershark_rev42\EWARM\TigerShark_REV42\Obj\FusionAhrs.o
#        D:\2.upwork\84.TigerShark\Code\tigershark_rev42\EWARM\TigerShark_REV42\Obj\FusionCompass.o
#        D:\2.upwork\84.TigerShark\Code\tigershark_rev42\EWARM\TigerShark_REV42\Obj\FusionOffset.o
#        D:\2.upwork\84.TigerShark\Code\tigershark_rev42\EWARM\TigerShark_REV42\Obj\gpio.o
#        D:\2.upwork\84.TigerShark\Code\tigershark_rev42\EWARM\TigerShark_REV42\Obj\i2c.o
#        D:\2.upwork\84.TigerShark\Code\tigershark_rev42\EWARM\TigerShark_REV42\Obj\lcd_ex.o
#        D:\2.upwork\84.TigerShark\Code\tigershark_rev42\EWARM\TigerShark_REV42\Obj\lv_anim.o
#        D:\2.upwork\84.TigerShark\Code\tigershark_rev42\EWARM\TigerShark_REV42\Obj\lv_arc.o
#        D:\2.upwork\84.TigerShark\Code\tigershark_rev42\EWARM\TigerShark_REV42\Obj\lv_area.o
#        D:\2.upwork\84.TigerShark\Code\tigershark_rev42\EWARM\TigerShark_REV42\Obj\lv_async.o
#        D:\2.upwork\84.TigerShark\Code\tigershark_rev42\EWARM\TigerShark_REV42\Obj\lv_bar.o
#        D:\2.upwork\84.TigerShark\Code\tigershark_rev42\EWARM\TigerShark_REV42\Obj\lv_bidi.o
#        D:\2.upwork\84.TigerShark\Code\tigershark_rev42\EWARM\TigerShark_REV42\Obj\lv_btn.o
#        D:\2.upwork\84.TigerShark\Code\tigershark_rev42\EWARM\TigerShark_REV42\Obj\lv_btnmatrix.o
#        D:\2.upwork\84.TigerShark\Code\tigershark_rev42\EWARM\TigerShark_REV42\Obj\lv_calendar.o
#        D:\2.upwork\84.TigerShark\Code\tigershark_rev42\EWARM\TigerShark_REV42\Obj\lv_canvas.o
#        D:\2.upwork\84.TigerShark\Code\tigershark_rev42\EWARM\TigerShark_REV42\Obj\lv_chart.o
#        D:\2.upwork\84.TigerShark\Code\tigershark_rev42\EWARM\TigerShark_REV42\Obj\lv_checkbox.o
#        D:\2.upwork\84.TigerShark\Code\tigershark_rev42\EWARM\TigerShark_REV42\Obj\lv_color.o
#        D:\2.upwork\84.TigerShark\Code\tigershark_rev42\EWARM\TigerShark_REV42\Obj\lv_cont.o
#        D:\2.upwork\84.TigerShark\Code\tigershark_rev42\EWARM\TigerShark_REV42\Obj\lv_cpicker.o
#        D:\2.upwork\84.TigerShark\Code\tigershark_rev42\EWARM\TigerShark_REV42\Obj\lv_debug.o
#        D:\2.upwork\84.TigerShark\Code\tigershark_rev42\EWARM\TigerShark_REV42\Obj\lv_disp.o
#        D:\2.upwork\84.TigerShark\Code\tigershark_rev42\EWARM\TigerShark_REV42\Obj\lv_draw_arc.o
#        D:\2.upwork\84.TigerShark\Code\tigershark_rev42\EWARM\TigerShark_REV42\Obj\lv_draw_blend.o
#        D:\2.upwork\84.TigerShark\Code\tigershark_rev42\EWARM\TigerShark_REV42\Obj\lv_draw_img.o
#        D:\2.upwork\84.TigerShark\Code\tigershark_rev42\EWARM\TigerShark_REV42\Obj\lv_draw_label.o
#        D:\2.upwork\84.TigerShark\Code\tigershark_rev42\EWARM\TigerShark_REV42\Obj\lv_draw_line.o
#        D:\2.upwork\84.TigerShark\Code\tigershark_rev42\EWARM\TigerShark_REV42\Obj\lv_draw_mask.o
#        D:\2.upwork\84.TigerShark\Code\tigershark_rev42\EWARM\TigerShark_REV42\Obj\lv_draw_rect.o
#        D:\2.upwork\84.TigerShark\Code\tigershark_rev42\EWARM\TigerShark_REV42\Obj\lv_draw_triangle.o
#        D:\2.upwork\84.TigerShark\Code\tigershark_rev42\EWARM\TigerShark_REV42\Obj\lv_dropdown.o
#        D:\2.upwork\84.TigerShark\Code\tigershark_rev42\EWARM\TigerShark_REV42\Obj\lv_font.o
#        D:\2.upwork\84.TigerShark\Code\tigershark_rev42\EWARM\TigerShark_REV42\Obj\lv_font_dejavu_16_persian_hebrew.o
#        D:\2.upwork\84.TigerShark\Code\tigershark_rev42\EWARM\TigerShark_REV42\Obj\lv_font_fmt_txt.o
#        D:\2.upwork\84.TigerShark\Code\tigershark_rev42\EWARM\TigerShark_REV42\Obj\lv_font_loader.o
#        D:\2.upwork\84.TigerShark\Code\tigershark_rev42\EWARM\TigerShark_REV42\Obj\lv_font_montserrat_16.o
#        D:\2.upwork\84.TigerShark\Code\tigershark_rev42\EWARM\TigerShark_REV42\Obj\lv_font_montserrat_18.o
#        D:\2.upwork\84.TigerShark\Code\tigershark_rev42\EWARM\TigerShark_REV42\Obj\lv_font_montserrat_30.o
#        D:\2.upwork\84.TigerShark\Code\tigershark_rev42\EWARM\TigerShark_REV42\Obj\lv_font_montserrat_40.o
#        D:\2.upwork\84.TigerShark\Code\tigershark_rev42\EWARM\TigerShark_REV42\Obj\lv_font_unscii_16.o
#        D:\2.upwork\84.TigerShark\Code\tigershark_rev42\EWARM\TigerShark_REV42\Obj\lv_font_unscii_8.o
#        D:\2.upwork\84.TigerShark\Code\tigershark_rev42\EWARM\TigerShark_REV42\Obj\lv_fs.o
#        D:\2.upwork\84.TigerShark\Code\tigershark_rev42\EWARM\TigerShark_REV42\Obj\lv_gauge.o
#        D:\2.upwork\84.TigerShark\Code\tigershark_rev42\EWARM\TigerShark_REV42\Obj\lv_gc.o
#        D:\2.upwork\84.TigerShark\Code\tigershark_rev42\EWARM\TigerShark_REV42\Obj\lv_gpu_nxp_pxp.o
#        D:\2.upwork\84.TigerShark\Code\tigershark_rev42\EWARM\TigerShark_REV42\Obj\lv_gpu_nxp_pxp_osa.o
#        D:\2.upwork\84.TigerShark\Code\tigershark_rev42\EWARM\TigerShark_REV42\Obj\lv_gpu_nxp_vglite.o
#        D:\2.upwork\84.TigerShark\Code\tigershark_rev42\EWARM\TigerShark_REV42\Obj\lv_gpu_stm32_dma2d.o
#        D:\2.upwork\84.TigerShark\Code\tigershark_rev42\EWARM\TigerShark_REV42\Obj\lv_group.o
#        D:\2.upwork\84.TigerShark\Code\tigershark_rev42\EWARM\TigerShark_REV42\Obj\lv_hal_disp.o
#        D:\2.upwork\84.TigerShark\Code\tigershark_rev42\EWARM\TigerShark_REV42\Obj\lv_hal_indev.o
#        D:\2.upwork\84.TigerShark\Code\tigershark_rev42\EWARM\TigerShark_REV42\Obj\lv_hal_tick.o
#        D:\2.upwork\84.TigerShark\Code\tigershark_rev42\EWARM\TigerShark_REV42\Obj\lv_img.o
#        D:\2.upwork\84.TigerShark\Code\tigershark_rev42\EWARM\TigerShark_REV42\Obj\lv_img_buf.o
#        D:\2.upwork\84.TigerShark\Code\tigershark_rev42\EWARM\TigerShark_REV42\Obj\lv_img_cache.o
#        D:\2.upwork\84.TigerShark\Code\tigershark_rev42\EWARM\TigerShark_REV42\Obj\lv_img_decoder.o
#        D:\2.upwork\84.TigerShark\Code\tigershark_rev42\EWARM\TigerShark_REV42\Obj\lv_imgbtn.o
#        D:\2.upwork\84.TigerShark\Code\tigershark_rev42\EWARM\TigerShark_REV42\Obj\lv_indev.o
#        D:\2.upwork\84.TigerShark\Code\tigershark_rev42\EWARM\TigerShark_REV42\Obj\lv_keyboard.o
#        D:\2.upwork\84.TigerShark\Code\tigershark_rev42\EWARM\TigerShark_REV42\Obj\lv_label.o
#        D:\2.upwork\84.TigerShark\Code\tigershark_rev42\EWARM\TigerShark_REV42\Obj\lv_led.o
#        D:\2.upwork\84.TigerShark\Code\tigershark_rev42\EWARM\TigerShark_REV42\Obj\lv_line.o
#        D:\2.upwork\84.TigerShark\Code\tigershark_rev42\EWARM\TigerShark_REV42\Obj\lv_linemeter.o
#        D:\2.upwork\84.TigerShark\Code\tigershark_rev42\EWARM\TigerShark_REV42\Obj\lv_list.o
#        D:\2.upwork\84.TigerShark\Code\tigershark_rev42\EWARM\TigerShark_REV42\Obj\lv_ll.o
#        D:\2.upwork\84.TigerShark\Code\tigershark_rev42\EWARM\TigerShark_REV42\Obj\lv_log.o
#        D:\2.upwork\84.TigerShark\Code\tigershark_rev42\EWARM\TigerShark_REV42\Obj\lv_math.o
#        D:\2.upwork\84.TigerShark\Code\tigershark_rev42\EWARM\TigerShark_REV42\Obj\lv_mem.o
#        D:\2.upwork\84.TigerShark\Code\tigershark_rev42\EWARM\TigerShark_REV42\Obj\lv_msgbox.o
#        D:\2.upwork\84.TigerShark\Code\tigershark_rev42\EWARM\TigerShark_REV42\Obj\lv_obj.o
#        D:\2.upwork\84.TigerShark\Code\tigershark_rev42\EWARM\TigerShark_REV42\Obj\lv_objmask.o
#        D:\2.upwork\84.TigerShark\Code\tigershark_rev42\EWARM\TigerShark_REV42\Obj\lv_objx_templ.o
#        D:\2.upwork\84.TigerShark\Code\tigershark_rev42\EWARM\TigerShark_REV42\Obj\lv_page.o
#        D:\2.upwork\84.TigerShark\Code\tigershark_rev42\EWARM\TigerShark_REV42\Obj\lv_port_disp_template.o
#        D:\2.upwork\84.TigerShark\Code\tigershark_rev42\EWARM\TigerShark_REV42\Obj\lv_printf.o
#        D:\2.upwork\84.TigerShark\Code\tigershark_rev42\EWARM\TigerShark_REV42\Obj\lv_refr.o
#        D:\2.upwork\84.TigerShark\Code\tigershark_rev42\EWARM\TigerShark_REV42\Obj\lv_roller.o
#        D:\2.upwork\84.TigerShark\Code\tigershark_rev42\EWARM\TigerShark_REV42\Obj\lv_slider.o
#        D:\2.upwork\84.TigerShark\Code\tigershark_rev42\EWARM\TigerShark_REV42\Obj\lv_spinbox.o
#        D:\2.upwork\84.TigerShark\Code\tigershark_rev42\EWARM\TigerShark_REV42\Obj\lv_spinner.o
#        D:\2.upwork\84.TigerShark\Code\tigershark_rev42\EWARM\TigerShark_REV42\Obj\lv_style.o
#        D:\2.upwork\84.TigerShark\Code\tigershark_rev42\EWARM\TigerShark_REV42\Obj\lv_switch.o
#        D:\2.upwork\84.TigerShark\Code\tigershark_rev42\EWARM\TigerShark_REV42\Obj\lv_table.o
#        D:\2.upwork\84.TigerShark\Code\tigershark_rev42\EWARM\TigerShark_REV42\Obj\lv_tabview.o
#        D:\2.upwork\84.TigerShark\Code\tigershark_rev42\EWARM\TigerShark_REV42\Obj\lv_task.o
#        D:\2.upwork\84.TigerShark\Code\tigershark_rev42\EWARM\TigerShark_REV42\Obj\lv_templ.o
#        D:\2.upwork\84.TigerShark\Code\tigershark_rev42\EWARM\TigerShark_REV42\Obj\lv_textarea.o
#        D:\2.upwork\84.TigerShark\Code\tigershark_rev42\EWARM\TigerShark_REV42\Obj\lv_theme.o
#        D:\2.upwork\84.TigerShark\Code\tigershark_rev42\EWARM\TigerShark_REV42\Obj\lv_theme_empty.o
#        D:\2.upwork\84.TigerShark\Code\tigershark_rev42\EWARM\TigerShark_REV42\Obj\lv_theme_material.o
#        D:\2.upwork\84.TigerShark\Code\tigershark_rev42\EWARM\TigerShark_REV42\Obj\lv_theme_mono.o
#        D:\2.upwork\84.TigerShark\Code\tigershark_rev42\EWARM\TigerShark_REV42\Obj\lv_theme_template.o
#        D:\2.upwork\84.TigerShark\Code\tigershark_rev42\EWARM\TigerShark_REV42\Obj\lv_tileview.o
#        D:\2.upwork\84.TigerShark\Code\tigershark_rev42\EWARM\TigerShark_REV42\Obj\lv_txt.o
#        D:\2.upwork\84.TigerShark\Code\tigershark_rev42\EWARM\TigerShark_REV42\Obj\lv_txt_ap.o
#        D:\2.upwork\84.TigerShark\Code\tigershark_rev42\EWARM\TigerShark_REV42\Obj\lv_utils.o
#        D:\2.upwork\84.TigerShark\Code\tigershark_rev42\EWARM\TigerShark_REV42\Obj\lv_win.o
#        D:\2.upwork\84.TigerShark\Code\tigershark_rev42\EWARM\TigerShark_REV42\Obj\main.o
#        D:\2.upwork\84.TigerShark\Code\tigershark_rev42\EWARM\TigerShark_REV42\Obj\main_process.o
#        D:\2.upwork\84.TigerShark\Code\tigershark_rev42\EWARM\TigerShark_REV42\Obj\ms5837.o
#        D:\2.upwork\84.TigerShark\Code\tigershark_rev42\EWARM\TigerShark_REV42\Obj\power_management.o
#        D:\2.upwork\84.TigerShark\Code\tigershark_rev42\EWARM\TigerShark_REV42\Obj\rtc.o
#        D:\2.upwork\84.TigerShark\Code\tigershark_rev42\EWARM\TigerShark_REV42\Obj\sensors_calibration.o
#        D:\2.upwork\84.TigerShark\Code\tigershark_rev42\EWARM\TigerShark_REV42\Obj\spi.o
#        D:\2.upwork\84.TigerShark\Code\tigershark_rev42\EWARM\TigerShark_REV42\Obj\spi_ffs.o
#        D:\2.upwork\84.TigerShark\Code\tigershark_rev42\EWARM\TigerShark_REV42\Obj\spiffs_cache.o
#        D:\2.upwork\84.TigerShark\Code\tigershark_rev42\EWARM\TigerShark_REV42\Obj\spiffs_check.o
#        D:\2.upwork\84.TigerShark\Code\tigershark_rev42\EWARM\TigerShark_REV42\Obj\spiffs_gc.o
#        D:\2.upwork\84.TigerShark\Code\tigershark_rev42\EWARM\TigerShark_REV42\Obj\spiffs_hydrogen.o
#        D:\2.upwork\84.TigerShark\Code\tigershark_rev42\EWARM\TigerShark_REV42\Obj\spiffs_nucleus.o
#        D:\2.upwork\84.TigerShark\Code\tigershark_rev42\EWARM\TigerShark_REV42\Obj\startup_stm32l476xx.o
#        D:\2.upwork\84.TigerShark\Code\tigershark_rev42\EWARM\TigerShark_REV42\Obj\stm32l4xx_hal.o
#        D:\2.upwork\84.TigerShark\Code\tigershark_rev42\EWARM\TigerShark_REV42\Obj\stm32l4xx_hal_adc.o
#        D:\2.upwork\84.TigerShark\Code\tigershark_rev42\EWARM\TigerShark_REV42\Obj\stm32l4xx_hal_adc_ex.o
#        D:\2.upwork\84.TigerShark\Code\tigershark_rev42\EWARM\TigerShark_REV42\Obj\stm32l4xx_hal_can.o
#        D:\2.upwork\84.TigerShark\Code\tigershark_rev42\EWARM\TigerShark_REV42\Obj\stm32l4xx_hal_cortex.o
#        D:\2.upwork\84.TigerShark\Code\tigershark_rev42\EWARM\TigerShark_REV42\Obj\stm32l4xx_hal_dma.o
#        D:\2.upwork\84.TigerShark\Code\tigershark_rev42\EWARM\TigerShark_REV42\Obj\stm32l4xx_hal_dma_ex.o
#        D:\2.upwork\84.TigerShark\Code\tigershark_rev42\EWARM\TigerShark_REV42\Obj\stm32l4xx_hal_exti.o
#        D:\2.upwork\84.TigerShark\Code\tigershark_rev42\EWARM\TigerShark_REV42\Obj\stm32l4xx_hal_flash.o
#        D:\2.upwork\84.TigerShark\Code\tigershark_rev42\EWARM\TigerShark_REV42\Obj\stm32l4xx_hal_flash_ex.o
#        D:\2.upwork\84.TigerShark\Code\tigershark_rev42\EWARM\TigerShark_REV42\Obj\stm32l4xx_hal_flash_ramfunc.o
#        D:\2.upwork\84.TigerShark\Code\tigershark_rev42\EWARM\TigerShark_REV42\Obj\stm32l4xx_hal_gpio.o
#        D:\2.upwork\84.TigerShark\Code\tigershark_rev42\EWARM\TigerShark_REV42\Obj\stm32l4xx_hal_i2c.o
#        D:\2.upwork\84.TigerShark\Code\tigershark_rev42\EWARM\TigerShark_REV42\Obj\stm32l4xx_hal_i2c_ex.o
#        D:\2.upwork\84.TigerShark\Code\tigershark_rev42\EWARM\TigerShark_REV42\Obj\stm32l4xx_hal_msp.o
#        D:\2.upwork\84.TigerShark\Code\tigershark_rev42\EWARM\TigerShark_REV42\Obj\stm32l4xx_hal_pwr.o
#        D:\2.upwork\84.TigerShark\Code\tigershark_rev42\EWARM\TigerShark_REV42\Obj\stm32l4xx_hal_pwr_ex.o
#        D:\2.upwork\84.TigerShark\Code\tigershark_rev42\EWARM\TigerShark_REV42\Obj\stm32l4xx_hal_rcc.o
#        D:\2.upwork\84.TigerShark\Code\tigershark_rev42\EWARM\TigerShark_REV42\Obj\stm32l4xx_hal_rcc_ex.o
#        D:\2.upwork\84.TigerShark\Code\tigershark_rev42\EWARM\TigerShark_REV42\Obj\stm32l4xx_hal_rtc.o
#        D:\2.upwork\84.TigerShark\Code\tigershark_rev42\EWARM\TigerShark_REV42\Obj\stm32l4xx_hal_rtc_ex.o
#        D:\2.upwork\84.TigerShark\Code\tigershark_rev42\EWARM\TigerShark_REV42\Obj\stm32l4xx_hal_spi.o
#        D:\2.upwork\84.TigerShark\Code\tigershark_rev42\EWARM\TigerShark_REV42\Obj\stm32l4xx_hal_spi_ex.o
#        D:\2.upwork\84.TigerShark\Code\tigershark_rev42\EWARM\TigerShark_REV42\Obj\stm32l4xx_hal_sram.o
#        D:\2.upwork\84.TigerShark\Code\tigershark_rev42\EWARM\TigerShark_REV42\Obj\stm32l4xx_hal_tim.o
#        D:\2.upwork\84.TigerShark\Code\tigershark_rev42\EWARM\TigerShark_REV42\Obj\stm32l4xx_hal_tim_ex.o
#        D:\2.upwork\84.TigerShark\Code\tigershark_rev42\EWARM\TigerShark_REV42\Obj\stm32l4xx_hal_uart.o
#        D:\2.upwork\84.TigerShark\Code\tigershark_rev42\EWARM\TigerShark_REV42\Obj\stm32l4xx_hal_uart_ex.o
#        D:\2.upwork\84.TigerShark\Code\tigershark_rev42\EWARM\TigerShark_REV42\Obj\stm32l4xx_it.o
#        D:\2.upwork\84.TigerShark\Code\tigershark_rev42\EWARM\TigerShark_REV42\Obj\stm32l4xx_ll_fmc.o
#        D:\2.upwork\84.TigerShark\Code\tigershark_rev42\EWARM\TigerShark_REV42\Obj\system_stm32l4xx.o
#        D:\2.upwork\84.TigerShark\Code\tigershark_rev42\EWARM\TigerShark_REV42\Obj\tim.o
#        D:\2.upwork\84.TigerShark\Code\tigershark_rev42\EWARM\TigerShark_REV42\Obj\ui_compass.o
#        D:\2.upwork\84.TigerShark\Code\tigershark_rev42\EWARM\TigerShark_REV42\Obj\ui_control.o
#        D:\2.upwork\84.TigerShark\Code\tigershark_rev42\EWARM\TigerShark_REV42\Obj\ui_diagnotics.o
#        D:\2.upwork\84.TigerShark\Code\tigershark_rev42\EWARM\TigerShark_REV42\Obj\ui_dialog.o
#        D:\2.upwork\84.TigerShark\Code\tigershark_rev42\EWARM\TigerShark_REV42\Obj\ui_func_com.o
#        D:\2.upwork\84.TigerShark\Code\tigershark_rev42\EWARM\TigerShark_REV42\Obj\ui_img_storage.o
#        D:\2.upwork\84.TigerShark\Code\tigershark_rev42\EWARM\TigerShark_REV42\Obj\ui_main.o
#        D:\2.upwork\84.TigerShark\Code\tigershark_rev42\EWARM\TigerShark_REV42\Obj\ui_menu.o
#        D:\2.upwork\84.TigerShark\Code\tigershark_rev42\EWARM\TigerShark_REV42\Obj\ui_splash.o
#        D:\2.upwork\84.TigerShark\Code\tigershark_rev42\EWARM\TigerShark_REV42\Obj\usart.o
#        D:\2.upwork\84.TigerShark\Code\tigershark_rev42\EWARM\TigerShark_REV42\Obj\veml7700.o
#        D:\2.upwork\84.TigerShark\Code\tigershark_rev42\EWARM\TigerShark_REV42\Obj\W25Qx.o
#        --no_out_extension -o
#        D:\2.upwork\84.TigerShark\Code\tigershark_rev42\EWARM\TigerShark_REV42\Exe\TigerShark_REV42.out
#        --redirect _Printf=_PrintfFullNoMb --redirect _Scanf=_ScanfFullNoMb
#        --map
#        D:\2.upwork\84.TigerShark\Code\tigershark_rev42\EWARM\TigerShark_REV42\List\TigerShark_REV42.map
#        --config
#        D:\2.upwork\84.TigerShark\Code\tigershark_rev42\EWARM/stm32l476xx_flash.icf
#        --semihosting --entry __iar_program_start --vfe --text_out locale)
#
###############################################################################

*******************************************************************************
*** RUNTIME MODEL ATTRIBUTES
***

CppFlavor       = *
__Heap_Handler  = Basic
__SystemLibrary = DLib
__dlib_version  = 6


*******************************************************************************
*** HEAP SELECTION
***

The basic heap was selected because no calls to memory allocation
functions were found in the application outside of system library
functions, and there are calls to deallocation functions in the
application.


*******************************************************************************
*** PLACEMENT SUMMARY
***

"A0":  place at address 0x800'0000 { ro section .intvec };
"P1":  place in [from 0x800'0000 to 0x80f'ffff] { ro };
define block CSTACK with size = 4132, alignment = 8 { };
define block HEAP with size = 1K, alignment = 8 { };
"P2":  place in [from 0x2000'0000 to 0x2001'7fff] {
          rw, block CSTACK, block HEAP };
"P3":  place in [from 0x2000'0000 to 0x2001'7fff] { };
initialize by copy { rw };

  Section            Kind         Address      Size  Object
  -------            ----         -------      ----  ------
"A0":                                         0x188
  .intvec            ro code   0x800'0000     0x188  startup_stm32l476xx.o [1]
                             - 0x800'0188     0x188

"P1":                                      0x5'8f93
  .rodata            const     0x800'0188    0x8d3c  lv_font_montserrat_30.o [1]
  .rodata            const     0x800'8ec4    0x7088  ui_img_storage.o [1]
  .text              ro code   0x800'ff4c    0x5ab8  ui_control.o [1]
  .text              ro code   0x801'5a04      0x66  ABImemset.o [4]
  .text              ro code   0x801'5a6a      0x3a  zero_init3.o [4]
  .text              ro code   0x801'5aa4      0xa6  ABImemcpy.o [4]
  .text              ro code   0x801'5b4a      0x1a  xsnprout.o [2]
  .text              ro code   0x801'5b64    0x156c  ui_main.o [1]
  .text              ro code   0x801'70d0      0x40  sprintf.o [2]
  .text              ro code   0x801'7110     0x54e  ui_func_com.o [1]
  .text              ro code   0x801'765e       0xa  xsprout.o [2]
  .text              ro code   0x801'7668      0x44  snprintf.o [2]
  .text              ro code   0x801'76ac     0xd1c  ui_menu.o [1]
  .text              ro code   0x801'83c8     0x8a0  ui_dialog.o [1]
  .text              ro code   0x801'8c68     0x970  ui_diagnotics.o [1]
  .text              ro code   0x801'95d8     0xb50  ui_compass.o [1]
  .text              ro code   0x801'a128      0x48  FltToDbl.o [3]
  .text              ro code   0x801'a170     0x17a  DblAdd.o [3]
  .rodata            const     0x801'a2ea       0x2  lv_color.o [1]
  .text              ro code   0x801'a2ec      0x3a  DblToS32.o [3]
  .rodata            const     0x801'a326       0x2  lv_draw_blend.o [1]
  .text              ro code   0x801'a328     0xf08  main_process.o [1]
  .text              ro code   0x801'b230      0xd0  power_management.o [1]
  .text              ro code   0x801'b300     0x1e4  adc_process.o [1]
  .text              ro code   0x801'b4e4      0x1a  U32ToDbl.o [3]
  .rodata            const     0x801'b4fe       0x2  lv_draw_blend.o [1]
  .text              ro code   0x801'b500     0x246  DblDiv.o [3]
  .rodata            const     0x801'b746       0x2  lv_draw_img.o [1]
  .text              ro code   0x801'b748     0x1a2  DblMul.o [3]
  .rodata            const     0x801'b8ea       0x2  lv_draw_img.o [1]
  .text              ro code   0x801'b8ec      0x68  DblToFlt.o [3]
  .text              ro code   0x801'b954     0x6d0  ms5837.o [1]
  .text              ro code   0x801'c024     0x26c  flash_process.o [1]
  .text              ro code   0x801'c290     0x44e  stm32l4xx_hal_rtc.o [1]
  .rodata            const     0x801'c6de       0x2  lv_draw_img.o [1]
  .text              ro code   0x801'c6e0     0x37a  lv_hal_disp.o [1]
  .rodata            const     0x801'ca5a       0x2  lv_draw_img.o [1]
  .text              ro code   0x801'ca5c    0x453a  lv_obj.o [1]
  .rodata            const     0x802'0f96       0x2  lv_draw_label.o [1]
  .text              ro code   0x802'0f98     0xef2  lv_style.o [1]
  .rodata            const     0x802'1e8a       0x2  lv_draw_label.o [1]
  .text              ro code   0x802'1e8c     0x100  lv_disp.o [1]
  .text              ro code   0x802'1f8c    0x1500  lv_label.o [1]
  .text              ro code   0x802'348c     0x3d8  lv_line.o [1]
  .text              ro code   0x802'3864     0xf1c  lv_img.o [1]
  .text              ro code   0x802'4780     0x300  lv_btn.o [1]
  .text              ro code   0x802'4a80     0xfc6  xprintffull_nomb.o [2]
  .rodata            const     0x802'5a46       0x2  lv_draw_label.o [1]
  .text              ro code   0x802'5a48      0xe2  DblSub.o [3]
  .rodata            const     0x802'5b2a       0x2  lv_draw_label.o [1]
  .text              ro code   0x802'5b2c     0x25c  stm32l4xx_hal_gpio.o [1]
  .text              ro code   0x802'5d88     0xc6c  deco.o [1]
  .text              ro code   0x802'69f4      0x38  crc16.o [1]
  .text              ro code   0x802'6a2c      0xd0  mktime.o [2]
  .text              ro code   0x802'6afc     0x9a4  spiffs_hydrogen.o [1]
  .text              ro code   0x802'74a0     0xae6  stm32l4xx_hal_tim.o [1]
  .rodata            const     0x802'7f86       0x2  lv_draw_line.o [1]
  .text              ro code   0x802'7f88     0x264  stm32l4xx_hal_tim_ex.o [1]
  .text              ro code   0x802'81ec     0xdee  stm32l4xx_hal_adc.o [1]
  .rodata            const     0x802'8fda       0x2  lv_draw_rect.o [1]
  .text              ro code   0x802'8fdc     0x3b4  sensors_calibration.o [1]
  .text              ro code   0x802'9390     0x9d4  stm32l4xx_hal_i2c.o [1]
  .text              ro code   0x802'9d64      0x28  stm32l4xx_hal.o [1]
  .text              ro code   0x802'9d8c     0x274  I64DivMod.o [4]
  .text              ro code   0x802'a000      0x28  printf.o [2]
  .text              ro code   0x802'a028     0x108  rtc.o [1]
  .text              ro code   0x802'a130       0xc  stm32l4xx_hal.o [1]
  .text              ro code   0x802'a13c     0x8fe  lv_mem.o [1]
  .text              ro code   0x802'aa3a     0x30c  lv_ll.o [1]
  .rodata            const     0x802'ad46       0x2  lv_draw_rect.o [1]
  .text              ro code   0x802'ad48     0x3d6  lv_task.o [1]
  .rodata            const     0x802'b11e       0x2  lv_draw_rect.o [1]
  .text              ro code   0x802'b120      0x80  lv_log.o [1]
  .text              ro code   0x802'b1a0     0x418  lv_anim.o [1]
  .text              ro code   0x802'b5b8     0x2e4  lv_group.o [1]
  .text              ro code   0x802'b89c    0x46d8  lv_theme_material.o [1]
  .text              ro code   0x802'ff74     0x3d4  lv_theme.o [1]
  .text              ro code   0x803'0348     0xf08  lv_refr.o [1]
  .text              ro code   0x803'1250     0x100  lv_indev.o [1]
  .text              ro code   0x803'1350     0xa38  lv_img_decoder.o [1]
  .text              ro code   0x803'1d88     0x294  lv_img_cache.o [1]
  .text              ro code   0x803'201c     0x79a  lv_area.o [1]
  .rodata            const     0x803'27b6       0x2  lv_draw_rect.o [1]
  .text              ro code   0x803'27b8     0xd3a  lv_draw_img.o [1]
  .rodata            const     0x803'34f2       0x2  lv_draw_rect.o [1]
  .text              ro code   0x803'34f4     0x79c  lv_txt.o [1]
  .text              ro code   0x803'3c90      0x20  lv_hal_indev.o [1]
  .text              ro code   0x803'3cb0    0x27fa  lv_draw_rect.o [1]
  .rodata            const     0x803'64aa       0x2  lv_draw_rect.o [1]
  .text              ro code   0x803'64ac    0x1242  lv_draw_mask.o [1]
  .rodata            const     0x803'76ee       0x2  lv_hal_disp.o [1]
  .text              ro code   0x803'76f0      0x68  memcmp.o [4]
  .text              ro code   0x803'7758    0x1196  lv_draw_label.o [1]
  .rodata            const     0x803'88ee       0x2  lv_hal_disp.o [1]
  .text              ro code   0x803'88f0     0xc28  lv_draw_line.o [1]
  .text              ro code   0x803'9518      0x36  strlen.o [4]
  .rodata            const     0x803'954e       0x2  lv_img_buf.o [1]
  .text              ro code   0x803'9550     0x4f0  lv_txt_ap.o [1]
  .text              ro code   0x803'9a40     0x9b4  lv_bidi.o [1]
  .text              ro code   0x803'a3f4      0x54  lv_font.o [1]
  .text              ro code   0x803'a448      0x18  strcpy.o [4]
  .text              ro code   0x803'a460     0xcfe  lv_img_buf.o [1]
  .rodata            const     0x803'b15e       0x2  lv_img_decoder.o [1]
  .text              ro code   0x803'b160     0xfa8  lv_cont.o [1]
  .text              ro code   0x803'c108      0x16  strchr.o [4]
  .rodata            const     0x803'c11e       0x2  lv_obj.o [1]
  .text              ro code   0x803'c120      0x40  xfail_s.o [2]
  .text              ro code   0x803'c160      0x58  memchr.o [4]
  .text              ro code   0x803'c1b8      0x70  frexp.o [3]
  .text              ro code   0x803'c228      0x2e  DblCmpLe.o [3]
  .rodata            const     0x803'c256       0x2  lv_obj.o [1]
  .text              ro code   0x803'c258      0x2e  DblCmpGe.o [3]
  .rodata            const     0x803'c286       0x2  lv_theme_material.o [1]
  .text              ro code   0x803'c288     0x13a  ldexp.o [3]
  .rodata            const     0x803'c3c2       0x2  lv_theme_material.o [1]
  .text              ro code   0x803'c3c4      0x22  S32ToDbl.o [3]
  .rodata            const     0x803'c3e6       0x2  lv_theme_material.o [1]
  .text              ro code   0x803'c3e8      0x28  DblToU32.o [3]
  .text              ro code   0x803'c410       0x8  xlocale_c.o [2]
  .text              ro code   0x803'c418      0x12  math_wrappers64.o [3]
  .rodata            const     0x803'c42a       0x2  lv_theme_material.o [1]
  .text              ro code   0x803'c42c      0x48  U64ToFlt.o [3]
  .text              ro code   0x803'c474      0x6c  xDaysTo.o [2]
  .text              ro code   0x803'c4e0     0x10c  xttotm.o [2]
  .text              ro code   0x803'c5ec       0x4  xTzoff_nop.o [2]
  .text              ro code   0x803'c5f0     0x51e  spiffs_cache.o [1]
  .rodata            const     0x803'cb0e       0x2  lv_theme_material.o [1]
  .text              ro code   0x803'cb10    0x2cb8  spiffs_nucleus.o [1]
  .text              ro code   0x803'f7c8     0x430  tim.o [1]
  .text              ro code   0x803'fbf8     0x284  adc.o [1]
  .text              ro code   0x803'fe7c     0x2b8  stm32l4xx_hal_dma.o [1]
  .text              ro code   0x804'0134       0x2  stm32l4xx_hal_adc_ex.o [1]
  .rodata            const     0x804'0136       0x2  lv_theme_material.o [1]
  .text              ro code   0x804'0138     0x12e  stm32l4xx_hal_adc_ex.o [1]
  .text              ro code   0x804'0266       0x2  stm32l4xx_hal_adc.o [1]
  .text              ro code   0x804'0268       0x2  stm32l4xx_hal_adc_ex.o [1]
  .text              ro code   0x804'026a       0x2  stm32l4xx_hal_adc_ex.o [1]
  .text              ro code   0x804'026c       0x2  stm32l4xx_hal_adc.o [1]
  .text              ro code   0x804'026e       0x2  stm32l4xx_hal_adc_ex.o [1]
  .text              ro code   0x804'0270       0x2  stm32l4xx_hal_adc.o [1]
  .rodata            const     0x804'0272       0x2  lv_theme_material.o [1]
  .text              ro code   0x804'0274      0xf8  i2c.o [1]
  .text              ro code   0x804'036c       0x2  I64DivZer.o [4]
  .text              ro code   0x804'036e      0x14  memset.o [4]
  .rodata            const     0x804'0382       0x2  lv_theme_material.o [1]
  .text              ro code   0x804'0384     0x2c0  main.o [1]
  .text              ro code   0x804'0644      0x26  stm32l4xx_hal_rtc_ex.o [1]
  .rodata            const     0x804'066a       0x2  lv_theme_material.o [1]
  .text              ro code   0x804'066c     0x740  stm32l4xx_hal_rcc_ex.o [1]
  .text              ro code   0x804'0dac      0x46  lv_hal_tick.o [1]
  .rodata            const     0x804'0df2       0x2  lv_theme_material.o [1]
  .text              ro code   0x804'0df4    0x112c  lv_printf.o [1]
  .text              ro code   0x804'1f20      0xe2  lv_math.o [1]
  .rodata            const     0x804'2002       0x2  lv_theme_material.o [1]
  .text              ro code   0x804'2004     0x134  lv_color.o [1]
  .text              ro code   0x804'2138     0x8f8  lv_font_fmt_txt.o [1]
  .text              ro code   0x804'2a30      0x12  strcmp.o [4]
  .rodata            const     0x804'2a42       0x2  lv_theme_material.o [1]
  .text              ro code   0x804'2a44    0x11e8  lv_draw_blend.o [1]
  .text              ro code   0x804'3c2c       0x6  abort.o [2]
  .rodata            const     0x804'3c32       0x2  lv_theme_material.o [1]
  .text              ro code   0x804'3c34      0x4c  exp64.o [3]
  .text              ro code   0x804'3c80       0x6  xisdst_nop.o [2]
  .rodata            const     0x804'3c86       0x2  lv_theme_material.o [1]
  .text              ro code   0x804'3c88     0xb08  spiffs_gc.o [1]
  .text              ro code   0x804'4790      0x70  strncpy.o [4]
  .text              ro code   0x804'4800     0x15c  stm32l4xx_hal_cortex.o [1]
  .text              ro code   0x804'495c      0xc6  stm32l4xx_hal_i2c_ex.o [1]
  .rodata            const     0x804'4a22       0x2  ui_compass.o [1]
  .text              ro code   0x804'4a24      0xa4  stm32l4xx_hal_pwr_ex.o [1]
  .text              ro code   0x804'4ac8      0x24  stm32l4xx_hal.o [1]
  .text              ro code   0x804'4aec     0x2ec  gpio.o [1]
  .text              ro code   0x804'4dd8      0x2c  dma.o [1]
  .text              ro code   0x804'4e04     0x134  fmc.o [1]
  .text              ro code   0x804'4f38     0x12c  spi.o [1]
  .text              ro code   0x804'5064     0x1b4  usart.o [1]
  .text              ro code   0x804'5218      0xcc  can.o [1]
  .text              ro code   0x804'52e4      0xd4  spi_ffs.o [1]
  .text              ro code   0x804'53b8      0xdc  lv_port_disp_template.o [1]
  .text              ro code   0x804'5494     0x2ec  ui_splash.o [1]
  .text              ro code   0x804'5780      0x94  veml7700.o [1]
  .text              ro code   0x804'5814     0x360  DFRobot_BMX160.o [1]
  .text              ro code   0x804'5b74     0x3d0  compass.o [1]
  .text              ro code   0x804'5f44     0x498  button_process.o [1]
  .text              ro code   0x804'63dc     0x22c  diva_process.o [1]
  .text              ro code   0x804'6608      0x10  stm32l4xx_hal_pwr.o [1]
  .text              ro code   0x804'6618     0x994  stm32l4xx_hal_rcc.o [1]
  .text              ro code   0x804'6fac      0x20  DblCmpEq.o [3]
  .text              ro code   0x804'6fcc      0x58  lv_utils.o [1]
  .text              ro code   0x804'7024      0x14  exit.o [5]
  .text              ro code   0x804'7038     0x3e8  iar_Exp64.o [3]
  .text              ro code   0x804'7420      0x60  stm32l4xx_hal.o [1]
  .text              ro code   0x804'7480      0x38  stm32l4xx_hal_msp.o [1]
  .text              ro code   0x804'74b8      0x62  stm32l4xx_hal_sram.o [1]
  .rodata            const     0x804'751a       0x2  ui_compass.o [1]
  .text              ro code   0x804'751c     0xa24  stm32l4xx_hal_spi.o [1]
  .text              ro code   0x804'7f40     0x704  stm32l4xx_hal_uart.o [1]
  .text              ro code   0x804'8644      0x98  stm32l4xx_hal_uart_ex.o [1]
  .text              ro code   0x804'86dc     0x390  stm32l4xx_hal_can.o [1]
  .text              ro code   0x804'8a6c     0x294  W25Qx.o [1]
  .text              ro code   0x804'8d00     0x3a0  lcd_ex.o [1]
  .text              ro code   0x804'90a0     0xc2e  lv_bar.o [1]
  .rodata            const     0x804'9cce       0x2  ui_compass.o [1]
  .text              ro code   0x804'9cd0     0x1cc  FusionOffset.o [1]
  .text              ro code   0x804'9e9c     0x8d8  FusionAhrs.o [1]
  .text              ro code   0x804'a774     0x208  FusionCompass.o [1]
  .text              ro code   0x804'a97c      0x7c  iarttio.o [5]
  .text              ro code   0x804'a9f8     0x13c  stm32l4xx_ll_fmc.o [1]
  .text              ro code   0x804'ab34       0x2  stm32l4xx_hal_can.o [1]
  .text              ro code   0x804'ab36       0x2  stm32l4xx_hal_can.o [1]
  .text              ro code   0x804'ab38       0x2  stm32l4xx_hal_can.o [1]
  .text              ro code   0x804'ab3a       0x2  stm32l4xx_hal_can.o [1]
  .text              ro code   0x804'ab3c       0x2  stm32l4xx_hal_can.o [1]
  .text              ro code   0x804'ab3e       0x2  stm32l4xx_hal_can.o [1]
  .text              ro code   0x804'ab40       0x2  stm32l4xx_hal_can.o [1]
  .text              ro code   0x804'ab42       0x2  stm32l4xx_hal_can.o [1]
  .text              ro code   0x804'ab44       0x2  stm32l4xx_hal_can.o [1]
  .text              ro code   0x804'ab46       0x2  stm32l4xx_hal_can.o [1]
  .text              ro code   0x804'ab48       0x2  stm32l4xx_hal_can.o [1]
  .text              ro code   0x804'ab4a       0x2  stm32l4xx_hal_can.o [1]
  .text              ro code   0x804'ab4c       0x2  stm32l4xx_hal_can.o [1]
  .rodata            const     0x804'ab4e       0x2  ui_compass.o [1]
  .text              ro code   0x804'ab50     0x1e0  cos_sin32.o [3]
  .text              ro code   0x804'ad30      0x6a  atan2f.o [3]
  .rodata            const     0x804'ad9a       0x2  ui_compass.o [1]
  .text              ro code   0x804'ad9c      0x3c  XShttio.o [2]
  .text              ro code   0x804'add8      0xa4  xatanf.o [3]
  .rodata            const     0x804'ae7c    0x3614  lv_font_montserrat_18.o [1]
  .rodata            const     0x804'e490    0x2a38  lv_font_montserrat_16.o [1]
  .rodata            const     0x805'0ec8     0xbb0  lv_font_montserrat_16.o [1]
  .rodata            const     0x805'1a78     0xbb0  lv_font_montserrat_18.o [1]
  .rodata            const     0x805'2628     0xbb0  lv_font_montserrat_30.o [1]
  .rodata            const     0x805'31d8     0x9b0  lv_font_montserrat_16.o [1]
  .rodata            const     0x805'3b88     0x9b0  lv_font_montserrat_18.o [1]
  .rodata            const     0x805'4538     0x9b0  lv_font_montserrat_30.o [1]
  .rodata            const     0x805'4ee8     0x208  lv_txt_ap.o [1]
  .rodata            const     0x805'50f0     0x200  crc16.o [1]
  .rodata            const     0x805'52f0     0x1d0  ui_img_storage.o [1]
  .rodata            const     0x805'54c0     0x1d0  ui_img_storage.o [1]
  .rodata            const     0x805'5690     0x1c4  ui_control.o [1]
  .text              ro code   0x805'5854     0x138  heap0.o [2]
  .text              ro code   0x805'598c      0x2c  xgetmemchunk.o [2]
  .rodata            const     0x805'59b8     0x100  lv_draw_label.o [1]
  .text              ro code   0x805'5ab8      0xd8  xfspos.o [2]
  .text              ro code   0x805'5b90      0xac  fflush.o [2]
  .text              ro code   0x805'5c3c       0xc  xfgpos.o [2]
  .text              ro code   0x805'5c48      0x4a  lseek.o [5]
  .text              ro code   0x805'5c92      0x10  write.o [5]
  .rodata            const     0x805'5ca2       0x2  ui_compass.o [1]
  .text              ro code   0x805'5ca4      0xcc  XShHandles.o [2]
  .text              ro code   0x805'5d70      0x1e  dwrite.o [5]
  .text              ro code   0x805'5d8e      0x20  iarwstd.o [5]
  .text              ro code   0x805'5dae      0x22  iarwrite.o [5]
  .rodata            const     0x805'5dd0      0xc0  deco.o [1]
  .rodata            const     0x805'5e90      0xc0  deco.o [1]
  .rodata            const     0x805'5f50      0xb8  lv_math.o [1]
  .text              ro code   0x805'6008      0xb4  xfwprep.o [2]
  .text              ro code   0x805'60bc      0x24  fseek.o [2]
  .rodata            const     0x805'60e0      0x9c  lv_font_montserrat_16.o [1]
  .rodata            const     0x805'617c      0x9c  lv_font_montserrat_16.o [1]
  .rodata            const     0x805'6218      0x9c  lv_font_montserrat_18.o [1]
  .rodata            const     0x805'62b4      0x9c  lv_font_montserrat_18.o [1]
  .rodata            const     0x805'6350      0x9c  lv_font_montserrat_30.o [1]
  .rodata            const     0x805'63ec      0x9c  lv_font_montserrat_30.o [1]
  .text              ro code   0x805'6488      0x9c  xfofind.o [2]
  .text              ro code   0x805'6524       0x4  heaptramp0.o [2]
  .text              ro code   0x805'6528      0x7e  fclose.o [2]
  .text              ro code   0x805'65a6      0x18  close.o [5]
  .text              ro code   0x805'65be      0x14  remove.o [5]
  .rodata            const     0x805'65d2       0x2  ui_compass.o [1]
  .rodata            const     0x805'65d4      0x78  lv_font_montserrat_16.o [1]
  .rodata            const     0x805'664c      0x78  lv_font_montserrat_18.o [1]
  .rodata            const     0x805'66c4      0x78  lv_font_montserrat_30.o [1]
  .text              ro code   0x805'673c      0x78  lz77_init_single.o [4]
  .rodata            const     0x805'67b4      0x54  lv_draw_blend.o [1]
  .rodata            const     0x805'6808      0x54  lv_draw_label.o [1]
  .rodata            const     0x805'685c      0x54  lv_hal_disp.o [1]
  .rodata            const     0x805'68b0      0x54  lv_img_decoder.o [1]
  .rodata            const     0x805'6904      0x54  lv_img_decoder.o [1]
  .text              ro code   0x805'6958      0x54  fputc.o [2]
  .rodata            const     0x805'69ac      0x50  lv_cont.o [1]
  .rodata            const     0x805'69fc      0x50  lv_draw_img.o [1]
  .rodata            const     0x805'6a4c      0x50  lv_draw_mask.o [1]
  .rodata            const     0x805'6a9c      0x50  lv_draw_rect.o [1]
  .rodata            const     0x805'6aec      0x50  lv_hal_disp.o [1]
  .rodata            const     0x805'6b3c      0x50  lv_img.o [1]
  .rodata            const     0x805'6b8c      0x50  lv_img_cache.o [1]
  .rodata            const     0x805'6bdc      0x50  lv_img_decoder.o [1]
  .rodata            const     0x805'6c2c      0x50  lv_label.o [1]
  .rodata            const     0x805'6c7c      0x50  lv_obj.o [1]
  .rodata            const     0x805'6ccc      0x4c  lv_disp.o [1]
  .rodata            const     0x805'6d18      0x50  lv_printf.o [1]
  .rodata            const     0x805'6d68      0x50  lv_refr.o [1]
  .rodata            const     0x805'6db8      0x50  lv_refr.o [1]
  .rodata            const     0x805'6e08      0x4c  lv_img_decoder.o [1]
  .rodata            const     0x805'6e54      0x4c  lv_mem.o [1]
  .rodata            const     0x805'6ea0      0x4c  lv_obj.o [1]
  .rodata            const     0x805'6eec      0x4c  lv_refr.o [1]
  .rodata            const     0x805'6f38      0x4c  lv_style.o [1]
  .rodata            const     0x805'6f84      0x4c  lv_txt.o [1]
  .rodata            const     0x805'6fd0      0x4c  ui_control.o [1]
  .rodata            const     0x805'701c      0x48  lv_cont.o [1]
  .rodata            const     0x805'7064      0x48  lv_img_decoder.o [1]
  .rodata            const     0x805'70ac      0x48  lv_obj.o [1]
  .text              ro code   0x805'70f4      0x48  stm32l4xx_it.o [1]
  .text              ro code   0x805'713c      0x18  stm32l4xx_hal.o [1]
  .rodata            const     0x805'7154      0x40  lv_style.o [1]
  .rodata            const     0x805'7194      0x40  lv_txt.o [1]
  .rodata            const     0x805'71d4      0x3c  lv_disp.o [1]
  .rodata            const     0x805'7210      0x3c  lv_disp.o [1]
  .rodata            const     0x805'724c      0x3c  lv_img_decoder.o [1]
  .rodata            const     0x805'7288      0x3c  lv_style.o [1]
  .text              ro code   0x805'72c4      0x3c  xcloseall.o [2]
  .rodata            const     0x805'7300      0x38  lv_obj.o [1]
  .rodata            const     0x805'7338      0x38  ui_control.o [1]
  .rodata            const     0x805'7370      0x34  lv_disp.o [1]
  .rodata            const     0x805'73a4      0x30  lv_disp.o [1]
  .rodata            const     0x805'73d4      0x30  lv_draw_label.o [1]
  .rodata            const     0x805'7404      0x30  lv_refr.o [1]
  .rodata            const     0x805'7434      0x30  lv_style.o [1]
  .rodata            const     0x805'7464      0x30  lv_style.o [1]
  .rodata            const     0x805'7494      0x30  system_stm32l4xx.o [1]
  .rodata            const     0x805'74c4      0x2c  lv_draw_rect.o [1]
  .rodata            const     0x805'74f0      0x2c  lv_img.o [1]
  .rodata            const     0x805'751c      0x2c  lv_img_cache.o [1]
  .rodata            const     0x805'7548      0x2c  lv_img_decoder.o [1]
  .rodata            const     0x805'7574      0x2c  lv_img_decoder.o [1]
  .rodata            const     0x805'75a0      0x2c  lv_label.o [1]
  .rodata            const     0x805'75cc      0x2c  lv_mem.o [1]
  .rodata            const     0x805'75f8      0x28  lv_draw_blend.o [1]
  .rodata            const     0x805'7620      0x28  lv_draw_img.o [1]
  .rodata            const     0x805'7648      0x28  lv_draw_label.o [1]
  .rodata            const     0x805'7670      0x28  lv_draw_label.o [1]
  .rodata            const     0x805'7698      0x28  lv_draw_mask.o [1]
  .rodata            const     0x805'76c0      0x28  lv_font_montserrat_16.o [1]
  .rodata            const     0x805'76e8      0x28  lv_font_montserrat_18.o [1]
  .rodata            const     0x805'7710      0x28  lv_font_montserrat_30.o [1]
  .rodata            const     0x805'7738      0x28  lv_img_cache.o [1]
  .rodata            const     0x805'7760      0x28  lv_img_decoder.o [1]
  .rodata            const     0x805'7788      0x28  lv_img_decoder.o [1]
  .rodata            const     0x805'77b0      0x28  lv_img_decoder.o [1]
  .rodata            const     0x805'77d8      0x28  ui_control.o [1]
  .rodata            const     0x805'7800      0x28  ui_control.o [1]
  .rodata            const     0x805'7828      0x28  ui_control.o [1]
  .rodata            const     0x805'7850      0x28  ui_main.o [1]
  .text              ro code   0x805'7878      0x28  data_init.o [4]
  .rodata            const     0x805'78a0      0x24  compass.o [1]
  .rodata            const     0x805'78c4      0x24  compass.o [1]
  .rodata            const     0x805'78e8      0x24  compass.o [1]
  .rodata            const     0x805'790c      0x24  lv_draw_line.o [1]
  .rodata            const     0x805'7930      0x24  lv_img.o [1]
  .rodata            const     0x805'7954      0x24  lv_img_decoder.o [1]
  .rodata            const     0x805'7978      0x24  lv_img_decoder.o [1]
  .rodata            const     0x805'799c      0x24  lv_img_decoder.o [1]
  .rodata            const     0x805'79c0      0x24  lv_img_decoder.o [1]
  .rodata            const     0x805'79e4      0x24  lv_obj.o [1]
  .rodata            const     0x805'7a08      0x24  ui_compass.o [1]
  .rodata            const     0x805'7a2c      0x24  ui_control.o [1]
  .rodata            const     0x805'7a50      0x24  ui_control.o [1]
  .rodata            const     0x805'7a74      0x24  ui_diagnotics.o [1]
  .rodata            const     0x805'7a98      0x24  ui_dialog.o [1]
  .rodata            const     0x805'7abc      0x24  ui_main.o [1]
  .rodata            const     0x805'7ae0      0x24  ui_main.o [1]
  .rodata            const     0x805'7b04      0x24  ui_main.o [1]
  .text              ro code   0x805'7b28      0x22  fpinit_M.o [3]
  .iar.init_table    const     0x805'7b4c      0x20  - Linker created -
  .rodata            const     0x805'7b6c       0x2  ui_compass.o [1]
  .rodata            const     0x805'7b70      0x20  lv_bidi.o [1]
  .rodata            const     0x805'7b90      0x20  lv_draw_img.o [1]
  .rodata            const     0x805'7bb0      0x20  lv_draw_label.o [1]
  .rodata            const     0x805'7bd0      0x20  lv_draw_rect.o [1]
  .rodata            const     0x805'7bf0      0x20  lv_img.o [1]
  .rodata            const     0x805'7c10      0x20  lv_img_decoder.o [1]
  .rodata            const     0x805'7c30      0x20  lv_img_decoder.o [1]
  .rodata            const     0x805'7c50      0x20  lv_obj.o [1]
  .rodata            const     0x805'7c70      0x20  lv_refr.o [1]
  .rodata            const     0x805'7c90      0x20  lv_style.o [1]
  .rodata            const     0x805'7cb0      0x20  ui_control.o [1]
  .rodata            const     0x805'7cd0      0x20  ui_control.o [1]
  .rodata            const     0x805'7cf0      0x20  ui_control.o [1]
  .rodata            const     0x805'7d10      0x20  ui_main.o [1]
  .text              ro code   0x805'7d30      0x1e  cmain.o [4]
  .text              ro code   0x805'7d4e       0x4  low_level_init.o [2]
  .text              ro code   0x805'7d52       0x4  exit.o [2]
  .rodata            const     0x805'7d56       0x2  ui_compass.o [1]
  .text              ro code   0x805'7d58       0xe  cexit.o [4]
  .rodata            const     0x805'7d66       0x2  ui_compass.o [1]
  .rodata            const     0x805'7d68      0x1c  lv_draw_label.o [1]
  .rodata            const     0x805'7d84      0x1c  lv_mem.o [1]
  .rodata            const     0x805'7da0      0x1c  lv_style.o [1]
  .rodata            const     0x805'7dbc      0x1c  lv_style.o [1]
  .rodata            const     0x805'7dd8      0x1c  ui_control.o [1]
  .rodata            const     0x805'7df4      0x1c  ui_control.o [1]
  .rodata            const     0x805'7e10      0x1c  ui_control.o [1]
  .rodata            const     0x805'7e2c      0x1c  ui_main.o [1]
  .rodata            const     0x805'7e48      0x1c  ui_main.o [1]
  .rodata            const     0x805'7e64      0x18  lv_cont.o [1]
  .rodata            const     0x805'7e7c      0x18  lv_disp.o [1]
  .rodata            const     0x805'7e94      0x18  lv_disp.o [1]
  .rodata            const     0x805'7eac      0x18  lv_disp.o [1]
  .rodata            const     0x805'7ec4      0x18  lv_draw_img.o [1]
  .rodata            const     0x805'7edc      0x18  lv_hal_disp.o [1]
  .rodata            const     0x805'7ef4      0x18  lv_img_decoder.o [1]
  .rodata            const     0x805'7f0c      0x18  lv_label.o [1]
  .rodata            const     0x805'7f24      0x18  lv_log.o [1]
  .rodata            const     0x805'7f3c      0x18  lv_obj.o [1]
  .rodata            const     0x805'7f54      0x18  lv_obj.o [1]
  .rodata            const     0x805'7f6c      0x18  lv_style.o [1]
  .rodata            const     0x805'7f84      0x18  ui_control.o [1]
  .rodata            const     0x805'7f9c      0x18  ui_control.o [1]
  .rodata            const     0x805'7fb4      0x18  ui_control.o [1]
  .rodata            const     0x805'7fcc      0x18  ui_control.o [1]
  .rodata            const     0x805'7fe4      0x18  ui_control.o [1]
  .rodata            const     0x805'7ffc      0x18  ui_control.o [1]
  .rodata            const     0x805'8014      0x18  ui_control.o [1]
  .rodata            const     0x805'802c      0x18  ui_control.o [1]
  .rodata            const     0x805'8044      0x18  ui_control.o [1]
  .text              ro code   0x805'805c      0x16  xprout.o [2]
  .rodata            const     0x805'8072       0x2  ui_compass.o [1]
  .text              ro code   0x805'8074       0xc  putchar.o [2]
  .rodata            const     0x805'8080      0x14  lv_disp.o [1]
  .rodata            const     0x805'8094      0x14  lv_draw_img.o [1]
  .rodata            const     0x805'80a8      0x14  lv_draw_img.o [1]
  .rodata            const     0x805'80bc      0x14  lv_draw_img.o [1]
  .rodata            const     0x805'80d0      0x14  lv_draw_label.o [1]
  .rodata            const     0x805'80e4      0x14  lv_draw_label.o [1]
  .rodata            const     0x805'80f8      0x14  lv_draw_mask.o [1]
  .rodata            const     0x805'810c      0x14  lv_img_cache.o [1]
  .rodata            const     0x805'8120      0x14  lv_img_decoder.o [1]
  .rodata            const     0x805'8134      0x14  lv_mem.o [1]
  .rodata            const     0x805'8148      0x14  lv_obj.o [1]
  .rodata            const     0x805'815c      0x14  lv_refr.o [1]
  .rodata            const     0x805'8170      0x14  lv_refr.o [1]
  .rodata            const     0x805'8184      0x14  lv_refr.o [1]
  .rodata            const     0x805'8198      0x14  lv_txt.o [1]
  .rodata            const     0x805'81ac      0x14  ui_control.o [1]
  .rodata            const     0x805'81c0      0x14  ui_control.o [1]
  .rodata            const     0x805'81d4      0x14  ui_control.o [1]
  .rodata            const     0x805'81e8      0x14  ui_control.o [1]
  .rodata            const     0x805'81fc      0x14  ui_control.o [1]
  .rodata            const     0x805'8210      0x14  ui_control.o [1]
  .rodata            const     0x805'8224      0x14  ui_control.o [1]
  .rodata            const     0x805'8238      0x14  ui_control.o [1]
  .rodata            const     0x805'824c      0x14  ui_control.o [1]
  .rodata            const     0x805'8260      0x14  ui_control.o [1]
  .rodata            const     0x805'8274      0x14  ui_control.o [1]
  .rodata            const     0x805'8288      0x14  ui_control.o [1]
  .rodata            const     0x805'829c      0x14  ui_control.o [1]
  .rodata            const     0x805'82b0      0x14  ui_control.o [1]
  .rodata            const     0x805'82c4      0x14  ui_control.o [1]
  .rodata            const     0x805'82d8      0x14  ui_control.o [1]
  .rodata            const     0x805'82ec      0x14  ui_control.o [1]
  .rodata            const     0x805'8300      0x14  ui_control.o [1]
  .rodata            const     0x805'8314      0x14  ui_control.o [1]
  .rodata            const     0x805'8328      0x14  ui_control.o [1]
  .rodata            const     0x805'833c      0x14  ui_control.o [1]
  .rodata            const     0x805'8350      0x14  ui_control.o [1]
  .rodata            const     0x805'8364      0x14  ui_control.o [1]
  .rodata            const     0x805'8378      0x14  ui_control.o [1]
  .rodata            const     0x805'838c      0x14  ui_diagnotics.o [1]
  .rodata            const     0x805'83a0      0x14  ui_dialog.o [1]
  .rodata            const     0x805'83b4      0x14  ui_menu.o [1]
  .rodata            const     0x805'83c8      0x14  ui_splash.o [1]
  .rodata            const     0x805'83dc      0x10  compass.o [1]
  .rodata            const     0x805'83ec      0x10  FusionAhrs.o [1]
  .rodata            const     0x805'83fc      0x10  FusionAhrs.o [1]
  .rodata            const     0x805'840c      0x10  FusionAhrs.o [1]
  .rodata            const     0x805'841c      0x10  lv_draw_blend.o [1]
  .rodata            const     0x805'842c      0x10  lv_draw_label.o [1]
  .rodata            const     0x805'843c      0x10  lv_draw_label.o [1]
  .rodata            const     0x805'844c      0x10  lv_draw_rect.o [1]
  .rodata            const     0x805'845c      0x10  lv_font_montserrat_16.o [1]
  .rodata            const     0x805'846c      0x10  lv_font_montserrat_18.o [1]
  .rodata            const     0x805'847c      0x10  lv_font_montserrat_30.o [1]
  .rodata            const     0x805'848c      0x10  lv_img.o [1]
  .rodata            const     0x805'849c      0x10  lv_img.o [1]
  .rodata            const     0x805'84ac      0x10  lv_img_buf.o [1]
  .rodata            const     0x805'84bc      0x10  lv_img_decoder.o [1]
  .rodata            const     0x805'84cc      0x10  lv_mem.o [1]
  .rodata            const     0x805'84dc      0x10  lv_mem.o [1]
  .rodata            const     0x805'84ec      0x10  lv_obj.o [1]
  .rodata            const     0x805'84fc      0x10  lv_obj.o [1]
  .rodata            const     0x805'850c      0x10  lv_refr.o [1]
  .rodata            const     0x805'851c      0x10  main_process.o [1]
  .rodata            const     0x805'852c      0x10  system_stm32l4xx.o [1]
  .rodata            const     0x805'853c      0x10  ui_compass.o [1]
  .rodata            const     0x805'854c      0x10  ui_control.o [1]
  .rodata            const     0x805'855c      0x10  ui_control.o [1]
  .rodata            const     0x805'856c      0x10  ui_control.o [1]
  .rodata            const     0x805'857c      0x10  ui_control.o [1]
  .rodata            const     0x805'858c      0x10  ui_control.o [1]
  .rodata            const     0x805'859c      0x10  ui_control.o [1]
  .rodata            const     0x805'85ac      0x10  ui_control.o [1]
  .rodata            const     0x805'85bc      0x10  ui_control.o [1]
  .rodata            const     0x805'85cc      0x10  ui_control.o [1]
  .rodata            const     0x805'85dc      0x10  ui_control.o [1]
  .rodata            const     0x805'85ec      0x10  ui_control.o [1]
  .rodata            const     0x805'85fc      0x10  ui_control.o [1]
  .rodata            const     0x805'860c      0x10  ui_control.o [1]
  .rodata            const     0x805'861c      0x10  ui_control.o [1]
  .rodata            const     0x805'862c      0x10  ui_control.o [1]
  .rodata            const     0x805'863c      0x10  ui_control.o [1]
  .rodata            const     0x805'864c      0x10  ui_control.o [1]
  .rodata            const     0x805'865c      0x10  ui_control.o [1]
  .rodata            const     0x805'866c      0x10  ui_control.o [1]
  .rodata            const     0x805'867c      0x10  ui_control.o [1]
  .rodata            const     0x805'868c      0x10  ui_control.o [1]
  .rodata            const     0x805'869c      0x10  ui_control.o [1]
  .rodata            const     0x805'86ac      0x10  ui_control.o [1]
  .rodata            const     0x805'86bc      0x10  ui_control.o [1]
  .rodata            const     0x805'86cc      0x10  ui_control.o [1]
  .rodata            const     0x805'86dc      0x10  ui_control.o [1]
  .rodata            const     0x805'86ec      0x10  ui_control.o [1]
  .rodata            const     0x805'86fc      0x10  ui_control.o [1]
  .rodata            const     0x805'870c      0x10  ui_control.o [1]
  .rodata            const     0x805'871c      0x10  ui_dialog.o [1]
  .rodata            const     0x805'872c      0x10  ui_dialog.o [1]
  .text              ro code   0x805'873c      0x10  startup_stm32l476xx.o [1]
  .text              ro code   0x805'874c      0x10  system_stm32l4xx.o [1]
  .rodata            const     0x805'875c       0xc  compass.o [1]
  .rodata            const     0x805'8768       0xc  compass.o [1]
  .rodata            const     0x805'8774       0xc  compass.o [1]
  .rodata            const     0x805'8780       0xc  compass.o [1]
  .rodata            const     0x805'878c       0xc  compass.o [1]
  .rodata            const     0x805'8798       0xc  flash_process.o [1]
  .rodata            const     0x805'87a4       0xc  flash_process.o [1]
  .rodata            const     0x805'87b0       0xc  flash_process.o [1]
  .rodata            const     0x805'87bc       0xc  FusionAhrs.o [1]
  .rodata            const     0x805'87c8       0xc  FusionAhrs.o [1]
  .rodata            const     0x805'87d4       0xc  FusionAhrs.o [1]
  .rodata            const     0x805'87e0       0xc  FusionAhrs.o [1]
  .rodata            const     0x805'87ec       0xc  FusionAhrs.o [1]
  .rodata            const     0x805'87f8       0xc  FusionOffset.o [1]
  .rodata            const     0x805'8804       0xc  lv_bidi.o [1]
  .rodata            const     0x805'8810       0xc  lv_draw_blend.o [1]
  .rodata            const     0x805'881c       0xc  lv_draw_img.o [1]
  .rodata            const     0x805'8828       0xc  lv_label.o [1]
  .rodata            const     0x805'8834       0xc  main_process.o [1]
  .rodata            const     0x805'8840       0xc  main_process.o [1]
  .rodata            const     0x805'884c       0xc  main_process.o [1]
  .rodata            const     0x805'8858       0xc  ui_compass.o [1]
  .rodata            const     0x805'8864       0xc  ui_compass.o [1]
  .rodata            const     0x805'8870       0xc  ui_compass.o [1]
  .rodata            const     0x805'887c       0xc  ui_control.o [1]
  .rodata            const     0x805'8888       0xc  ui_control.o [1]
  .rodata            const     0x805'8894       0xc  ui_control.o [1]
  .rodata            const     0x805'88a0       0xc  ui_control.o [1]
  .rodata            const     0x805'88ac       0xc  ui_control.o [1]
  .rodata            const     0x805'88b8       0xc  ui_control.o [1]
  .rodata            const     0x805'88c4       0xc  ui_control.o [1]
  .rodata            const     0x805'88d0       0xc  ui_control.o [1]
  .rodata            const     0x805'88dc       0xc  ui_control.o [1]
  .rodata            const     0x805'88e8       0xc  ui_control.o [1]
  .rodata            const     0x805'88f4       0xc  ui_control.o [1]
  .rodata            const     0x805'8900       0xc  ui_control.o [1]
  .rodata            const     0x805'890c       0xc  ui_control.o [1]
  .rodata            const     0x805'8918       0xc  ui_control.o [1]
  .rodata            const     0x805'8924       0xc  ui_control.o [1]
  .rodata            const     0x805'8930       0xc  ui_control.o [1]
  .rodata            const     0x805'893c       0xc  ui_control.o [1]
  .rodata            const     0x805'8948       0xc  ui_control.o [1]
  .rodata            const     0x805'8954       0xc  ui_control.o [1]
  .rodata            const     0x805'8960       0xc  ui_control.o [1]
  .rodata            const     0x805'896c       0xc  ui_control.o [1]
  .rodata            const     0x805'8978       0xc  ui_control.o [1]
  .rodata            const     0x805'8984       0xc  ui_control.o [1]
  .rodata            const     0x805'8990       0xc  ui_control.o [1]
  .rodata            const     0x805'899c       0xc  ui_control.o [1]
  .rodata            const     0x805'89a8       0xc  ui_control.o [1]
  .rodata            const     0x805'89b4       0xc  ui_control.o [1]
  .rodata            const     0x805'89c0       0xc  ui_control.o [1]
  .rodata            const     0x805'89cc       0xc  ui_control.o [1]
  .rodata            const     0x805'89d8       0xc  ui_control.o [1]
  .rodata            const     0x805'89e4       0xc  ui_control.o [1]
  .rodata            const     0x805'89f0       0xc  ui_control.o [1]
  .rodata            const     0x805'89fc       0xc  ui_diagnotics.o [1]
  .rodata            const     0x805'8a08       0xc  ui_diagnotics.o [1]
  .rodata            const     0x805'8a14       0xc  ui_diagnotics.o [1]
  .rodata            const     0x805'8a20       0xc  ui_diagnotics.o [1]
  .rodata            const     0x805'8a2c       0xc  ui_dialog.o [1]
  .rodata            const     0x805'8a38       0xc  ui_dialog.o [1]
  .rodata            const     0x805'8a44       0xc  ui_main.o [1]
  .rodata            const     0x805'8a50       0xc  ui_main.o [1]
  .rodata            const     0x805'8a5c       0xc  ui_main.o [1]
  .rodata            const     0x805'8a68       0xc  ui_main.o [1]
  .rodata            const     0x805'8a74       0xc  ui_menu.o [1]
  .rodata            const     0x805'8a80       0xc  ui_splash.o [1]
  .rodata            const     0x805'8a8c       0xc  ui_splash.o [1]
  .text              ro code   0x805'8a98       0xc  cstartup_M.o [4]
  .rodata            const     0x805'8aa4       0x8  lv_anim.o [1]
  .rodata            const     0x805'8aac       0x8  lv_bar.o [1]
  .rodata            const     0x805'8ab4       0x8  lv_bidi.o [1]
  .rodata            const     0x805'8abc       0x8  lv_bidi.o [1]
  .rodata            const     0x805'8ac4       0x8  lv_btn.o [1]
  .rodata            const     0x805'8acc       0x8  lv_cont.o [1]
  .rodata            const     0x805'8ad4       0x8  lv_draw_img.o [1]
  .rodata            const     0x805'8adc       0x8  lv_img.o [1]
  .rodata            const     0x805'8ae4       0x8  lv_label.o [1]
  .rodata            const     0x805'8aec       0x8  lv_line.o [1]
  .rodata            const     0x805'8af4       0x8  lv_log.o [1]
  .rodata            const     0x805'8afc       0x8  lv_log.o [1]
  .rodata            const     0x805'8b04       0x8  lv_log.o [1]
  .rodata            const     0x805'8b0c       0x8  lv_log.o [1]
  .rodata            const     0x805'8b14       0x8  lv_log.o [1]
  .rodata            const     0x805'8b1c       0x8  lv_obj.o [1]
  .rodata            const     0x805'8b24       0x8  lv_obj.o [1]
  .rodata            const     0x805'8b2c       0x8  lv_printf.o [1]
  .rodata            const     0x805'8b34       0x8  lv_printf.o [1]
  .rodata            const     0x805'8b3c       0x8  lv_txt.o [1]
  .rodata            const     0x805'8b44       0x8  main.o [1]
  .rodata            const     0x805'8b4c       0x8  system_stm32l4xx.o [1]
  .rodata            const     0x805'8b54       0x8  ui_compass.o [1]
  .rodata            const     0x805'8b5c       0x8  ui_compass.o [1]
  .rodata            const     0x805'8b64       0x8  ui_compass.o [1]
  .rodata            const     0x805'8b6c       0x8  ui_compass.o [1]
  .rodata            const     0x805'8b74       0x8  ui_compass.o [1]
  .rodata            const     0x805'8b7c       0x8  ui_control.o [1]
  .rodata            const     0x805'8b84       0x8  ui_control.o [1]
  .rodata            const     0x805'8b8c       0x8  ui_control.o [1]
  .rodata            const     0x805'8b94       0x8  ui_control.o [1]
  .rodata            const     0x805'8b9c       0x8  ui_control.o [1]
  .rodata            const     0x805'8ba4       0x8  ui_control.o [1]
  .rodata            const     0x805'8bac       0x8  ui_control.o [1]
  .rodata            const     0x805'8bb4       0x8  ui_control.o [1]
  .rodata            const     0x805'8bbc       0x8  ui_control.o [1]
  .rodata            const     0x805'8bc4       0x8  ui_control.o [1]
  .rodata            const     0x805'8bcc       0x8  ui_control.o [1]
  .rodata            const     0x805'8bd4       0x8  ui_control.o [1]
  .rodata            const     0x805'8bdc       0x8  ui_control.o [1]
  .rodata            const     0x805'8be4       0x8  ui_control.o [1]
  .rodata            const     0x805'8bec       0x8  ui_control.o [1]
  .rodata            const     0x805'8bf4       0x8  ui_control.o [1]
  .rodata            const     0x805'8bfc       0x8  ui_control.o [1]
  .rodata            const     0x805'8c04       0x8  ui_control.o [1]
  .rodata            const     0x805'8c0c       0x8  ui_control.o [1]
  .rodata            const     0x805'8c14       0x8  ui_control.o [1]
  .rodata            const     0x805'8c1c       0x8  ui_control.o [1]
  .rodata            const     0x805'8c24       0x8  ui_control.o [1]
  .rodata            const     0x805'8c2c       0x8  ui_control.o [1]
  .rodata            const     0x805'8c34       0x8  ui_control.o [1]
  .rodata            const     0x805'8c3c       0x8  ui_control.o [1]
  .rodata            const     0x805'8c44       0x8  ui_control.o [1]
  .rodata            const     0x805'8c4c       0x8  ui_diagnotics.o [1]
  .rodata            const     0x805'8c54       0x8  ui_diagnotics.o [1]
  .rodata            const     0x805'8c5c       0x8  ui_diagnotics.o [1]
  .rodata            const     0x805'8c64       0x8  ui_diagnotics.o [1]
  .rodata            const     0x805'8c6c       0x8  ui_diagnotics.o [1]
  .rodata            const     0x805'8c74       0x8  ui_diagnotics.o [1]
  .rodata            const     0x805'8c7c       0x8  ui_diagnotics.o [1]
  .rodata            const     0x805'8c84       0x8  ui_diagnotics.o [1]
  .rodata            const     0x805'8c8c       0x8  ui_dialog.o [1]
  .rodata            const     0x805'8c94       0x8  ui_dialog.o [1]
  .rodata            const     0x805'8c9c       0x8  ui_dialog.o [1]
  .rodata            const     0x805'8ca4       0x8  ui_dialog.o [1]
  .rodata            const     0x805'8cac       0x8  ui_dialog.o [1]
  .rodata            const     0x805'8cb4       0x8  ui_main.o [1]
  .rodata            const     0x805'8cbc       0x8  ui_main.o [1]
  .rodata            const     0x805'8cc4       0x8  ui_main.o [1]
  .rodata            const     0x805'8ccc       0x8  ui_main.o [1]
  .rodata            const     0x805'8cd4       0x8  ui_main.o [1]
  .rodata            const     0x805'8cdc       0x8  ui_main.o [1]
  .rodata            const     0x805'8ce4       0x8  ui_main.o [1]
  .rodata            const     0x805'8cec       0x8  ui_main.o [1]
  .rodata            const     0x805'8cf4       0x8  ui_main.o [1]
  .rodata            const     0x805'8cfc       0x8  ui_main.o [1]
  .rodata            const     0x805'8d04       0x8  ui_main.o [1]
  .rodata            const     0x805'8d0c       0x8  ui_main.o [1]
  .rodata            const     0x805'8d14       0x8  ui_main.o [1]
  .rodata            const     0x805'8d1c       0x8  ui_main.o [1]
  .rodata            const     0x805'8d24       0x8  ui_main.o [1]
  .rodata            const     0x805'8d2c       0x8  ui_main.o [1]
  .rodata            const     0x805'8d34       0x8  ui_menu.o [1]
  .rodata            const     0x805'8d3c       0x8  ui_menu.o [1]
  .rodata            const     0x805'8d44       0x8  ui_menu.o [1]
  .rodata            const     0x805'8d4c       0x8  ui_menu.o [1]
  .rodata            const     0x805'8d54       0x8  ui_menu.o [1]
  .rodata            const     0x805'8d5c       0x8  ui_menu.o [1]
  .rodata            const     0x805'8d64       0x8  ui_menu.o [1]
  .rodata            const     0x805'8d6c       0x8  ui_menu.o [1]
  .rodata            const     0x805'8d74       0x8  xprintffull_nomb.o [2]
  .rodata            const     0x805'8d7c       0x4  diva_process.o [1]
  .rodata            const     0x805'8d80       0x4  lv_draw_label.o [1]
  .rodata            const     0x805'8d84       0x4  lv_img_buf.o [1]
  .rodata            const     0x805'8d88       0x4  lv_img_decoder.o [1]
  .rodata            const     0x805'8d8c       0x4  main_process.o [1]
  .rodata            const     0x805'8d90       0x4  ui_control.o [1]
  .rodata            const     0x805'8d94       0x4  ui_control.o [1]
  .text              ro code   0x805'8d98       0x4  startup_stm32l476xx.o [1]
  .text              ro code   0x805'8d9c       0x4  startup_stm32l476xx.o [1]
  .text              ro code   0x805'8da0       0x4  startup_stm32l476xx.o [1]
  .text              ro code   0x805'8da4       0x4  startup_stm32l476xx.o [1]
  .text              ro code   0x805'8da8       0x4  startup_stm32l476xx.o [1]
  .text              ro code   0x805'8dac       0x4  startup_stm32l476xx.o [1]
  .text              ro code   0x805'8db0       0x4  startup_stm32l476xx.o [1]
  .text              ro code   0x805'8db4       0x4  startup_stm32l476xx.o [1]
  .text              ro code   0x805'8db8       0x4  startup_stm32l476xx.o [1]
  .text              ro code   0x805'8dbc       0x4  startup_stm32l476xx.o [1]
  .text              ro code   0x805'8dc0       0x4  startup_stm32l476xx.o [1]
  .text              ro code   0x805'8dc4       0x4  startup_stm32l476xx.o [1]
  .text              ro code   0x805'8dc8       0x4  startup_stm32l476xx.o [1]
  .text              ro code   0x805'8dcc       0x4  startup_stm32l476xx.o [1]
  .text              ro code   0x805'8dd0       0x4  startup_stm32l476xx.o [1]
  .text              ro code   0x805'8dd4       0x4  startup_stm32l476xx.o [1]
  .text              ro code   0x805'8dd8       0x4  startup_stm32l476xx.o [1]
  .text              ro code   0x805'8ddc       0x4  startup_stm32l476xx.o [1]
  .text              ro code   0x805'8de0       0x4  startup_stm32l476xx.o [1]
  .text              ro code   0x805'8de4       0x4  startup_stm32l476xx.o [1]
  .text              ro code   0x805'8de8       0x4  startup_stm32l476xx.o [1]
  .text              ro code   0x805'8dec       0x4  startup_stm32l476xx.o [1]
  .text              ro code   0x805'8df0       0x4  startup_stm32l476xx.o [1]
  .text              ro code   0x805'8df4       0x4  startup_stm32l476xx.o [1]
  .text              ro code   0x805'8df8       0x4  startup_stm32l476xx.o [1]
  .text              ro code   0x805'8dfc       0x4  startup_stm32l476xx.o [1]
  .text              ro code   0x805'8e00       0x4  startup_stm32l476xx.o [1]
  .text              ro code   0x805'8e04       0x4  startup_stm32l476xx.o [1]
  .text              ro code   0x805'8e08       0x4  startup_stm32l476xx.o [1]
  .text              ro code   0x805'8e0c       0x4  startup_stm32l476xx.o [1]
  .text              ro code   0x805'8e10       0x4  startup_stm32l476xx.o [1]
  .text              ro code   0x805'8e14       0x4  startup_stm32l476xx.o [1]
  .text              ro code   0x805'8e18       0x4  startup_stm32l476xx.o [1]
  .text              ro code   0x805'8e1c       0x4  startup_stm32l476xx.o [1]
  .text              ro code   0x805'8e20       0x4  startup_stm32l476xx.o [1]
  .text              ro code   0x805'8e24       0x4  startup_stm32l476xx.o [1]
  .text              ro code   0x805'8e28       0x4  startup_stm32l476xx.o [1]
  .text              ro code   0x805'8e2c       0x4  startup_stm32l476xx.o [1]
  .text              ro code   0x805'8e30       0x4  startup_stm32l476xx.o [1]
  .text              ro code   0x805'8e34       0x4  startup_stm32l476xx.o [1]
  .text              ro code   0x805'8e38       0x4  startup_stm32l476xx.o [1]
  .text              ro code   0x805'8e3c       0x4  startup_stm32l476xx.o [1]
  .text              ro code   0x805'8e40       0x4  startup_stm32l476xx.o [1]
  .text              ro code   0x805'8e44       0x4  startup_stm32l476xx.o [1]
  .text              ro code   0x805'8e48       0x4  startup_stm32l476xx.o [1]
  .text              ro code   0x805'8e4c       0x4  startup_stm32l476xx.o [1]
  .text              ro code   0x805'8e50       0x4  startup_stm32l476xx.o [1]
  .text              ro code   0x805'8e54       0x4  startup_stm32l476xx.o [1]
  .text              ro code   0x805'8e58       0x4  startup_stm32l476xx.o [1]
  .text              ro code   0x805'8e5c       0x4  startup_stm32l476xx.o [1]
  .text              ro code   0x805'8e60       0x4  startup_stm32l476xx.o [1]
  .text              ro code   0x805'8e64       0x4  startup_stm32l476xx.o [1]
  .text              ro code   0x805'8e68       0x4  startup_stm32l476xx.o [1]
  .text              ro code   0x805'8e6c       0x4  startup_stm32l476xx.o [1]
  .text              ro code   0x805'8e70       0x4  startup_stm32l476xx.o [1]
  .text              ro code   0x805'8e74       0x4  startup_stm32l476xx.o [1]
  .text              ro code   0x805'8e78       0x4  startup_stm32l476xx.o [1]
  .text              ro code   0x805'8e7c       0x4  startup_stm32l476xx.o [1]
  .text              ro code   0x805'8e80       0x4  startup_stm32l476xx.o [1]
  .text              ro code   0x805'8e84       0x4  startup_stm32l476xx.o [1]
  .text              ro code   0x805'8e88       0x4  startup_stm32l476xx.o [1]
  .text              ro code   0x805'8e8c       0x4  startup_stm32l476xx.o [1]
  .text              ro code   0x805'8e90       0x4  startup_stm32l476xx.o [1]
  .text              ro code   0x805'8e94       0x4  startup_stm32l476xx.o [1]
  .text              ro code   0x805'8e98       0x4  startup_stm32l476xx.o [1]
  .text              ro code   0x805'8e9c       0x4  startup_stm32l476xx.o [1]
  .text              ro code   0x805'8ea0       0x4  startup_stm32l476xx.o [1]
  .text              ro code   0x805'8ea4       0x4  startup_stm32l476xx.o [1]
  .text              ro code   0x805'8ea8       0x4  startup_stm32l476xx.o [1]
  .text              ro code   0x805'8eac       0x4  startup_stm32l476xx.o [1]
  .text              ro code   0x805'8eb0       0x4  startup_stm32l476xx.o [1]
  .text              ro code   0x805'8eb4       0x4  startup_stm32l476xx.o [1]
  .text              ro code   0x805'8eb8       0x4  startup_stm32l476xx.o [1]
  .text              ro code   0x805'8ebc       0x4  startup_stm32l476xx.o [1]
  .text              ro code   0x805'8ec0       0x4  startup_stm32l476xx.o [1]
  .text              ro code   0x805'8ec4       0x4  startup_stm32l476xx.o [1]
  .text              ro code   0x805'8ec8       0x4  startup_stm32l476xx.o [1]
  .text              ro code   0x805'8ecc       0x4  startup_stm32l476xx.o [1]
  .rodata            const     0x805'8ed0       0x2  ui_compass.o [1]
  .rodata            const     0x805'8ed2       0x2  ui_compass.o [1]
  .rodata            const     0x805'8ed4       0x2  ui_compass.o [1]
  .rodata            const     0x805'8ed6       0x2  ui_compass.o [1]
  .rodata            const     0x805'8ed8       0x2  ui_compass.o [1]
  .rodata            const     0x805'8eda       0x2  ui_compass.o [1]
  .rodata            const     0x805'8edc       0x2  ui_compass.o [1]
  .rodata            const     0x805'8ede       0x2  ui_diagnotics.o [1]
  .rodata            const     0x805'8ee0       0x2  ui_diagnotics.o [1]
  .rodata            const     0x805'8ee2       0x2  ui_diagnotics.o [1]
  .rodata            const     0x805'8ee4       0x2  ui_diagnotics.o [1]
  .rodata            const     0x805'8ee6       0x2  ui_diagnotics.o [1]
  .rodata            const     0x805'8ee8       0x2  ui_diagnotics.o [1]
  .rodata            const     0x805'8eea       0x2  ui_diagnotics.o [1]
  .rodata            const     0x805'8eec       0x2  ui_diagnotics.o [1]
  .rodata            const     0x805'8eee       0x2  ui_diagnotics.o [1]
  .rodata            const     0x805'8ef0       0x2  ui_diagnotics.o [1]
  .rodata            const     0x805'8ef2       0x2  ui_diagnotics.o [1]
  .rodata            const     0x805'8ef4       0x2  ui_diagnotics.o [1]
  .rodata            const     0x805'8ef6       0x2  ui_diagnotics.o [1]
  .rodata            const     0x805'8ef8       0x2  ui_diagnotics.o [1]
  .rodata            const     0x805'8efa       0x2  ui_dialog.o [1]
  .rodata            const     0x805'8efc       0x2  ui_dialog.o [1]
  .rodata            const     0x805'8efe       0x2  ui_dialog.o [1]
  .rodata            const     0x805'8f00       0x2  ui_dialog.o [1]
  .rodata            const     0x805'8f02       0x2  ui_dialog.o [1]
  .rodata            const     0x805'8f04       0x2  ui_dialog.o [1]
  .rodata            const     0x805'8f06       0x2  ui_dialog.o [1]
  .rodata            const     0x805'8f08       0x2  ui_dialog.o [1]
  .rodata            const     0x805'8f0a       0x2  ui_dialog.o [1]
  .rodata            const     0x805'8f0c       0x2  ui_dialog.o [1]
  .rodata            const     0x805'8f0e       0x2  ui_dialog.o [1]
  .rodata            const     0x805'8f10       0x2  ui_main.o [1]
  .rodata            const     0x805'8f12       0x2  ui_main.o [1]
  .rodata            const     0x805'8f14       0x2  ui_main.o [1]
  .rodata            const     0x805'8f16       0x2  ui_main.o [1]
  .rodata            const     0x805'8f18       0x2  ui_main.o [1]
  .rodata            const     0x805'8f1a       0x2  ui_main.o [1]
  .rodata            const     0x805'8f1c       0x2  ui_main.o [1]
  .rodata            const     0x805'8f1e       0x2  ui_main.o [1]
  .rodata            const     0x805'8f20       0x2  ui_main.o [1]
  .rodata            const     0x805'8f22       0x2  ui_main.o [1]
  .rodata            const     0x805'8f24       0x2  ui_main.o [1]
  .rodata            const     0x805'8f26       0x2  ui_main.o [1]
  .rodata            const     0x805'8f28       0x2  ui_main.o [1]
  .rodata            const     0x805'8f2a       0x2  ui_main.o [1]
  .rodata            const     0x805'8f2c       0x2  ui_main.o [1]
  .rodata            const     0x805'8f2e       0x2  ui_main.o [1]
  .rodata            const     0x805'8f30       0x2  ui_main.o [1]
  .rodata            const     0x805'8f32       0x2  ui_main.o [1]
  .rodata            const     0x805'8f34       0x2  ui_main.o [1]
  .rodata            const     0x805'8f36       0x2  ui_main.o [1]
  .rodata            const     0x805'8f38       0x2  ui_main.o [1]
  .rodata            const     0x805'8f3a       0x2  ui_main.o [1]
  .rodata            const     0x805'8f3c       0x2  ui_main.o [1]
  .rodata            const     0x805'8f3e       0x2  ui_main.o [1]
  .rodata            const     0x805'8f40       0x2  ui_main.o [1]
  .rodata            const     0x805'8f42       0x2  ui_main.o [1]
  .rodata            const     0x805'8f44       0x2  ui_main.o [1]
  .rodata            const     0x805'8f46       0x2  ui_main.o [1]
  .rodata            const     0x805'8f48       0x2  ui_main.o [1]
  .rodata            const     0x805'8f4a       0x2  ui_main.o [1]
  .rodata            const     0x805'8f4c       0x2  ui_main.o [1]
  .rodata            const     0x805'8f4e       0x2  ui_main.o [1]
  .rodata            const     0x805'8f50       0x2  ui_main.o [1]
  .rodata            const     0x805'8f52       0x2  ui_main.o [1]
  .rodata            const     0x805'8f54       0x2  ui_main.o [1]
  .rodata            const     0x805'8f56       0x2  ui_main.o [1]
  .rodata            const     0x805'8f58       0x2  ui_main.o [1]
  .rodata            const     0x805'8f5a       0x2  ui_main.o [1]
  .rodata            const     0x805'8f5c       0x2  ui_main.o [1]
  .rodata            const     0x805'8f5e       0x2  ui_menu.o [1]
  .rodata            const     0x805'8f60       0x2  ui_menu.o [1]
  .rodata            const     0x805'8f62       0x2  ui_menu.o [1]
  .rodata            const     0x805'8f64       0x2  ui_menu.o [1]
  .rodata            const     0x805'8f66       0x2  ui_menu.o [1]
  .rodata            const     0x805'8f68       0x2  ui_menu.o [1]
  .rodata            const     0x805'8f6a       0x2  ui_menu.o [1]
  .rodata            const     0x805'8f6c       0x2  ui_menu.o [1]
  .rodata            const     0x805'8f6e       0x2  ui_menu.o [1]
  .rodata            const     0x805'8f70       0x2  ui_menu.o [1]
  .rodata            const     0x805'8f72       0x2  ui_menu.o [1]
  .rodata            const     0x805'8f74       0x2  ui_menu.o [1]
  .rodata            const     0x805'8f76       0x2  ui_menu.o [1]
  .rodata            const     0x805'8f78       0x2  ui_menu.o [1]
  .rodata            const     0x805'8f7a       0x2  ui_splash.o [1]
  .rodata            const     0x805'8f7c       0x2  ui_splash.o [1]
  .rodata            const     0x805'8f7e       0x2  ui_splash.o [1]
  .rodata            const     0x805'8f80       0x2  W25Qx.o [1]
  .rodata            const     0x805'8f82       0x2  xlocale_c.o [2]
[...]
set_default_config       0x801'c025   0x17e  Code  Lc  flash_process.o [1]
setpoint_compass         0x801'0cb5    0x7a  Code  Lc  ui_control.o [1]
setpoint_confirm         0x801'1e45   0x13e  Code  Gb  ui_control.o [1]
setpoint_edit_list       0x801'1bb5   0x21c  Code  Gb  ui_control.o [1]
setpoint_edit_value     0x2000'ec47     0x1  Data  Gb  ui_control.o [1]
setpoint_flag           0x2000'ec49     0x1  Data  Gb  ui_control.o [1]
setpoint_list            0x801'1969   0x140  Code  Gb  ui_control.o [1]
settings                 0x805'83dc    0x10  Data  Gb  compass.o [1]
shadow_blur_corner       0x803'5857   0x20c  Code  Lc  lv_draw_rect.o [1]
shadow_draw_corner_buf   0x803'566d   0x1ea  Code  Lc  lv_draw_rect.o [1]
show_error               0x803'3481    0x3c  Code  Lc  lv_draw_img.o [1]
signalLedsOnTime_s      0x2000'eb30     0x4  Data  Lc  ui_control.o [1]
sin0_90_table            0x805'5f50    0xb8  Data  Lc  lv_math.o [1]
sinf                     0x804'ad2d     0x4  Code  Gb  cos_sin32.o [3]
slider_init              0x802'd105   0x246  Code  Lc  lv_theme_material.o [1]
snprintf                 0x801'7669    0x44  Code  Gb  snprintf.o [2]
softIronMatrix           0x805'78e8    0x24  Data  Gb  compass.o [1]
softReset                0x804'584b    0x1e  Code  Gb  DFRobot_BMX160.o [1]
spiffs_cache_buf        0x2000'c378   0x480  Data  Gb  spi_ffs.o [1]
spiffs_cache_drop_page   0x803'c791    0x22  Code  Gb  spiffs_cache.o [1]
spiffs_cache_fd_release
                         0x803'ca07    0x44  Code  Gb  spiffs_cache.o [1]
spiffs_cache_init        0x803'ca4b    0xc4  Code  Gb  spiffs_cache.o [1]
spiffs_cache_page_allocate
                         0x803'c749    0x48  Code  Lc  spiffs_cache.o [1]
spiffs_cache_page_allocate_by_fd
                         0x803'c9d9    0x2e  Code  Gb  spiffs_cache.o [1]
spiffs_cache_page_free   0x803'c63f    0x7c  Code  Lc  spiffs_cache.o [1]
spiffs_cache_page_get    0x803'c5f1    0x4e  Code  Lc  spiffs_cache.o [1]
spiffs_cache_page_get_by_fd
                         0x803'c993    0x46  Code  Gb  spiffs_cache.o [1]
spiffs_cache_page_remove_oldest
                         0x803'c6bb    0x8e  Code  Lc  spiffs_cache.o [1]
spiffs_cb_object_event   0x803'd9c1   0x1ca  Code  Gb  spiffs_nucleus.o [1]
spiffs_erase_block       0x803'ced7    0x78  Code  Gb  spiffs_nucleus.o [1]
spiffs_fd_find_new       0x803'f5ed   0x122  Code  Gb  spiffs_nucleus.o [1]
spiffs_fd_get            0x803'f753    0x3e  Code  Gb  spiffs_nucleus.o [1]
spiffs_fd_return         0x803'f70f    0x44  Code  Gb  spiffs_nucleus.o [1]
spiffs_fds              0x2000'de74    0x80  Data  Gb  spi_ffs.o [1]
spiffs_fflush_cache      0x802'73a9    0x88  Code  Lc  spiffs_hydrogen.o [1]
spiffs_flash_init        0x804'538f     0xc  Code  Gb  spi_ffs.o [1]
spiffs_gc_check          0x804'3dfb   0x140  Code  Gb  spiffs_gc.o [1]
spiffs_gc_clean          0x804'4213   0x55c  Code  Gb  spiffs_gc.o [1]
spiffs_gc_erase_block    0x804'3c89    0x3e  Code  Lc  spiffs_gc.o [1]
spiffs_gc_erase_page_stats
                         0x804'3f3b    0xb0  Code  Gb  spiffs_gc.o [1]
spiffs_gc_find_candidate
                         0x804'3feb   0x228  Code  Gb  spiffs_gc.o [1]
spiffs_gc_quick          0x804'3cc7   0x134  Code  Gb  spiffs_gc.o [1]
spiffs_hash              0x803'f5c1    0x2c  Code  Lc  spiffs_nucleus.o [1]
spiffs_hydro_read        0x802'6e57   0x11c  Code  Lc  spiffs_hydrogen.o [1]
spiffs_hydro_write       0x802'6f99    0x82  Code  Lc  spiffs_hydrogen.o [1]
spiffs_obj_lu_find_entry_visitor
                         0x803'cd01   0x1d6  Code  Gb  spiffs_nucleus.o [1]
spiffs_obj_lu_find_free
                         0x803'd083    0x82  Code  Gb  spiffs_nucleus.o [1]
spiffs_obj_lu_find_free_obj_id
                         0x803'f3b5   0x200  Code  Gb  spiffs_nucleus.o [1]
spiffs_obj_lu_find_free_obj_id_bitmap_v
                         0x803'f20b    0xda  Code  Lc  spiffs_nucleus.o [1]
spiffs_obj_lu_find_free_obj_id_compact_v
                         0x803'f2e5    0xca  Code  Lc  spiffs_nucleus.o [1]
spiffs_obj_lu_find_id    0x803'd105    0x46  Code  Gb  spiffs_nucleus.o [1]
spiffs_obj_lu_find_id_and_span
                         0x803'd1ed    0x74  Code  Gb  spiffs_nucleus.o [1]
spiffs_obj_lu_find_id_and_span_v
                         0x803'd14b    0xa2  Code  Lc  spiffs_nucleus.o [1]
spiffs_obj_lu_scan       0x803'cf89    0xfa  Code  Gb  spiffs_nucleus.o [1]
spiffs_obj_lu_scan_v     0x803'cf4f    0x3a  Code  Lc  spiffs_nucleus.o [1]
spiffs_object_append     0x803'dc85   0x69a  Code  Gb  spiffs_nucleus.o [1]
spiffs_object_create     0x803'd737   0x132  Code  Gb  spiffs_nucleus.o [1]
spiffs_object_find_object_index_header_by_name
                         0x803'e931    0x64  Code  Gb  spiffs_nucleus.o [1]
spiffs_object_find_object_index_header_by_name_v
                         0x803'e893    0x9e  Code  Lc  spiffs_nucleus.o [1]
spiffs_object_modify     0x803'e331   0x562  Code  Gb  spiffs_nucleus.o [1]
spiffs_object_open_by_page
                         0x803'db8b    0xf4  Code  Gb  spiffs_nucleus.o [1]
spiffs_object_read       0x803'ef8d   0x27e  Code  Gb  spiffs_nucleus.o [1]
spiffs_object_truncate   0x803'e999   0x5e2  Code  Gb  spiffs_nucleus.o [1]
spiffs_object_update_index_hdr
                         0x803'd869   0x13e  Code  Gb  spiffs_nucleus.o [1]
spiffs_page_allocate_data
                         0x803'd3e5   0x156  Code  Gb  spiffs_nucleus.o [1]
spiffs_page_data_check   0x803'cb11    0xb6  Code  Lc  spiffs_nucleus.o [1]
spiffs_page_delete       0x803'd6a5    0x92  Code  Gb  spiffs_nucleus.o [1]
spiffs_page_index_check
                         0x803'cbc7    0xc2  Code  Lc  spiffs_nucleus.o [1]
spiffs_page_move         0x803'd53b   0x16a  Code  Gb  spiffs_nucleus.o [1]
spiffs_phys_cpy          0x803'cc89    0x78  Code  Gb  spiffs_nucleus.o [1]
spiffs_phys_rd           0x803'c7b3   0x11e  Code  Gb  spiffs_cache.o [1]
spiffs_phys_wr           0x803'c8d1    0xc2  Code  Gb  spiffs_cache.o [1]
spiffs_update_ix_map     0x803'd261   0x14c  Code  Lc  spiffs_nucleus.o [1]
spiffs_work_buf         0x2000'cff0   0x200  Data  Gb  spi_ffs.o [1]
spinbox_init             0x802'e56f    0xae  Code  Lc  lv_theme_material.o [1]
spinner_init             0x802'd789     0x2  Code  Lc  lv_theme_material.o [1]
splash_widget_posY       0x805'8a8c     0xc  Data  Gb  ui_splash.o [1]
sprintf                  0x801'70d1    0x40  Code  Gb  sprintf.o [2]
sqrt_approx              0x803'76bd    0x32  Code  Lc  lv_draw_mask.o [1]
std_calib_confirm        0x801'2b3d   0x1c8  Code  Gb  ui_control.o [1]
strchr                   0x803'c109          Code  Gb  strchr.o [4]
strcmp                   0x804'2a31          Code  Gb  strcmp.o [4]
strcpy                   0x803'a449          Code  Gb  strcpy.o [4]
strlen                   0x803'9519          Code  Gb  strlen.o [4]
strncpy                  0x804'4791          Code  Gb  strncpy.o [4]
style_prop_is_cacheble   0x802'0661    0x7a  Code  Lc  lv_obj.o [1]
style_resize             0x802'1de5    0x22  Code  Lc  lv_style.o [1]
style_snapshot           0x802'0bfd   0x206  Code  Lc  lv_obj.o [1]
style_snapshot_compare   0x802'0e03   0x194  Code  Lc  lv_obj.o [1]
styles                  0x2000'eac4     0x4  Data  Lc  lv_theme_material.o [1]
sum_mag                 0x2000'ea38     0x4  Data  Gb  compass.o [1]
surfacePressure_mbar    0x2000'036e     0x2  Data  Lc  ms5837.o [1]
switch_init              0x802'd369   0x112  Code  Lc  lv_theme_material.o [1]
sys_tick                0x2000'e9c4     0x4  Data  Lc  button_process.o [1]
sys_time                0x2000'ea84     0x4  Data  Lc  lv_hal_tick.o [1]
systemStatus            0x2000'0118    0x6c  Data  Gb  main_process.o [1]
table_init               0x802'ee29   0x228  Code  Lc  lv_theme_material.o [1]
tabview_init             0x802'ee25     0x2  Code  Lc  lv_theme_material.o [1]
tabview_win_shared_init
                         0x802'f07d   0x4e0  Code  Lc  lv_theme_material.o [1]
task_created            0x2000'ec2c     0x1  Data  Lc  lv_task.o [1]
task_deleted            0x2000'ec2a     0x1  Data  Lc  lv_task.o [1]
task_list_changed       0x2000'ec2b     0x1  Data  Lc  lv_task.o [1]
temp_buffer             0x2000'ec0c     0x2  Data  Gb  ms5837.o [1]
temp_char_blink         0x2000'ec57     0x1  Data  Gb  ui_dialog.o [1]
textarea_init            0x802'e485    0xea  Code  Lc  lv_theme_material.o [1]
theme                   0x2000'e628    0x28  Data  Lc  lv_theme_material.o [1]
theme_apply              0x802'f689   0x8e2  Code  Lc  lv_theme_material.o [1]
tick_irq_flag           0x2000'ec26     0x1  Data  Lc  lv_hal_tick.o [1]
tileview_init            0x802'ee27     0x2  Code  Lc  lv_theme_material.o [1]
time_getSettings         0x801'b001    0x44  Code  Gb  main_process.o [1]
time_saveSettings        0x801'afd3    0x2e  Code  Gb  main_process.o [1]
timeout                 0x2000'ec4b     0x1  Data  Gb  ui_control.o [1]
times_blink_dialog      0x2000'ec56     0x1  Data  Gb  ui_dialog.o [1]
times_blink_main        0x2000'ec59     0x1  Data  Gb  ui_main.o [1]
times_blink_menu        0x2000'ec5a     0x1  Data  Gb  ui_menu.o [1]
trans_anim_cb            0x802'0425   0x11c  Code  Lc  lv_obj.o [1]
trans_anim_ready_cb      0x802'05c7    0x7a  Code  Lc  lv_obj.o [1]
trans_anim_start_cb      0x802'0541    0x86  Code  Lc  lv_obj.o [1]
trans_create             0x801'ffcf   0x3c8  Code  Lc  lv_obj.o [1]
trans_del                0x802'0397    0x8e  Code  Lc  lv_obj.o [1]
ttio_guard              0x2000'ec5b     0x1  Data  Lc  XShttio.o [2]
txPacket                0x2000'df74    0x74  Data  Gb  diva_process.o [1]
type_select             0x2000'ec46     0x1  Data  Gb  ui_control.o [1]
ui_compass              0x2000'e5a8    0x2c  Data  Gb  ui_compass.o [1]
ui_compass_button        0x801'9cdd    0xe0  Code  Gb  ui_compass.o [1]
ui_compass_button::style_compass_button
                        0x2000'eb20     0x4  Data  Lc  ui_compass.o [1]
ui_compass_config        0x801'9cd9     0x2  Code  Gb  ui_compass.o [1]
ui_compass_header        0x801'968d   0x4d4  Code  Gb  ui_compass.o [1]
ui_compass_header::style_compass_header
                        0x2000'eb14     0x4  Data  Lc  ui_compass.o [1]
ui_compass_sensor        0x801'9b65   0x172  Code  Gb  ui_compass.o [1]
ui_compass_sensor::style_compass_sensor
                        0x2000'eb18     0x4  Data  Lc  ui_compass.o [1]
ui_compass_sensor::style_compass_sensor_BG
                        0x2000'eb1c     0x4  Data  Lc  ui_compass.o [1]
ui_compass_system        0x801'9cdb     0x2  Code  Gb  ui_compass.o [1]
ui_compass_time          0x801'9cd7     0x2  Code  Gb  ui_compass.o [1]
ui_convert_setpoint      0x801'7245    0x76  Code  Gb  ui_func_com.o [1]
ui_convert_to_compass    0x801'7169    0x84  Code  Gb  ui_func_com.o [1]
ui_convert_to_diagnotics_sensor
                         0x801'71ed    0x58  Code  Gb  ui_func_com.o [1]
ui_convert_to_dive_time
                         0x801'7523   0x13c  Code  Gb  ui_func_com.o [1]
ui_convert_to_diving_time
                         0x801'73f7   0x12c  Code  Gb  ui_func_com.o [1]
ui_convert_to_int3       0x801'72bb   0x13c  Code  Gb  ui_func_com.o [1]
ui_convert_to_sensor     0x801'7111    0x58  Code  Gb  ui_func_com.o [1]
ui_diagnotics           0x2000'e54c    0x30  Data  Gb  ui_diagnotics.o [1]
ui_diagnotics_button     0x801'939d    0x7a  Code  Gb  ui_diagnotics.o [1]
ui_diagnotics_button::style_diagnotics_button
                        0x2000'eb44     0x4  Data  Lc  ui_diagnotics.o [1]
ui_diagnotics_config     0x801'9399     0x2  Code  Gb  ui_diagnotics.o [1]
ui_diagnotics_header     0x801'8d1d   0x322  Code  Gb  ui_diagnotics.o [1]
ui_diagnotics_header::style_diagnotics_header
                        0x2000'eb38     0x4  Data  Lc  ui_diagnotics.o [1]
ui_diagnotics_sensor     0x801'903f   0x358  Code  Gb  ui_diagnotics.o [1]
ui_diagnotics_sensor::style_diagnotics_sensor
                        0x2000'eb3c     0x4  Data  Lc  ui_diagnotics.o [1]
ui_diagnotics_sensor::style_diagnotics_sensor_BG
                        0x2000'eb40     0x4  Data  Lc  ui_diagnotics.o [1]
ui_diagnotics_system     0x801'939b     0x2  Code  Gb  ui_diagnotics.o [1]
ui_diagnotics_time       0x801'9397     0x2  Code  Gb  ui_diagnotics.o [1]
ui_dialog               0x2000'd9c0    0xa4  Data  Gb  ui_dialog.o [1]
ui_dialog_border         0x801'84db    0x5a  Code  Gb  ui_dialog.o [1]
ui_dialog_border::style_bt_border
                        0x2000'eb64     0x4  Data  Lc  ui_dialog.o [1]
ui_dialog_button         0x801'87e7    0xea  Code  Gb  ui_dialog.o [1]
ui_dialog_button::style_dialog_button
                        0x2000'eb7c     0x4  Data  Lc  ui_dialog.o [1]
ui_dialog_header_context
                         0x801'8535    0xf2  Code  Gb  ui_dialog.o [1]
ui_dialog_header_context::style_dialog_text
                        0x2000'eb68     0x4  Data  Lc  ui_dialog.o [1]
ui_dialog_preview_text   0x801'86fb    0xec  Code  Gb  ui_dialog.o [1]
ui_dialog_preview_text::line_points_dialog
                        0x2000'019c    0x14  Data  Lc  ui_dialog.o [1]
ui_dialog_preview_text::style_dialog_line
                        0x2000'eb78     0x4  Data  Lc  ui_dialog.o [1]
ui_dialog_preview_text::style_dialog_preview_text
                        0x2000'eb74     0x4  Data  Lc  ui_dialog.o [1]
ui_dialog_text_input     0x801'8627    0xd4  Code  Gb  ui_dialog.o [1]
ui_dialog_text_input::style_dialog_text_input
                        0x2000'eb6c     0x4  Data  Lc  ui_dialog.o [1]
ui_dialog_text_input::style_dialog_text_input_BG
                        0x2000'eb70     0x4  Data  Lc  ui_dialog.o [1]
ui_main                 0x2000'e180    0x5c  Data  Gb  ui_main.o [1]
ui_main_button           0x801'6595   0x112  Code  Gb  ui_main.o [1]
ui_main_button::style_main_button
                        0x2000'eba4     0x4  Data  Lc  ui_main.o [1]
ui_main_config           0x801'6293   0x1cc  Code  Gb  ui_main.o [1]
ui_main_config::style_main_config
                        0x2000'eb9c     0x4  Data  Lc  ui_main.o [1]
ui_main_config::style_main_sensor_BG
                        0x2000'eb98     0x4  Data  Lc  ui_main.o [1]
ui_main_header           0x801'5c7b   0x2be  Code  Gb  ui_main.o [1]
ui_main_header::line_points_main
                        0x2000'01b0    0x24  Data  Lc  ui_main.o [1]
ui_main_header::style_main_header
                        0x2000'eb84     0x4  Data  Lc  ui_main.o [1]
ui_main_header::style_main_line
                        0x2000'eb88     0x4  Data  Lc  ui_main.o [1]
ui_main_sensor           0x801'5f39   0x254  Code  Gb  ui_main.o [1]
ui_main_sensor::img_arrow_down
                        0x2000'01e0     0xc  Data  Lc  ui_main.o [1]
ui_main_sensor::img_arrow_up
                        0x2000'01d4     0xc  Data  Lc  ui_main.o [1]
ui_main_sensor::style_main_sensor
                        0x2000'eb8c     0x4  Data  Lc  ui_main.o [1]
ui_main_sensor::style_main_sensor_BG
                        0x2000'eb90     0x4  Data  Lc  ui_main.o [1]
ui_main_system           0x801'6469   0x12c  Code  Gb  ui_main.o [1]
ui_main_system::style_main_system
                        0x2000'eba0     0x4  Data  Lc  ui_main.o [1]
ui_main_time             0x801'618d   0x106  Code  Gb  ui_main.o [1]
ui_main_time::style_main_time
                        0x2000'eb94     0x4  Data  Lc  ui_main.o [1]
ui_menu                 0x2000'c7f8   0x398  Data  Gb  ui_menu.o [1]
ui_menu_button           0x801'7c5d    0xea  Code  Gb  ui_menu.o [1]
ui_menu_button::style_button
                        0x2000'ebcc     0x4  Data  Lc  ui_menu.o [1]
ui_menu_header           0x801'779f    0xfc  Code  Gb  ui_menu.o [1]
ui_menu_header::line_points_menu
                        0x2000'01ec    0x24  Data  Lc  ui_menu.o [1]
ui_menu_header::style_menu_header
                        0x2000'ebb8     0x4  Data  Lc  ui_menu.o [1]
ui_menu_header::style_menu_line
                        0x2000'ebb4     0x4  Data  Lc  ui_menu.o [1]
ui_menu_listview         0x801'7a8f   0x1ce  Code  Gb  ui_menu.o [1]
ui_menu_listview::style_menu_list
                        0x2000'ebc4     0x4  Data  Lc  ui_menu.o [1]
ui_menu_listview::style_menu_list_BG
                        0x2000'ebc8     0x4  Data  Lc  ui_menu.o [1]
ui_menu_sensor           0x801'789b   0x1f4  Code  Gb  ui_menu.o [1]
ui_menu_sensor::img_arrow_down
                        0x2000'021c     0xc  Data  Lc  ui_menu.o [1]
ui_menu_sensor::img_arrow_up
                        0x2000'0210     0xc  Data  Lc  ui_menu.o [1]
ui_menu_sensor::style_menu_sensor
                        0x2000'ebbc     0x4  Data  Lc  ui_menu.o [1]
ui_menu_sensor::style_menu_sensor_BG
                        0x2000'ebc0     0x4  Data  Lc  ui_menu.o [1]
ui_menu_set_focus_listview
                         0x801'7d47   0x192  Code  Gb  ui_menu.o [1]
ui_menu_update_value_listview
                         0x801'7ed9    0xa8  Code  Gb  ui_menu.o [1]
ui_show_hide_text_input
                         0x801'88d1    0x66  Code  Gb  ui_dialog.o [1]
ui_splash_image          0x804'55cd    0x3a  Code  Gb  ui_splash.o [1]
ui_splash_image::img_logo_marine
                        0x2000'0228     0xc  Data  Lc  ui_splash.o [1]
ui_splash_text           0x804'54e1    0xec  Code  Gb  ui_splash.o [1]
ui_splash_text::style_splash_context
                        0x2000'ebec     0x4  Data  Lc  ui_splash.o [1]
ui_splash_text::style_splash_header
                        0x2000'ebe8     0x4  Data  Lc  ui_splash.o [1]
ui_splash_version        0x804'5607    0x7c  Code  Gb  ui_splash.o [1]
ui_splash_version::style_splash_version
                        0x2000'ebf0     0x4  Data  Lc  ui_splash.o [1]
unicode_list_1           0x805'65d4    0x78  Data  Lc  lv_font_montserrat_16.o [1]
unicode_list_1           0x805'664c    0x78  Data  Lc  lv_font_montserrat_18.o [1]
unicode_list_1           0x805'66c4    0x78  Data  Lc  lv_font_montserrat_30.o [1]
unicode_list_compare     0x804'2a29     0x8  Code  Lc  lv_font_fmt_txt.o [1]
updateDivaDecoState      0x804'63dd    0xbc  Code  Lc  diva_process.o [1]
updateFracO2             0x801'32a9    0x5e  Code  Lc  ui_control.o [1]
updateTimeToSurface     0x2000'ec31     0x1  Data  Lc  main_process.o [1]
updateTissue             0x802'6749    0xca  Code  Lc  deco.o [1]
updateTissuesPeriod     0x2000'ec30     0x1  Data  Lc  main_process.o [1]
update_setname           0x801'31cd    0x44  Code  Gb  ui_control.o [1]
update_style_cache       0x802'06db   0x388  Code  Lc  lv_obj.o [1]
update_style_cache_children
                         0x802'0a71   0x106  Code  Lc  lv_obj.o [1]
update_timetosurface     0x801'acb9    0x56  Code  Lc  main_process.o [1]
update_tissues           0x801'ac27    0x8c  Code  Lc  main_process.o [1]
uwTick                  0x2000'eb0c     0x4  Data  Gb  stm32l4xx_hal.o [1]
uwTickFreq              0x2000'0374     0x1  Data  Gb  stm32l4xx_hal.o [1]
uwTickPrio              0x2000'0194     0x4  Data  Gb  stm32l4xx_hal.o [1]
veml7700_cfg            0x2000'ebf4     0x4  Data  Gb  veml7700.o [1]
veml7700_cmd            0x2000'ec16     0x2  Data  Gb  veml7700.o [1]
volt_calculate           0x801'b475    0x2a  Code  Gb  adc_process.o [1]
vp_crc16                 0x802'69f5    0x38  Code  Gb  crc16.o [1]
wakeup_flag             0x2000'ec19     0x1  Data  Gb  button_process.o [1]
win_init                 0x802'f079     0x2  Code  Lc  lv_theme_material.o [1]
work_mem                0x2000'ea9c     0x4  Data  Lc  lv_mem.o [1]
writeBmxReg              0x804'5acb    0x18  Code  Gb  DFRobot_BMX160.o [1]
writeReg                 0x804'5ae3    0x42  Code  Gb  DFRobot_BMX160.o [1]
year                    0x2000'ec53     0x1  Data  Gb  ui_control.o [1]
zero_mem                0x2000'eaa0     0x4  Data  Lc  lv_mem.o [1]


[1] = D:\2.upwork\84.TigerShark\Code\tigershark_rev42\EWARM\TigerShark_REV42\Obj
[2] = dl7M_tlf.a
[3] = m7M_tls.a
[4] = rt7M_tl.a
[5] = shb_l.a

  244'331 bytes of readonly  code memory
  120'496 bytes of readonly  data memory
   65'663 bytes of readwrite data memory

Errors: none
Warnings: none
